# oc3dplus-equivalence-goldens v1
# build=e6d0e2e fixture=all-foreground records=15
# Immutable. Never regenerate a golden to make a diff disappear.
[record fixture=all-foreground case=A config=default]
note=
config.threshold=100
config.minSize=1
config.maxSize=Infinity
config.excludeOnEdges=false
config.redirect=false
config.maps=false
config.fractal=false
config.composites=false
config.arborization=false
config.filters=
sweep=FULL
input.dims=8x8x4
input.bitDepth=8
input.channels=1
input.frames=1
input.calibration=pixel 1.0/1.0/1.0
outcome=ok
objectCount=1
foundObjects=true
survivingPerFilter=
filterLabels=
warnings.count=0
stats.rowCount=1
label.dims=8x8x4
label.present=true
label.bitDepth=8
label.digest=16a03e44086709b98fc56d5e432147d969b8b4697469902d64fa41240da5179f
label.partition=f48356b420eef56cd1fe7555ff0de03f6afb8f12b778c603eb1289feb953cb29
label.distinct=1
label.dense=true
label.max=1
label.rle=1:256
summary=all-foreground: 1 objects detected (Size filter set to 1-Infinity voxels, threshold set to: 100). Morphology means: Size=256, Volume=256, Surface area=256, Sphericity=0.999, Compactness=0.998, Elongation=2.049, Mean intensity=200, Max intensity=200, Max Feret diameter=9.899.
stats.columns=Volume (pixel^3)|Surface (pixel^2)|Nb of obj. voxels|Nb of surf. voxels|IntDen|Mean|StdDev|Median|Min|Max|X|Y|Z|XM|YM|ZM|BX|BY|BZ|B-width|B-height|B-depth|Label|Morph_Sphericity|Morph_Compactness|Morph_Elongation|Morph_Feret3D_um
stats.row.0=256.0|256.0|256.0|184.0|51200.0|200.0|0.0|200.0|200.0|200.0|3.5|3.5|1.5|3.5|3.5|1.5|0.0|0.0|0.0|8.0|8.0|4.0|1.0|0.9994911106994754|0.9984741088716013|2.04939015319192|9.899494936611664
[record fixture=all-foreground case=A config=thr-all-foreground]
note=
config.threshold=0
config.minSize=1
config.maxSize=Infinity
config.excludeOnEdges=false
config.redirect=false
config.maps=false
config.fractal=false
config.composites=false
config.arborization=false
config.filters=
sweep=FULL
input.dims=8x8x4
input.bitDepth=8
input.channels=1
input.frames=1
input.calibration=pixel 1.0/1.0/1.0
outcome=ok
objectCount=1
foundObjects=true
survivingPerFilter=
filterLabels=
warnings.count=0
stats.rowCount=1
label.dims=8x8x4
label.present=true
label.bitDepth=8
label.digest=16a03e44086709b98fc56d5e432147d969b8b4697469902d64fa41240da5179f
label.partition=f48356b420eef56cd1fe7555ff0de03f6afb8f12b778c603eb1289feb953cb29
label.distinct=1
label.dense=true
label.max=1
label.rle=1:256
summary=all-foreground: 1 objects detected (Size filter set to 1-Infinity voxels, threshold set to: 0). Morphology means: Size=256, Volume=256, Surface area=256, Sphericity=0.999, Compactness=0.998, Elongation=2.049, Mean intensity=200, Max intensity=200, Max Feret diameter=9.899.
stats.columns=Volume (pixel^3)|Surface (pixel^2)|Nb of obj. voxels|Nb of surf. voxels|IntDen|Mean|StdDev|Median|Min|Max|X|Y|Z|XM|YM|ZM|BX|BY|BZ|B-width|B-height|B-depth|Label|Morph_Sphericity|Morph_Compactness|Morph_Elongation|Morph_Feret3D_um
stats.row.0=256.0|256.0|256.0|184.0|51200.0|200.0|0.0|200.0|200.0|200.0|3.5|3.5|1.5|3.5|3.5|1.5|0.0|0.0|0.0|8.0|8.0|4.0|1.0|0.9994911106994754|0.9984741088716013|2.04939015319192|9.899494936611664
[record fixture=all-foreground case=A config=thr-empty]
note=
config.threshold=201
config.minSize=1
config.maxSize=Infinity
config.excludeOnEdges=false
config.redirect=false
config.maps=false
config.fractal=false
config.composites=false
config.arborization=false
config.filters=
sweep=FULL
input.dims=8x8x4
input.bitDepth=8
input.channels=1
input.frames=1
input.calibration=pixel 1.0/1.0/1.0
outcome=ok
objectCount=0
foundObjects=false
survivingPerFilter=
filterLabels=
warnings.count=0
stats.rowCount=0
label.dims=8x8x4
label.present=true
label.bitDepth=8
label.digest=de3f8a308adae7890762900f27b762b406c50d7b1f47c8f7572947772e7affb0
label.partition=146bf43e0fddb6546d6ed35d60174a593e2b37be34504f98ffce6be525a04c4a
label.distinct=0
label.dense=true
label.max=0
label.rle=0:256
summary=all-foreground: 0 objects detected (Size filter set to 1-Infinity voxels, threshold set to: 201).
stats.columns=Volume (pixel^3)|Surface (pixel^2)|Nb of obj. voxels|Nb of surf. voxels|IntDen|Mean|StdDev|Min|Max|X|Y|Z|XM|YM|ZM|Morph_Sphericity|Morph_Compactness|Morph_Elongation|Morph_Feret3D_um|BX|BY|BZ|B-width|B-height|B-depth|Label
[record fixture=all-foreground case=A config=edges-on]
note=
config.threshold=100
config.minSize=1
config.maxSize=Infinity
config.excludeOnEdges=true
config.redirect=false
config.maps=false
config.fractal=false
config.composites=false
config.arborization=false
config.filters=
sweep=FULL
input.dims=8x8x4
input.bitDepth=8
input.channels=1
input.frames=1
input.calibration=pixel 1.0/1.0/1.0
outcome=ok
objectCount=0
foundObjects=false
survivingPerFilter=
filterLabels=
warnings.count=0
stats.rowCount=0
label.dims=8x8x4
label.present=true
label.bitDepth=8
label.digest=de3f8a308adae7890762900f27b762b406c50d7b1f47c8f7572947772e7affb0
label.partition=146bf43e0fddb6546d6ed35d60174a593e2b37be34504f98ffce6be525a04c4a
label.distinct=0
label.dense=true
label.max=0
label.rle=0:256
summary=all-foreground: 0 objects detected (Size filter set to 1-Infinity voxels, threshold set to: 100).
stats.columns=Volume (pixel^3)|Surface (pixel^2)|Nb of obj. voxels|Nb of surf. voxels|IntDen|Mean|StdDev|Min|Max|X|Y|Z|XM|YM|ZM|Morph_Sphericity|Morph_Compactness|Morph_Elongation|Morph_Feret3D_um|BX|BY|BZ|B-width|B-height|B-depth|Label
[record fixture=all-foreground case=A config=minsize-8]
note=
config.threshold=100
config.minSize=8
config.maxSize=Infinity
config.excludeOnEdges=false
config.redirect=false
config.maps=false
config.fractal=false
config.composites=false
config.arborization=false
config.filters=
sweep=FULL
input.dims=8x8x4
input.bitDepth=8
input.channels=1
input.frames=1
input.calibration=pixel 1.0/1.0/1.0
outcome=ok
objectCount=1
foundObjects=true
survivingPerFilter=
filterLabels=
warnings.count=0
stats.rowCount=1
label.dims=8x8x4
label.present=true
label.bitDepth=8
label.digest=16a03e44086709b98fc56d5e432147d969b8b4697469902d64fa41240da5179f
label.partition=f48356b420eef56cd1fe7555ff0de03f6afb8f12b778c603eb1289feb953cb29
label.distinct=1
label.dense=true
label.max=1
label.rle=1:256
summary=all-foreground: 1 objects detected (Size filter set to 8-Infinity voxels, threshold set to: 100). Morphology means: Size=256, Volume=256, Surface area=256, Sphericity=0.999, Compactness=0.998, Elongation=2.049, Mean intensity=200, Max intensity=200, Max Feret diameter=9.899.
stats.columns=Volume (pixel^3)|Surface (pixel^2)|Nb of obj. voxels|Nb of surf. voxels|IntDen|Mean|StdDev|Median|Min|Max|X|Y|Z|XM|YM|ZM|BX|BY|BZ|B-width|B-height|B-depth|Label|Morph_Sphericity|Morph_Compactness|Morph_Elongation|Morph_Feret3D_um
stats.row.0=256.0|256.0|256.0|184.0|51200.0|200.0|0.0|200.0|200.0|200.0|3.5|3.5|1.5|3.5|3.5|1.5|0.0|0.0|0.0|8.0|8.0|4.0|1.0|0.9994911106994754|0.9984741088716013|2.04939015319192|9.899494936611664
[record fixture=all-foreground case=A config=maxsize-30]
note=
config.threshold=100
config.minSize=1
config.maxSize=30
config.excludeOnEdges=false
config.redirect=false
config.maps=false
config.fractal=false
config.composites=false
config.arborization=false
config.filters=
sweep=FULL
input.dims=8x8x4
input.bitDepth=8
input.channels=1
input.frames=1
input.calibration=pixel 1.0/1.0/1.0
outcome=ok
objectCount=0
foundObjects=false
survivingPerFilter=
filterLabels=
warnings.count=0
stats.rowCount=0
label.dims=8x8x4
label.present=true
label.bitDepth=8
label.digest=de3f8a308adae7890762900f27b762b406c50d7b1f47c8f7572947772e7affb0
label.partition=146bf43e0fddb6546d6ed35d60174a593e2b37be34504f98ffce6be525a04c4a
label.distinct=0
label.dense=true
label.max=0
label.rle=0:256
summary=all-foreground: 0 objects detected (Size filter set to 1-30 voxels, threshold set to: 100).
stats.columns=Volume (pixel^3)|Surface (pixel^2)|Nb of obj. voxels|Nb of surf. voxels|IntDen|Mean|StdDev|Min|Max|X|Y|Z|XM|YM|ZM|Morph_Sphericity|Morph_Compactness|Morph_Elongation|Morph_Feret3D_um|BX|BY|BZ|B-width|B-height|B-depth|Label
[record fixture=all-foreground case=A config=size-window-8-100]
note=
config.threshold=100
config.minSize=8
config.maxSize=100
config.excludeOnEdges=false
config.redirect=false
config.maps=false
config.fractal=false
config.composites=false
config.arborization=false
config.filters=
sweep=FULL
input.dims=8x8x4
input.bitDepth=8
input.channels=1
input.frames=1
input.calibration=pixel 1.0/1.0/1.0
outcome=ok
objectCount=0
foundObjects=false
survivingPerFilter=
filterLabels=
warnings.count=0
stats.rowCount=0
label.dims=8x8x4
label.present=true
label.bitDepth=8
label.digest=de3f8a308adae7890762900f27b762b406c50d7b1f47c8f7572947772e7affb0
label.partition=146bf43e0fddb6546d6ed35d60174a593e2b37be34504f98ffce6be525a04c4a
label.distinct=0
label.dense=true
label.max=0
label.rle=0:256
summary=all-foreground: 0 objects detected (Size filter set to 8-100 voxels, threshold set to: 100).
stats.columns=Volume (pixel^3)|Surface (pixel^2)|Nb of obj. voxels|Nb of surf. voxels|IntDen|Mean|StdDev|Min|Max|X|Y|Z|XM|YM|ZM|Morph_Sphericity|Morph_Compactness|Morph_Elongation|Morph_Feret3D_um|BX|BY|BZ|B-width|B-height|B-depth|Label
[record fixture=all-foreground case=A config=redirect-on]
note=
config.threshold=100
config.minSize=1
config.maxSize=Infinity
config.excludeOnEdges=false
config.redirect=true
config.maps=false
config.fractal=false
config.composites=false
config.arborization=false
config.filters=
sweep=FULL
input.dims=8x8x4
input.bitDepth=8
input.channels=1
input.frames=1
input.calibration=pixel 1.0/1.0/1.0
outcome=ok
objectCount=1
foundObjects=true
survivingPerFilter=
filterLabels=
warnings.count=0
stats.rowCount=1
label.dims=8x8x4
label.present=true
label.bitDepth=8
label.digest=16a03e44086709b98fc56d5e432147d969b8b4697469902d64fa41240da5179f
label.partition=f48356b420eef56cd1fe7555ff0de03f6afb8f12b778c603eb1289feb953cb29
label.distinct=1
label.dense=true
label.max=1
label.rle=1:256
summary=all-foreground: 1 objects detected (Size filter set to 1-Infinity voxels, threshold set to: 100). Morphology means: Size=256, Volume=256, Surface area=256, Sphericity=0.999, Compactness=0.998, Elongation=2.049, Mean intensity=118.5, Max intensity=232, Max Feret diameter=9.899.
stats.columns=Volume (pixel^3)|Surface (pixel^2)|Nb of obj. voxels|Nb of surf. voxels|IntDen|Mean|StdDev|Median|Min|Max|X|Y|Z|XM|YM|ZM|BX|BY|BZ|B-width|B-height|B-depth|Label|Morph_Sphericity|Morph_Compactness|Morph_Elongation|Morph_Feret3D_um
stats.row.0=256.0|256.0|256.0|184.0|30336.0|118.5|46.85883054451957|200.0|5.0|232.0|3.5|3.5|1.5|3.810126582278481|4.075949367088608|1.8059071729957805|0.0|0.0|0.0|8.0|8.0|4.0|1.0|0.9994911106994754|0.9984741088716013|2.04939015319192|9.899494936611664
[record fixture=all-foreground case=A config=maps-on]
note=
config.threshold=100
config.minSize=1
config.maxSize=Infinity
config.excludeOnEdges=false
config.redirect=false
config.maps=true
config.fractal=false
config.composites=false
config.arborization=false
config.filters=
sweep=FULL
input.dims=8x8x4
input.bitDepth=8
input.channels=1
input.frames=1
input.calibration=pixel 1.0/1.0/1.0
outcome=ok
objectCount=1
foundObjects=true
survivingPerFilter=
filterLabels=
warnings.count=0
stats.rowCount=1
label.dims=8x8x4
label.present=true
label.bitDepth=8
label.digest=16a03e44086709b98fc56d5e432147d969b8b4697469902d64fa41240da5179f
label.partition=f48356b420eef56cd1fe7555ff0de03f6afb8f12b778c603eb1289feb953cb29
label.distinct=1
label.dense=true
label.max=1
label.rle=1:256
summary=all-foreground: 1 objects detected (Size filter set to 1-Infinity voxels, threshold set to: 100). Morphology means: Size=256, Volume=256, Surface area=256, Sphericity=0.999, Compactness=0.998, Elongation=2.049, Mean intensity=200, Max intensity=200, Max Feret diameter=9.899.
maps.built=true
map.objects.dims=8x8x4
map.objects.pixels=8cb50e16aaa394d91df0ceea76d0b0106817f274e0d5743c567d3ce805c4783b
map.objects.partition=f48356b420eef56cd1fe7555ff0de03f6afb8f12b778c603eb1289feb953cb29
map.objects.overlay=1:067380b519bc42444bcf8cec424d156b241f59196aa3c518df7521ce78948307
map.objects.overlaySkipped=null
map.surfaces.dims=8x8x4
map.surfaces.pixels=fb8dd31a0704cdda68546563e1ff6f2f7eed86170cf7dd1eb4f82b19524a6d39
map.surfaces.partition=bb563c9cb3d1ea69fc36a3083b017368b3926b3a613f49330f77a4d9924911cb
map.surfaces.overlay=1:067380b519bc42444bcf8cec424d156b241f59196aa3c518df7521ce78948307
map.surfaces.overlaySkipped=null
map.centroids.dims=8x8x4
map.centroids.pixels=34e60615149d9dc84700ee6cceec7f5e829f26070fc24a1530c7cedb462703c0
map.centroids.partition=7d8168129adda73712c7176ee177d009bcd8fdb029369f0d4875a05ff5565b06
map.centroids.overlay=1:067380b519bc42444bcf8cec424d156b241f59196aa3c518df7521ce78948307
map.centroids.overlaySkipped=null
map.centersOfMass.dims=8x8x4
map.centersOfMass.pixels=34e60615149d9dc84700ee6cceec7f5e829f26070fc24a1530c7cedb462703c0
map.centersOfMass.partition=7d8168129adda73712c7176ee177d009bcd8fdb029369f0d4875a05ff5565b06
map.centersOfMass.overlay=1:067380b519bc42444bcf8cec424d156b241f59196aa3c518df7521ce78948307
map.centersOfMass.overlaySkipped=null
stats.columns=Volume (pixel^3)|Surface (pixel^2)|Nb of obj. voxels|Nb of surf. voxels|IntDen|Mean|StdDev|Median|Min|Max|X|Y|Z|XM|YM|ZM|BX|BY|BZ|B-width|B-height|B-depth|Label|Morph_Sphericity|Morph_Compactness|Morph_Elongation|Morph_Feret3D_um
stats.row.0=256.0|256.0|256.0|184.0|51200.0|200.0|0.0|200.0|200.0|200.0|3.5|3.5|1.5|3.5|3.5|1.5|0.0|0.0|0.0|8.0|8.0|4.0|1.0|0.9994911106994754|0.9984741088716013|2.04939015319192|9.899494936611664
[record fixture=all-foreground case=A config=filter-volume]
note=
config.threshold=100
config.minSize=1
config.maxSize=Infinity
config.excludeOnEdges=false
config.redirect=false
config.maps=false
config.fractal=false
config.composites=false
config.arborization=false
config.filters=volume>=8.0
sweep=FULL
input.dims=8x8x4
input.bitDepth=8
input.channels=1
input.frames=1
input.calibration=pixel 1.0/1.0/1.0
outcome=ok
objectCount=1
foundObjects=true
survivingPerFilter=1
filterLabels=volume>=8.0
warnings.count=0
stats.rowCount=1
label.dims=8x8x4
label.present=true
label.bitDepth=8
label.digest=16a03e44086709b98fc56d5e432147d969b8b4697469902d64fa41240da5179f
label.partition=f48356b420eef56cd1fe7555ff0de03f6afb8f12b778c603eb1289feb953cb29
label.distinct=1
label.dense=true
label.max=1
label.rle=1:256
summary=all-foreground: 1 objects detected (Size filter set to 1-Infinity voxels, threshold set to: 100). Morphology means: Size=256, Volume=256, Surface area=256, Sphericity=0.999, Compactness=0.998, Elongation=2.049, Mean intensity=200, Max intensity=200, Max Feret diameter=9.899.
stats.columns=Volume (pixel^3)|Surface (pixel^2)|Nb of obj. voxels|Nb of surf. voxels|IntDen|Mean|StdDev|Median|Min|Max|X|Y|Z|XM|YM|ZM|BX|BY|BZ|B-width|B-height|B-depth|Label|Morph_Sphericity|Morph_Compactness|Morph_Elongation|Morph_Feret3D_um
stats.row.0=256.0|256.0|256.0|184.0|51200.0|200.0|0.0|200.0|200.0|200.0|3.5|3.5|1.5|3.5|3.5|1.5|0.0|0.0|0.0|8.0|8.0|4.0|1.0|0.9994911106994754|0.9984741088716013|2.04939015319192|9.899494936611664
[record fixture=all-foreground case=A config=filter-shape]
note=
config.threshold=100
config.minSize=1
config.maxSize=Infinity
config.excludeOnEdges=false
config.redirect=false
config.maps=false
config.fractal=false
config.composites=false
config.arborization=false
config.filters=sphericity>=0.0 compactness>=0.0 elongation>=1.0 feret_diameter_max>=0.0
sweep=FULL
input.dims=8x8x4
input.bitDepth=8
input.channels=1
input.frames=1
input.calibration=pixel 1.0/1.0/1.0
outcome=ok
objectCount=1
foundObjects=true
survivingPerFilter=1,1,1,1
filterLabels=sphericity>=0.0 compactness>=0.0 elongation>=1.0 feret_diameter_max>=0.0
warnings.count=0
stats.rowCount=1
label.dims=8x8x4
label.present=true
label.bitDepth=8
label.digest=16a03e44086709b98fc56d5e432147d969b8b4697469902d64fa41240da5179f
label.partition=f48356b420eef56cd1fe7555ff0de03f6afb8f12b778c603eb1289feb953cb29
label.distinct=1
label.dense=true
label.max=1
label.rle=1:256
summary=all-foreground: 1 objects detected (Size filter set to 1-Infinity voxels, threshold set to: 100). Morphology means: Size=256, Volume=256, Surface area=256, Sphericity=0.999, Compactness=0.998, Elongation=2.049, Mean intensity=200, Max intensity=200, Max Feret diameter=9.899.
stats.columns=Volume (pixel^3)|Surface (pixel^2)|Nb of obj. voxels|Nb of surf. voxels|IntDen|Mean|StdDev|Median|Min|Max|X|Y|Z|XM|YM|ZM|BX|BY|BZ|B-width|B-height|B-depth|Label|Morph_Sphericity|Morph_Compactness|Morph_Elongation|Morph_Feret3D_um
stats.row.0=256.0|256.0|256.0|184.0|51200.0|200.0|0.0|200.0|200.0|200.0|3.5|3.5|1.5|3.5|3.5|1.5|0.0|0.0|0.0|8.0|8.0|4.0|1.0|0.9994911106994754|0.9984741088716013|2.04939015319192|9.899494936611664
[record fixture=all-foreground case=A config=ext-fractal]
note=
config.threshold=100
config.minSize=1
config.maxSize=Infinity
config.excludeOnEdges=false
config.redirect=false
config.maps=false
config.fractal=true
config.composites=false
config.arborization=false
config.filters=
sweep=FULL
input.dims=8x8x4
input.bitDepth=8
input.channels=1
input.frames=1
input.calibration=pixel 1.0/1.0/1.0
outcome=ok
objectCount=1
foundObjects=true
survivingPerFilter=
filterLabels=
warnings.count=0
stats.rowCount=1
label.dims=8x8x4
label.present=true
label.bitDepth=8
label.digest=16a03e44086709b98fc56d5e432147d969b8b4697469902d64fa41240da5179f
label.partition=f48356b420eef56cd1fe7555ff0de03f6afb8f12b778c603eb1289feb953cb29
label.distinct=1
label.dense=true
label.max=1
label.rle=1:256
summary=all-foreground: 1 objects detected (Size filter set to 1-Infinity voxels, threshold set to: 100). Morphology means: Size=256, Volume=256, Surface area=256, Sphericity=0.999, Compactness=0.998, Elongation=2.049, Mean intensity=200, Max intensity=200, Max Feret diameter=9.899.
stats.columns=Volume (pixel^3)|Surface (pixel^2)|Nb of obj. voxels|Nb of surf. voxels|IntDen|Mean|StdDev|Median|Min|Max|X|Y|Z|XM|YM|ZM|BX|BY|BZ|B-width|B-height|B-depth|Label|Morph_Sphericity|Morph_Compactness|Morph_Elongation|Morph_Feret3D_um|Morph_FractalDim_XY|Morph_FractalDim_XY_R2|Morph_LacunarityMean_XY|Morph_LacunaritySpread_XY
stats.row.0=256.0|256.0|256.0|184.0|51200.0|200.0|0.0|200.0|200.0|200.0|3.5|3.5|1.5|3.5|3.5|1.5|0.0|0.0|0.0|8.0|8.0|4.0|1.0|0.9994911106994754|0.9984741088716013|2.04939015319192|9.899494936611664|2.0|1.0|1.5149125629733207|0.4887878412718554
[record fixture=all-foreground case=A config=ext-composites]
note=
config.threshold=100
config.minSize=1
config.maxSize=Infinity
config.excludeOnEdges=false
config.redirect=false
config.maps=false
config.fractal=false
config.composites=true
config.arborization=false
config.filters=
sweep=FULL
input.dims=8x8x4
input.bitDepth=8
input.channels=1
input.frames=1
input.calibration=pixel 1.0/1.0/1.0
outcome=ok
objectCount=1
foundObjects=true
survivingPerFilter=
filterLabels=
warnings.count=0
stats.rowCount=1
label.dims=8x8x4
label.present=true
label.bitDepth=8
label.digest=16a03e44086709b98fc56d5e432147d969b8b4697469902d64fa41240da5179f
label.partition=f48356b420eef56cd1fe7555ff0de03f6afb8f12b778c603eb1289feb953cb29
label.distinct=1
label.dense=true
label.max=1
label.rle=1:256
summary=all-foreground: 1 objects detected (Size filter set to 1-Infinity voxels, threshold set to: 100). Morphology means: Size=256, Volume=256, Surface area=256, Sphericity=0.999, Compactness=0.998, Elongation=2.049, Mean intensity=200, Max intensity=200, Max Feret diameter=9.899.
stats.columns=Volume (pixel^3)|Surface (pixel^2)|Nb of obj. voxels|Nb of surf. voxels|IntDen|Mean|StdDev|Median|Min|Max|X|Y|Z|XM|YM|ZM|BX|BY|BZ|B-width|B-height|B-depth|Label|Morph_Sphericity|Morph_Compactness|Morph_Elongation|Morph_Feret3D_um|Morph_RI|Morph_SRI|Morph_PB|Morph_MP|Morph_VSD
stats.row.0=256.0|256.0|256.0|184.0|51200.0|200.0|0.0|200.0|200.0|200.0|3.5|3.5|1.5|3.5|3.5|1.5|0.0|0.0|0.0|8.0|8.0|4.0|1.0|0.9994911106994754|0.9984741088716013|2.04939015319192|9.899494936611664|1.000509148400698|0.24319147159927607|0.06871621870799516|0.0|0.635835701215965
[record fixture=all-foreground case=A config=ext-arborization]
note=
config.threshold=100
config.minSize=1
config.maxSize=Infinity
config.excludeOnEdges=false
config.redirect=false
config.maps=false
config.fractal=false
config.composites=false
config.arborization=true
config.filters=
sweep=FULL
input.dims=8x8x4
input.bitDepth=8
input.channels=1
input.frames=1
input.calibration=pixel 1.0/1.0/1.0
outcome=ok
objectCount=1
foundObjects=true
survivingPerFilter=
filterLabels=
warnings.count=1
warnings.0=Warning: arborization measurements were unavailable: Fiji Skeletonize3D was not available or did not produce a usable skeleton. The internal thinning implementation is disabled until its numerical parity with Fiji has been certified.
stats.rowCount=1
label.dims=8x8x4
label.present=true
label.bitDepth=8
label.digest=16a03e44086709b98fc56d5e432147d969b8b4697469902d64fa41240da5179f
label.partition=f48356b420eef56cd1fe7555ff0de03f6afb8f12b778c603eb1289feb953cb29
label.distinct=1
label.dense=true
label.max=1
label.rle=1:256
summary=all-foreground: 1 objects detected (Size filter set to 1-Infinity voxels, threshold set to: 100). Morphology means: Size=256, Volume=256, Surface area=256, Sphericity=0.999, Compactness=0.998, Elongation=2.049, Mean intensity=200, Max intensity=200, Max Feret diameter=9.899.
stats.columns=Volume (pixel^3)|Surface (pixel^2)|Nb of obj. voxels|Nb of surf. voxels|IntDen|Mean|StdDev|Median|Min|Max|X|Y|Z|XM|YM|ZM|BX|BY|BZ|B-width|B-height|B-depth|Label|Morph_Sphericity|Morph_Compactness|Morph_Elongation|Morph_Feret3D_um|Morph_ShollCriticalRadius_um|Morph_ShollCriticalIntersections|Morph_ShollSchoenenIndex|Morph_ShollPrimaryBranches|Morph_SkeletonBranches|Morph_SkeletonJunctions|Morph_SkeletonEndpoints|Morph_SkeletonVoxels|Morph_ArborizationBackend
stats.row.0=256.0|256.0|256.0|184.0|51200.0|200.0|0.0|200.0|200.0|200.0|3.5|3.5|1.5|3.5|3.5|1.5|0.0|0.0|0.0|8.0|8.0|4.0|1.0|0.9994911106994754|0.9984741088716013|2.04939015319192|9.899494936611664|NaN|NaN|NaN|NaN|NaN|NaN|NaN|NaN|Unavailable
[record fixture=all-foreground case=A config=ext-all-with-maps]
note=
config.threshold=100
config.minSize=1
config.maxSize=Infinity
config.excludeOnEdges=false
config.redirect=true
config.maps=true
config.fractal=true
config.composites=true
config.arborization=true
config.filters=
sweep=FULL
input.dims=8x8x4
input.bitDepth=8
input.channels=1
input.frames=1
input.calibration=pixel 1.0/1.0/1.0
outcome=ok
objectCount=1
foundObjects=true
survivingPerFilter=
filterLabels=
warnings.count=1
warnings.0=Warning: arborization measurements were unavailable: Fiji Skeletonize3D was not available or did not produce a usable skeleton. The internal thinning implementation is disabled until its numerical parity with Fiji has been certified.
stats.rowCount=1
label.dims=8x8x4
label.present=true
label.bitDepth=8
label.digest=16a03e44086709b98fc56d5e432147d969b8b4697469902d64fa41240da5179f
label.partition=f48356b420eef56cd1fe7555ff0de03f6afb8f12b778c603eb1289feb953cb29
label.distinct=1
label.dense=true
label.max=1
label.rle=1:256
summary=all-foreground: 1 objects detected (Size filter set to 1-Infinity voxels, threshold set to: 100). Morphology means: Size=256, Volume=256, Surface area=256, Sphericity=0.999, Compactness=0.998, Elongation=2.049, Mean intensity=118.5, Max intensity=232, Max Feret diameter=9.899.
maps.built=true
map.objects.dims=8x8x4
map.objects.pixels=8cb50e16aaa394d91df0ceea76d0b0106817f274e0d5743c567d3ce805c4783b
map.objects.partition=f48356b420eef56cd1fe7555ff0de03f6afb8f12b778c603eb1289feb953cb29
map.objects.overlay=1:067380b519bc42444bcf8cec424d156b241f59196aa3c518df7521ce78948307
map.objects.overlaySkipped=null
map.surfaces.dims=8x8x4
map.surfaces.pixels=fb8dd31a0704cdda68546563e1ff6f2f7eed86170cf7dd1eb4f82b19524a6d39
map.surfaces.partition=bb563c9cb3d1ea69fc36a3083b017368b3926b3a613f49330f77a4d9924911cb
map.surfaces.overlay=1:067380b519bc42444bcf8cec424d156b241f59196aa3c518df7521ce78948307
map.surfaces.overlaySkipped=null
map.centroids.dims=8x8x4
map.centroids.pixels=34e60615149d9dc84700ee6cceec7f5e829f26070fc24a1530c7cedb462703c0
map.centroids.partition=7d8168129adda73712c7176ee177d009bcd8fdb029369f0d4875a05ff5565b06
map.centroids.overlay=1:067380b519bc42444bcf8cec424d156b241f59196aa3c518df7521ce78948307
map.centroids.overlaySkipped=null
map.centersOfMass.dims=8x8x4
map.centersOfMass.pixels=34e60615149d9dc84700ee6cceec7f5e829f26070fc24a1530c7cedb462703c0
map.centersOfMass.partition=7d8168129adda73712c7176ee177d009bcd8fdb029369f0d4875a05ff5565b06
map.centersOfMass.overlay=1:067380b519bc42444bcf8cec424d156b241f59196aa3c518df7521ce78948307
map.centersOfMass.overlaySkipped=null
stats.columns=Volume (pixel^3)|Surface (pixel^2)|Nb of obj. voxels|Nb of surf. voxels|IntDen|Mean|StdDev|Median|Min|Max|X|Y|Z|XM|YM|ZM|BX|BY|BZ|B-width|B-height|B-depth|Label|Morph_Sphericity|Morph_Compactness|Morph_Elongation|Morph_Feret3D_um|Morph_FractalDim_XY|Morph_FractalDim_XY_R2|Morph_LacunarityMean_XY|Morph_LacunaritySpread_XY|Morph_RI|Morph_SRI|Morph_PB|Morph_MP|Morph_VSD|Morph_ShollCriticalRadius_um|Morph_ShollCriticalIntersections|Morph_ShollSchoenenIndex|Morph_ShollPrimaryBranches|Morph_SkeletonBranches|Morph_SkeletonJunctions|Morph_SkeletonEndpoints|Morph_SkeletonVoxels|Morph_ArborizationBackend
stats.row.0=256.0|256.0|256.0|184.0|30336.0|118.5|46.85883054451957|200.0|5.0|232.0|3.5|3.5|1.5|3.810126582278481|4.075949367088608|1.8059071729957805|0.0|0.0|0.0|8.0|8.0|4.0|1.0|0.9994911106994754|0.9984741088716013|2.04939015319192|9.899494936611664|2.0|1.0|1.5149125629733207|0.4887878412718554|1.000509148400698|0.24319147159927607|0.06871621870799516|0.0|0.635835701215965|NaN|NaN|NaN|NaN|NaN|NaN|NaN|NaN|Unavailable
