# oc3dplus-equivalence-goldens v1
# build=e6d0e2e fixture=conn-edge records=15
# Immutable. Never regenerate a golden to make a diff disappear.
[record fixture=conn-edge case=A config=default]
note=
config.threshold=100
config.minSize=1
config.maxSize=Infinity
config.excludeOnEdges=false
config.redirect=false
config.maps=false
config.fractal=false
config.composites=false
config.arborization=false
config.filters=
sweep=FULL
input.dims=16x16x8
input.bitDepth=8
input.channels=1
input.frames=1
input.calibration=pixel 1.0/1.0/1.0
outcome=ok
objectCount=1
foundObjects=true
survivingPerFilter=
filterLabels=
warnings.count=0
stats.rowCount=1
label.dims=16x16x8
label.present=true
label.bitDepth=8
label.digest=09b505237fd69e52ae4e2a47c2b42566c12b2adc11e129a0297546f44e93d81b
label.partition=0bb53e31fa3c0d082ab343a034296583e5ff5576647de5babb18aa6f0d708bdb
label.distinct=1
label.dense=true
label.max=1
label.rle=0:546 1:2 0:14 1:2 0:16 1:2 0:14 1:2 0:204 1:2 0:14 1:2 0:16 1:2 0:14 1:2 0:1194
summary=conn-edge: 1 objects detected (Size filter set to 1-Infinity voxels, threshold set to: 100). Morphology means: Size=16, Volume=16, Surface area=48, Sphericity=1.209, Compactness=1.765, Elongation=3, Mean intensity=200, Max intensity=200, Max Feret diameter=4.243.
stats.columns=Volume (pixel^3)|Surface (pixel^2)|Nb of obj. voxels|Nb of surf. voxels|IntDen|Mean|StdDev|Median|Min|Max|X|Y|Z|XM|YM|ZM|BX|BY|BZ|B-width|B-height|B-depth|Label|Morph_Sphericity|Morph_Compactness|Morph_Elongation|Morph_Feret3D_um
stats.row.0=16.0|48.0|16.0|16.0|3200.0|200.0|0.0|200.0|200.0|200.0|3.5|3.5|2.5|3.5|3.5|2.5|2.0|2.0|2.0|4.0|4.0|2.0|1.0|1.2086140768798488|1.7654805796592132|3.000000068825516|4.242640687119285
[record fixture=conn-edge case=A config=thr-all-foreground]
note=
config.threshold=0
config.minSize=1
config.maxSize=Infinity
config.excludeOnEdges=false
config.redirect=false
config.maps=false
config.fractal=false
config.composites=false
config.arborization=false
config.filters=
sweep=FULL
input.dims=16x16x8
input.bitDepth=8
input.channels=1
input.frames=1
input.calibration=pixel 1.0/1.0/1.0
outcome=ok
objectCount=1
foundObjects=true
survivingPerFilter=
filterLabels=
warnings.count=0
stats.rowCount=1
label.dims=16x16x8
label.present=true
label.bitDepth=8
label.digest=09b505237fd69e52ae4e2a47c2b42566c12b2adc11e129a0297546f44e93d81b
label.partition=0bb53e31fa3c0d082ab343a034296583e5ff5576647de5babb18aa6f0d708bdb
label.distinct=1
label.dense=true
label.max=1
label.rle=0:546 1:2 0:14 1:2 0:16 1:2 0:14 1:2 0:204 1:2 0:14 1:2 0:16 1:2 0:14 1:2 0:1194
summary=conn-edge: 1 objects detected (Size filter set to 1-Infinity voxels, threshold set to: 0). Morphology means: Size=16, Volume=16, Surface area=48, Sphericity=1.209, Compactness=1.765, Elongation=3, Mean intensity=200, Max intensity=200, Max Feret diameter=4.243.
stats.columns=Volume (pixel^3)|Surface (pixel^2)|Nb of obj. voxels|Nb of surf. voxels|IntDen|Mean|StdDev|Median|Min|Max|X|Y|Z|XM|YM|ZM|BX|BY|BZ|B-width|B-height|B-depth|Label|Morph_Sphericity|Morph_Compactness|Morph_Elongation|Morph_Feret3D_um
stats.row.0=16.0|48.0|16.0|16.0|3200.0|200.0|0.0|200.0|200.0|200.0|3.5|3.5|2.5|3.5|3.5|2.5|2.0|2.0|2.0|4.0|4.0|2.0|1.0|1.2086140768798488|1.7654805796592132|3.000000068825516|4.242640687119285
[record fixture=conn-edge case=A config=thr-empty]
note=
config.threshold=201
config.minSize=1
config.maxSize=Infinity
config.excludeOnEdges=false
config.redirect=false
config.maps=false
config.fractal=false
config.composites=false
config.arborization=false
config.filters=
sweep=FULL
input.dims=16x16x8
input.bitDepth=8
input.channels=1
input.frames=1
input.calibration=pixel 1.0/1.0/1.0
outcome=ok
objectCount=0
foundObjects=false
survivingPerFilter=
filterLabels=
warnings.count=0
stats.rowCount=0
label.dims=16x16x8
label.present=true
label.bitDepth=8
label.digest=4d611c92b2a22e7bb1eb0c525151364656f6833e178c68146e3d699d99fd9786
label.partition=419cd2c826b51f8ca2d8a18a9df706664b2d7c3ef9c29d33af63843acd1d999c
label.distinct=0
label.dense=true
label.max=0
label.rle=0:2048
summary=conn-edge: 0 objects detected (Size filter set to 1-Infinity voxels, threshold set to: 201).
stats.columns=Volume (pixel^3)|Surface (pixel^2)|Nb of obj. voxels|Nb of surf. voxels|IntDen|Mean|StdDev|Min|Max|X|Y|Z|XM|YM|ZM|Morph_Sphericity|Morph_Compactness|Morph_Elongation|Morph_Feret3D_um|BX|BY|BZ|B-width|B-height|B-depth|Label
[record fixture=conn-edge case=A config=edges-on]
note=
config.threshold=100
config.minSize=1
config.maxSize=Infinity
config.excludeOnEdges=true
config.redirect=false
config.maps=false
config.fractal=false
config.composites=false
config.arborization=false
config.filters=
sweep=FULL
input.dims=16x16x8
input.bitDepth=8
input.channels=1
input.frames=1
input.calibration=pixel 1.0/1.0/1.0
outcome=ok
objectCount=1
foundObjects=true
survivingPerFilter=
filterLabels=
warnings.count=0
stats.rowCount=1
label.dims=16x16x8
label.present=true
label.bitDepth=8
label.digest=09b505237fd69e52ae4e2a47c2b42566c12b2adc11e129a0297546f44e93d81b
label.partition=0bb53e31fa3c0d082ab343a034296583e5ff5576647de5babb18aa6f0d708bdb
label.distinct=1
label.dense=true
label.max=1
label.rle=0:546 1:2 0:14 1:2 0:16 1:2 0:14 1:2 0:204 1:2 0:14 1:2 0:16 1:2 0:14 1:2 0:1194
summary=conn-edge: 1 objects detected (Size filter set to 1-Infinity voxels, threshold set to: 100). Morphology means: Size=16, Volume=16, Surface area=48, Sphericity=1.209, Compactness=1.765, Elongation=3, Mean intensity=200, Max intensity=200, Max Feret diameter=4.243.
stats.columns=Volume (pixel^3)|Surface (pixel^2)|Nb of obj. voxels|Nb of surf. voxels|IntDen|Mean|StdDev|Median|Min|Max|X|Y|Z|XM|YM|ZM|BX|BY|BZ|B-width|B-height|B-depth|Label|Morph_Sphericity|Morph_Compactness|Morph_Elongation|Morph_Feret3D_um
stats.row.0=16.0|48.0|16.0|16.0|3200.0|200.0|0.0|200.0|200.0|200.0|3.5|3.5|2.5|3.5|3.5|2.5|2.0|2.0|2.0|4.0|4.0|2.0|1.0|1.2086140768798488|1.7654805796592132|3.000000068825516|4.242640687119285
[record fixture=conn-edge case=A config=minsize-8]
note=
config.threshold=100
config.minSize=8
config.maxSize=Infinity
config.excludeOnEdges=false
config.redirect=false
config.maps=false
config.fractal=false
config.composites=false
config.arborization=false
config.filters=
sweep=FULL
input.dims=16x16x8
input.bitDepth=8
input.channels=1
input.frames=1
input.calibration=pixel 1.0/1.0/1.0
outcome=ok
objectCount=1
foundObjects=true
survivingPerFilter=
filterLabels=
warnings.count=0
stats.rowCount=1
label.dims=16x16x8
label.present=true
label.bitDepth=8
label.digest=09b505237fd69e52ae4e2a47c2b42566c12b2adc11e129a0297546f44e93d81b
label.partition=0bb53e31fa3c0d082ab343a034296583e5ff5576647de5babb18aa6f0d708bdb
label.distinct=1
label.dense=true
label.max=1
label.rle=0:546 1:2 0:14 1:2 0:16 1:2 0:14 1:2 0:204 1:2 0:14 1:2 0:16 1:2 0:14 1:2 0:1194
summary=conn-edge: 1 objects detected (Size filter set to 8-Infinity voxels, threshold set to: 100). Morphology means: Size=16, Volume=16, Surface area=48, Sphericity=1.209, Compactness=1.765, Elongation=3, Mean intensity=200, Max intensity=200, Max Feret diameter=4.243.
stats.columns=Volume (pixel^3)|Surface (pixel^2)|Nb of obj. voxels|Nb of surf. voxels|IntDen|Mean|StdDev|Median|Min|Max|X|Y|Z|XM|YM|ZM|BX|BY|BZ|B-width|B-height|B-depth|Label|Morph_Sphericity|Morph_Compactness|Morph_Elongation|Morph_Feret3D_um
stats.row.0=16.0|48.0|16.0|16.0|3200.0|200.0|0.0|200.0|200.0|200.0|3.5|3.5|2.5|3.5|3.5|2.5|2.0|2.0|2.0|4.0|4.0|2.0|1.0|1.2086140768798488|1.7654805796592132|3.000000068825516|4.242640687119285
[record fixture=conn-edge case=A config=maxsize-30]
note=
config.threshold=100
config.minSize=1
config.maxSize=30
config.excludeOnEdges=false
config.redirect=false
config.maps=false
config.fractal=false
config.composites=false
config.arborization=false
config.filters=
sweep=FULL
input.dims=16x16x8
input.bitDepth=8
input.channels=1
input.frames=1
input.calibration=pixel 1.0/1.0/1.0
outcome=ok
objectCount=1
foundObjects=true
survivingPerFilter=
filterLabels=
warnings.count=0
stats.rowCount=1
label.dims=16x16x8
label.present=true
label.bitDepth=8
label.digest=09b505237fd69e52ae4e2a47c2b42566c12b2adc11e129a0297546f44e93d81b
label.partition=0bb53e31fa3c0d082ab343a034296583e5ff5576647de5babb18aa6f0d708bdb
label.distinct=1
label.dense=true
label.max=1
label.rle=0:546 1:2 0:14 1:2 0:16 1:2 0:14 1:2 0:204 1:2 0:14 1:2 0:16 1:2 0:14 1:2 0:1194
summary=conn-edge: 1 objects detected (Size filter set to 1-30 voxels, threshold set to: 100). Morphology means: Size=16, Volume=16, Surface area=48, Sphericity=1.209, Compactness=1.765, Elongation=3, Mean intensity=200, Max intensity=200, Max Feret diameter=4.243.
stats.columns=Volume (pixel^3)|Surface (pixel^2)|Nb of obj. voxels|Nb of surf. voxels|IntDen|Mean|StdDev|Median|Min|Max|X|Y|Z|XM|YM|ZM|BX|BY|BZ|B-width|B-height|B-depth|Label|Morph_Sphericity|Morph_Compactness|Morph_Elongation|Morph_Feret3D_um
stats.row.0=16.0|48.0|16.0|16.0|3200.0|200.0|0.0|200.0|200.0|200.0|3.5|3.5|2.5|3.5|3.5|2.5|2.0|2.0|2.0|4.0|4.0|2.0|1.0|1.2086140768798488|1.7654805796592132|3.000000068825516|4.242640687119285
[record fixture=conn-edge case=A config=size-window-8-100]
note=
config.threshold=100
config.minSize=8
config.maxSize=100
config.excludeOnEdges=false
config.redirect=false
config.maps=false
config.fractal=false
config.composites=false
config.arborization=false
config.filters=
sweep=FULL
input.dims=16x16x8
input.bitDepth=8
input.channels=1
input.frames=1
input.calibration=pixel 1.0/1.0/1.0
outcome=ok
objectCount=1
foundObjects=true
survivingPerFilter=
filterLabels=
warnings.count=0
stats.rowCount=1
label.dims=16x16x8
label.present=true
label.bitDepth=8
label.digest=09b505237fd69e52ae4e2a47c2b42566c12b2adc11e129a0297546f44e93d81b
label.partition=0bb53e31fa3c0d082ab343a034296583e5ff5576647de5babb18aa6f0d708bdb
label.distinct=1
label.dense=true
label.max=1
label.rle=0:546 1:2 0:14 1:2 0:16 1:2 0:14 1:2 0:204 1:2 0:14 1:2 0:16 1:2 0:14 1:2 0:1194
summary=conn-edge: 1 objects detected (Size filter set to 8-100 voxels, threshold set to: 100). Morphology means: Size=16, Volume=16, Surface area=48, Sphericity=1.209, Compactness=1.765, Elongation=3, Mean intensity=200, Max intensity=200, Max Feret diameter=4.243.
stats.columns=Volume (pixel^3)|Surface (pixel^2)|Nb of obj. voxels|Nb of surf. voxels|IntDen|Mean|StdDev|Median|Min|Max|X|Y|Z|XM|YM|ZM|BX|BY|BZ|B-width|B-height|B-depth|Label|Morph_Sphericity|Morph_Compactness|Morph_Elongation|Morph_Feret3D_um
stats.row.0=16.0|48.0|16.0|16.0|3200.0|200.0|0.0|200.0|200.0|200.0|3.5|3.5|2.5|3.5|3.5|2.5|2.0|2.0|2.0|4.0|4.0|2.0|1.0|1.2086140768798488|1.7654805796592132|3.000000068825516|4.242640687119285
[record fixture=conn-edge case=A config=redirect-on]
note=
config.threshold=100
config.minSize=1
config.maxSize=Infinity
config.excludeOnEdges=false
config.redirect=true
config.maps=false
config.fractal=false
config.composites=false
config.arborization=false
config.filters=
sweep=FULL
input.dims=16x16x8
input.bitDepth=8
input.channels=1
input.frames=1
input.calibration=pixel 1.0/1.0/1.0
outcome=ok
objectCount=1
foundObjects=true
survivingPerFilter=
filterLabels=
warnings.count=0
stats.rowCount=1
label.dims=16x16x8
label.present=true
label.bitDepth=8
label.digest=09b505237fd69e52ae4e2a47c2b42566c12b2adc11e129a0297546f44e93d81b
label.partition=0bb53e31fa3c0d082ab343a034296583e5ff5576647de5babb18aa6f0d708bdb
label.distinct=1
label.dense=true
label.max=1
label.rle=0:546 1:2 0:14 1:2 0:16 1:2 0:14 1:2 0:204 1:2 0:14 1:2 0:16 1:2 0:14 1:2 0:1194
summary=conn-edge: 1 objects detected (Size filter set to 1-Infinity voxels, threshold set to: 100). Morphology means: Size=16, Volume=16, Surface area=48, Sphericity=1.209, Compactness=1.765, Elongation=3, Mean intensity=147.5, Max intensity=192, Max Feret diameter=4.243.
stats.columns=Volume (pixel^3)|Surface (pixel^2)|Nb of obj. voxels|Nb of surf. voxels|IntDen|Mean|StdDev|Median|Min|Max|X|Y|Z|XM|YM|ZM|BX|BY|BZ|B-width|B-height|B-depth|Label|Morph_Sphericity|Morph_Compactness|Morph_Elongation|Morph_Feret3D_um
stats.row.0=16.0|48.0|16.0|16.0|2360.0|147.5|25.782746168707476|200.0|103.0|192.0|3.5|3.5|2.5|3.647457627118644|3.6576271186440676|2.549152542372881|2.0|2.0|2.0|4.0|4.0|2.0|1.0|1.2086140768798488|1.7654805796592132|3.000000068825516|4.242640687119285
[record fixture=conn-edge case=A config=maps-on]
note=
config.threshold=100
config.minSize=1
config.maxSize=Infinity
config.excludeOnEdges=false
config.redirect=false
config.maps=true
config.fractal=false
config.composites=false
config.arborization=false
config.filters=
sweep=FULL
input.dims=16x16x8
input.bitDepth=8
input.channels=1
input.frames=1
input.calibration=pixel 1.0/1.0/1.0
outcome=ok
objectCount=1
foundObjects=true
survivingPerFilter=
filterLabels=
warnings.count=0
stats.rowCount=1
label.dims=16x16x8
label.present=true
label.bitDepth=8
label.digest=09b505237fd69e52ae4e2a47c2b42566c12b2adc11e129a0297546f44e93d81b
label.partition=0bb53e31fa3c0d082ab343a034296583e5ff5576647de5babb18aa6f0d708bdb
label.distinct=1
label.dense=true
label.max=1
label.rle=0:546 1:2 0:14 1:2 0:16 1:2 0:14 1:2 0:204 1:2 0:14 1:2 0:16 1:2 0:14 1:2 0:1194
summary=conn-edge: 1 objects detected (Size filter set to 1-Infinity voxels, threshold set to: 100). Morphology means: Size=16, Volume=16, Surface area=48, Sphericity=1.209, Compactness=1.765, Elongation=3, Mean intensity=200, Max intensity=200, Max Feret diameter=4.243.
maps.built=true
map.objects.dims=16x16x8
map.objects.pixels=70f4b7be476e82acf573fa810a07672b687e40e98f0cf67eba643f7fc7f81c31
map.objects.partition=0bb53e31fa3c0d082ab343a034296583e5ff5576647de5babb18aa6f0d708bdb
map.objects.overlay=1:a4d07488677c5b31b441c14222245ca93c0362157f2cd36046ddd07e46a4d3a1
map.objects.overlaySkipped=null
map.surfaces.dims=16x16x8
map.surfaces.pixels=70f4b7be476e82acf573fa810a07672b687e40e98f0cf67eba643f7fc7f81c31
map.surfaces.partition=0bb53e31fa3c0d082ab343a034296583e5ff5576647de5babb18aa6f0d708bdb
map.surfaces.overlay=1:a4d07488677c5b31b441c14222245ca93c0362157f2cd36046ddd07e46a4d3a1
map.surfaces.overlaySkipped=null
map.centroids.dims=16x16x8
map.centroids.pixels=e4fdf4c137858b6eebf4a59f9fc939ef7a994392e68a1f023cf5a7e0b29d255d
map.centroids.partition=c356a1d2ac29df0f60e2c610bfb3f276744e8b385016f0fa38d5572372810264
map.centroids.overlay=1:a4d07488677c5b31b441c14222245ca93c0362157f2cd36046ddd07e46a4d3a1
map.centroids.overlaySkipped=null
map.centersOfMass.dims=16x16x8
map.centersOfMass.pixels=e4fdf4c137858b6eebf4a59f9fc939ef7a994392e68a1f023cf5a7e0b29d255d
map.centersOfMass.partition=c356a1d2ac29df0f60e2c610bfb3f276744e8b385016f0fa38d5572372810264
map.centersOfMass.overlay=1:a4d07488677c5b31b441c14222245ca93c0362157f2cd36046ddd07e46a4d3a1
map.centersOfMass.overlaySkipped=null
stats.columns=Volume (pixel^3)|Surface (pixel^2)|Nb of obj. voxels|Nb of surf. voxels|IntDen|Mean|StdDev|Median|Min|Max|X|Y|Z|XM|YM|ZM|BX|BY|BZ|B-width|B-height|B-depth|Label|Morph_Sphericity|Morph_Compactness|Morph_Elongation|Morph_Feret3D_um
stats.row.0=16.0|48.0|16.0|16.0|3200.0|200.0|0.0|200.0|200.0|200.0|3.5|3.5|2.5|3.5|3.5|2.5|2.0|2.0|2.0|4.0|4.0|2.0|1.0|1.2086140768798488|1.7654805796592132|3.000000068825516|4.242640687119285
[record fixture=conn-edge case=A config=filter-volume]
note=
config.threshold=100
config.minSize=1
config.maxSize=Infinity
config.excludeOnEdges=false
config.redirect=false
config.maps=false
config.fractal=false
config.composites=false
config.arborization=false
config.filters=volume>=8.0
sweep=FULL
input.dims=16x16x8
input.bitDepth=8
input.channels=1
input.frames=1
input.calibration=pixel 1.0/1.0/1.0
outcome=ok
objectCount=1
foundObjects=true
survivingPerFilter=1
filterLabels=volume>=8.0
warnings.count=0
stats.rowCount=1
label.dims=16x16x8
label.present=true
label.bitDepth=8
label.digest=09b505237fd69e52ae4e2a47c2b42566c12b2adc11e129a0297546f44e93d81b
label.partition=0bb53e31fa3c0d082ab343a034296583e5ff5576647de5babb18aa6f0d708bdb
label.distinct=1
label.dense=true
label.max=1
label.rle=0:546 1:2 0:14 1:2 0:16 1:2 0:14 1:2 0:204 1:2 0:14 1:2 0:16 1:2 0:14 1:2 0:1194
summary=conn-edge: 1 objects detected (Size filter set to 1-Infinity voxels, threshold set to: 100). Morphology means: Size=16, Volume=16, Surface area=48, Sphericity=1.209, Compactness=1.765, Elongation=3, Mean intensity=200, Max intensity=200, Max Feret diameter=4.243.
stats.columns=Volume (pixel^3)|Surface (pixel^2)|Nb of obj. voxels|Nb of surf. voxels|IntDen|Mean|StdDev|Median|Min|Max|X|Y|Z|XM|YM|ZM|BX|BY|BZ|B-width|B-height|B-depth|Label|Morph_Sphericity|Morph_Compactness|Morph_Elongation|Morph_Feret3D_um
stats.row.0=16.0|48.0|16.0|16.0|3200.0|200.0|0.0|200.0|200.0|200.0|3.5|3.5|2.5|3.5|3.5|2.5|2.0|2.0|2.0|4.0|4.0|2.0|1.0|1.2086140768798488|1.7654805796592132|3.000000068825516|4.242640687119285
[record fixture=conn-edge case=A config=filter-shape]
note=
config.threshold=100
config.minSize=1
config.maxSize=Infinity
config.excludeOnEdges=false
config.redirect=false
config.maps=false
config.fractal=false
config.composites=false
config.arborization=false
config.filters=sphericity>=0.0 compactness>=0.0 elongation>=1.0 feret_diameter_max>=0.0
sweep=FULL
input.dims=16x16x8
input.bitDepth=8
input.channels=1
input.frames=1
input.calibration=pixel 1.0/1.0/1.0
outcome=ok
objectCount=1
foundObjects=true
survivingPerFilter=1,1,1,1
filterLabels=sphericity>=0.0 compactness>=0.0 elongation>=1.0 feret_diameter_max>=0.0
warnings.count=0
stats.rowCount=1
label.dims=16x16x8
label.present=true
label.bitDepth=8
label.digest=09b505237fd69e52ae4e2a47c2b42566c12b2adc11e129a0297546f44e93d81b
label.partition=0bb53e31fa3c0d082ab343a034296583e5ff5576647de5babb18aa6f0d708bdb
label.distinct=1
label.dense=true
label.max=1
label.rle=0:546 1:2 0:14 1:2 0:16 1:2 0:14 1:2 0:204 1:2 0:14 1:2 0:16 1:2 0:14 1:2 0:1194
summary=conn-edge: 1 objects detected (Size filter set to 1-Infinity voxels, threshold set to: 100). Morphology means: Size=16, Volume=16, Surface area=48, Sphericity=1.209, Compactness=1.765, Elongation=3, Mean intensity=200, Max intensity=200, Max Feret diameter=4.243.
stats.columns=Volume (pixel^3)|Surface (pixel^2)|Nb of obj. voxels|Nb of surf. voxels|IntDen|Mean|StdDev|Median|Min|Max|X|Y|Z|XM|YM|ZM|BX|BY|BZ|B-width|B-height|B-depth|Label|Morph_Sphericity|Morph_Compactness|Morph_Elongation|Morph_Feret3D_um
stats.row.0=16.0|48.0|16.0|16.0|3200.0|200.0|0.0|200.0|200.0|200.0|3.5|3.5|2.5|3.5|3.5|2.5|2.0|2.0|2.0|4.0|4.0|2.0|1.0|1.2086140768798488|1.7654805796592132|3.000000068825516|4.242640687119285
[record fixture=conn-edge case=A config=ext-fractal]
note=
config.threshold=100
config.minSize=1
config.maxSize=Infinity
config.excludeOnEdges=false
config.redirect=false
config.maps=false
config.fractal=true
config.composites=false
config.arborization=false
config.filters=
sweep=FULL
input.dims=16x16x8
input.bitDepth=8
input.channels=1
input.frames=1
input.calibration=pixel 1.0/1.0/1.0
outcome=ok
objectCount=1
foundObjects=true
survivingPerFilter=
filterLabels=
warnings.count=0
stats.rowCount=1
label.dims=16x16x8
label.present=true
label.bitDepth=8
label.digest=09b505237fd69e52ae4e2a47c2b42566c12b2adc11e129a0297546f44e93d81b
label.partition=0bb53e31fa3c0d082ab343a034296583e5ff5576647de5babb18aa6f0d708bdb
label.distinct=1
label.dense=true
label.max=1
label.rle=0:546 1:2 0:14 1:2 0:16 1:2 0:14 1:2 0:204 1:2 0:14 1:2 0:16 1:2 0:14 1:2 0:1194
summary=conn-edge: 1 objects detected (Size filter set to 1-Infinity voxels, threshold set to: 100). Morphology means: Size=16, Volume=16, Surface area=48, Sphericity=1.209, Compactness=1.765, Elongation=3, Mean intensity=200, Max intensity=200, Max Feret diameter=4.243.
stats.columns=Volume (pixel^3)|Surface (pixel^2)|Nb of obj. voxels|Nb of surf. voxels|IntDen|Mean|StdDev|Median|Min|Max|X|Y|Z|XM|YM|ZM|BX|BY|BZ|B-width|B-height|B-depth|Label|Morph_Sphericity|Morph_Compactness|Morph_Elongation|Morph_Feret3D_um|Morph_FractalDim_XY|Morph_FractalDim_XY_R2|Morph_LacunarityMean_XY|Morph_LacunaritySpread_XY
stats.row.0=16.0|48.0|16.0|16.0|3200.0|200.0|0.0|200.0|200.0|200.0|3.5|3.5|2.5|3.5|3.5|2.5|2.0|2.0|2.0|4.0|4.0|2.0|1.0|1.2086140768798488|1.7654805796592132|3.000000068825516|4.242640687119285|NaN|NaN|NaN|NaN
[record fixture=conn-edge case=A config=ext-composites]
note=
config.threshold=100
config.minSize=1
config.maxSize=Infinity
config.excludeOnEdges=false
config.redirect=false
config.maps=false
config.fractal=false
config.composites=true
config.arborization=false
config.filters=
sweep=FULL
input.dims=16x16x8
input.bitDepth=8
input.channels=1
input.frames=1
input.calibration=pixel 1.0/1.0/1.0
outcome=ok
objectCount=1
foundObjects=true
survivingPerFilter=
filterLabels=
warnings.count=0
stats.rowCount=1
label.dims=16x16x8
label.present=true
label.bitDepth=8
label.digest=09b505237fd69e52ae4e2a47c2b42566c12b2adc11e129a0297546f44e93d81b
label.partition=0bb53e31fa3c0d082ab343a034296583e5ff5576647de5babb18aa6f0d708bdb
label.distinct=1
label.dense=true
label.max=1
label.rle=0:546 1:2 0:14 1:2 0:16 1:2 0:14 1:2 0:204 1:2 0:14 1:2 0:16 1:2 0:14 1:2 0:1194
summary=conn-edge: 1 objects detected (Size filter set to 1-Infinity voxels, threshold set to: 100). Morphology means: Size=16, Volume=16, Surface area=48, Sphericity=1.209, Compactness=1.765, Elongation=3, Mean intensity=200, Max intensity=200, Max Feret diameter=4.243.
stats.columns=Volume (pixel^3)|Surface (pixel^2)|Nb of obj. voxels|Nb of surf. voxels|IntDen|Mean|StdDev|Median|Min|Max|X|Y|Z|XM|YM|ZM|BX|BY|BZ|B-width|B-height|B-depth|Label|Morph_Sphericity|Morph_Compactness|Morph_Elongation|Morph_Feret3D_um|Morph_RI|Morph_SRI|Morph_PB|Morph_MP|Morph_VSD
stats.row.0=16.0|48.0|16.0|16.0|3200.0|200.0|0.0|200.0|200.0|200.0|3.5|3.5|2.5|3.5|3.5|2.5|2.0|2.0|2.0|4.0|4.0|2.0|1.0|1.2086140768798488|1.7654805796592132|3.000000068825516|4.242640687119285|0.8273939706060633|0.3047281727011956|0.08894394442601372|0.9999999999999998|0.7140104187733188
[record fixture=conn-edge case=A config=ext-arborization]
note=
config.threshold=100
config.minSize=1
config.maxSize=Infinity
config.excludeOnEdges=false
config.redirect=false
config.maps=false
config.fractal=false
config.composites=false
config.arborization=true
config.filters=
sweep=FULL
input.dims=16x16x8
input.bitDepth=8
input.channels=1
input.frames=1
input.calibration=pixel 1.0/1.0/1.0
outcome=ok
objectCount=1
foundObjects=true
survivingPerFilter=
filterLabels=
warnings.count=1
warnings.0=Warning: arborization measurements were unavailable: Fiji Skeletonize3D was not available or did not produce a usable skeleton. The internal thinning implementation is disabled until its numerical parity with Fiji has been certified.
stats.rowCount=1
label.dims=16x16x8
label.present=true
label.bitDepth=8
label.digest=09b505237fd69e52ae4e2a47c2b42566c12b2adc11e129a0297546f44e93d81b
label.partition=0bb53e31fa3c0d082ab343a034296583e5ff5576647de5babb18aa6f0d708bdb
label.distinct=1
label.dense=true
label.max=1
label.rle=0:546 1:2 0:14 1:2 0:16 1:2 0:14 1:2 0:204 1:2 0:14 1:2 0:16 1:2 0:14 1:2 0:1194
summary=conn-edge: 1 objects detected (Size filter set to 1-Infinity voxels, threshold set to: 100). Morphology means: Size=16, Volume=16, Surface area=48, Sphericity=1.209, Compactness=1.765, Elongation=3, Mean intensity=200, Max intensity=200, Max Feret diameter=4.243.
stats.columns=Volume (pixel^3)|Surface (pixel^2)|Nb of obj. voxels|Nb of surf. voxels|IntDen|Mean|StdDev|Median|Min|Max|X|Y|Z|XM|YM|ZM|BX|BY|BZ|B-width|B-height|B-depth|Label|Morph_Sphericity|Morph_Compactness|Morph_Elongation|Morph_Feret3D_um|Morph_ShollCriticalRadius_um|Morph_ShollCriticalIntersections|Morph_ShollSchoenenIndex|Morph_ShollPrimaryBranches|Morph_SkeletonBranches|Morph_SkeletonJunctions|Morph_SkeletonEndpoints|Morph_SkeletonVoxels|Morph_ArborizationBackend
stats.row.0=16.0|48.0|16.0|16.0|3200.0|200.0|0.0|200.0|200.0|200.0|3.5|3.5|2.5|3.5|3.5|2.5|2.0|2.0|2.0|4.0|4.0|2.0|1.0|1.2086140768798488|1.7654805796592132|3.000000068825516|4.242640687119285|NaN|NaN|NaN|NaN|NaN|NaN|NaN|NaN|Unavailable
[record fixture=conn-edge case=A config=ext-all-with-maps]
note=
config.threshold=100
config.minSize=1
config.maxSize=Infinity
config.excludeOnEdges=false
config.redirect=true
config.maps=true
config.fractal=true
config.composites=true
config.arborization=true
config.filters=
sweep=FULL
input.dims=16x16x8
input.bitDepth=8
input.channels=1
input.frames=1
input.calibration=pixel 1.0/1.0/1.0
outcome=ok
objectCount=1
foundObjects=true
survivingPerFilter=
filterLabels=
warnings.count=1
warnings.0=Warning: arborization measurements were unavailable: Fiji Skeletonize3D was not available or did not produce a usable skeleton. The internal thinning implementation is disabled until its numerical parity with Fiji has been certified.
stats.rowCount=1
label.dims=16x16x8
label.present=true
label.bitDepth=8
label.digest=09b505237fd69e52ae4e2a47c2b42566c12b2adc11e129a0297546f44e93d81b
label.partition=0bb53e31fa3c0d082ab343a034296583e5ff5576647de5babb18aa6f0d708bdb
label.distinct=1
label.dense=true
label.max=1
label.rle=0:546 1:2 0:14 1:2 0:16 1:2 0:14 1:2 0:204 1:2 0:14 1:2 0:16 1:2 0:14 1:2 0:1194
summary=conn-edge: 1 objects detected (Size filter set to 1-Infinity voxels, threshold set to: 100). Morphology means: Size=16, Volume=16, Surface area=48, Sphericity=1.209, Compactness=1.765, Elongation=3, Mean intensity=147.5, Max intensity=192, Max Feret diameter=4.243.
maps.built=true
map.objects.dims=16x16x8
map.objects.pixels=70f4b7be476e82acf573fa810a07672b687e40e98f0cf67eba643f7fc7f81c31
map.objects.partition=0bb53e31fa3c0d082ab343a034296583e5ff5576647de5babb18aa6f0d708bdb
map.objects.overlay=1:a4d07488677c5b31b441c14222245ca93c0362157f2cd36046ddd07e46a4d3a1
map.objects.overlaySkipped=null
map.surfaces.dims=16x16x8
map.surfaces.pixels=70f4b7be476e82acf573fa810a07672b687e40e98f0cf67eba643f7fc7f81c31
map.surfaces.partition=0bb53e31fa3c0d082ab343a034296583e5ff5576647de5babb18aa6f0d708bdb
map.surfaces.overlay=1:a4d07488677c5b31b441c14222245ca93c0362157f2cd36046ddd07e46a4d3a1
map.surfaces.overlaySkipped=null
map.centroids.dims=16x16x8
map.centroids.pixels=e4fdf4c137858b6eebf4a59f9fc939ef7a994392e68a1f023cf5a7e0b29d255d
map.centroids.partition=c356a1d2ac29df0f60e2c610bfb3f276744e8b385016f0fa38d5572372810264
map.centroids.overlay=1:a4d07488677c5b31b441c14222245ca93c0362157f2cd36046ddd07e46a4d3a1
map.centroids.overlaySkipped=null
map.centersOfMass.dims=16x16x8
map.centersOfMass.pixels=e4fdf4c137858b6eebf4a59f9fc939ef7a994392e68a1f023cf5a7e0b29d255d
map.centersOfMass.partition=c356a1d2ac29df0f60e2c610bfb3f276744e8b385016f0fa38d5572372810264
map.centersOfMass.overlay=1:a4d07488677c5b31b441c14222245ca93c0362157f2cd36046ddd07e46a4d3a1
map.centersOfMass.overlaySkipped=null
stats.columns=Volume (pixel^3)|Surface (pixel^2)|Nb of obj. voxels|Nb of surf. voxels|IntDen|Mean|StdDev|Median|Min|Max|X|Y|Z|XM|YM|ZM|BX|BY|BZ|B-width|B-height|B-depth|Label|Morph_Sphericity|Morph_Compactness|Morph_Elongation|Morph_Feret3D_um|Morph_FractalDim_XY|Morph_FractalDim_XY_R2|Morph_LacunarityMean_XY|Morph_LacunaritySpread_XY|Morph_RI|Morph_SRI|Morph_PB|Morph_MP|Morph_VSD|Morph_ShollCriticalRadius_um|Morph_ShollCriticalIntersections|Morph_ShollSchoenenIndex|Morph_ShollPrimaryBranches|Morph_SkeletonBranches|Morph_SkeletonJunctions|Morph_SkeletonEndpoints|Morph_SkeletonVoxels|Morph_ArborizationBackend
stats.row.0=16.0|48.0|16.0|16.0|2360.0|147.5|25.782746168707476|200.0|103.0|192.0|3.5|3.5|2.5|3.647457627118644|3.6576271186440676|2.549152542372881|2.0|2.0|2.0|4.0|4.0|2.0|1.0|1.2086140768798488|1.7654805796592132|3.000000068825516|4.242640687119285|NaN|NaN|NaN|NaN|0.8273939706060633|0.3047281727011956|0.08894394442601372|0.9999999999999998|0.7140104187733188|NaN|NaN|NaN|NaN|NaN|NaN|NaN|NaN|Unavailable
