# oc3dplus-equivalence-goldens v1
# build=e6d0e2e fixture=conn-face records=15
# Immutable. Never regenerate a golden to make a diff disappear.
[record fixture=conn-face case=A config=default]
note=
config.threshold=100
config.minSize=1
config.maxSize=Infinity
config.excludeOnEdges=false
config.redirect=false
config.maps=false
config.fractal=false
config.composites=false
config.arborization=false
config.filters=
sweep=FULL
input.dims=16x16x8
input.bitDepth=8
input.channels=1
input.frames=1
input.calibration=pixel 1.0/1.0/1.0
outcome=ok
objectCount=1
foundObjects=true
survivingPerFilter=
filterLabels=
warnings.count=0
stats.rowCount=1
label.dims=16x16x8
label.present=true
label.bitDepth=8
label.digest=fb4863ebe394a44812ed0cd39966d52c1b6306c318ef4a606ad6a6360100dbc7
label.partition=46337b8aa8a5df0441165dc3bf7db87760a43676cae1b219311ea49cf4c27709
label.distinct=1
label.dense=true
label.max=1
label.rle=0:546 1:4 0:12 1:4 0:236 1:4 0:12 1:4 0:1226
summary=conn-face: 1 objects detected (Size filter set to 1-Infinity voxels, threshold set to: 100). Morphology means: Size=16, Volume=16, Surface area=40, Sphericity=1.311, Compactness=2.251, Elongation=2.236, Mean intensity=200, Max intensity=200, Max Feret diameter=3.
stats.columns=Volume (pixel^3)|Surface (pixel^2)|Nb of obj. voxels|Nb of surf. voxels|IntDen|Mean|StdDev|Median|Min|Max|X|Y|Z|XM|YM|ZM|BX|BY|BZ|B-width|B-height|B-depth|Label|Morph_Sphericity|Morph_Compactness|Morph_Elongation|Morph_Feret3D_um
stats.row.0=16.0|40.0|16.0|16.0|3200.0|200.0|0.0|200.0|200.0|200.0|3.5|2.5|2.5|3.5|2.5|2.5|2.0|2.0|2.0|4.0|2.0|2.0|1.0|1.310542401445993|2.250884601727343|2.23606797749979|3.0
[record fixture=conn-face case=A config=thr-all-foreground]
note=
config.threshold=0
config.minSize=1
config.maxSize=Infinity
config.excludeOnEdges=false
config.redirect=false
config.maps=false
config.fractal=false
config.composites=false
config.arborization=false
config.filters=
sweep=FULL
input.dims=16x16x8
input.bitDepth=8
input.channels=1
input.frames=1
input.calibration=pixel 1.0/1.0/1.0
outcome=ok
objectCount=1
foundObjects=true
survivingPerFilter=
filterLabels=
warnings.count=0
stats.rowCount=1
label.dims=16x16x8
label.present=true
label.bitDepth=8
label.digest=fb4863ebe394a44812ed0cd39966d52c1b6306c318ef4a606ad6a6360100dbc7
label.partition=46337b8aa8a5df0441165dc3bf7db87760a43676cae1b219311ea49cf4c27709
label.distinct=1
label.dense=true
label.max=1
label.rle=0:546 1:4 0:12 1:4 0:236 1:4 0:12 1:4 0:1226
summary=conn-face: 1 objects detected (Size filter set to 1-Infinity voxels, threshold set to: 0). Morphology means: Size=16, Volume=16, Surface area=40, Sphericity=1.311, Compactness=2.251, Elongation=2.236, Mean intensity=200, Max intensity=200, Max Feret diameter=3.
stats.columns=Volume (pixel^3)|Surface (pixel^2)|Nb of obj. voxels|Nb of surf. voxels|IntDen|Mean|StdDev|Median|Min|Max|X|Y|Z|XM|YM|ZM|BX|BY|BZ|B-width|B-height|B-depth|Label|Morph_Sphericity|Morph_Compactness|Morph_Elongation|Morph_Feret3D_um
stats.row.0=16.0|40.0|16.0|16.0|3200.0|200.0|0.0|200.0|200.0|200.0|3.5|2.5|2.5|3.5|2.5|2.5|2.0|2.0|2.0|4.0|2.0|2.0|1.0|1.310542401445993|2.250884601727343|2.23606797749979|3.0
[record fixture=conn-face case=A config=thr-empty]
note=
config.threshold=201
config.minSize=1
config.maxSize=Infinity
config.excludeOnEdges=false
config.redirect=false
config.maps=false
config.fractal=false
config.composites=false
config.arborization=false
config.filters=
sweep=FULL
input.dims=16x16x8
input.bitDepth=8
input.channels=1
input.frames=1
input.calibration=pixel 1.0/1.0/1.0
outcome=ok
objectCount=0
foundObjects=false
survivingPerFilter=
filterLabels=
warnings.count=0
stats.rowCount=0
label.dims=16x16x8
label.present=true
label.bitDepth=8
label.digest=4d611c92b2a22e7bb1eb0c525151364656f6833e178c68146e3d699d99fd9786
label.partition=419cd2c826b51f8ca2d8a18a9df706664b2d7c3ef9c29d33af63843acd1d999c
label.distinct=0
label.dense=true
label.max=0
label.rle=0:2048
summary=conn-face: 0 objects detected (Size filter set to 1-Infinity voxels, threshold set to: 201).
stats.columns=Volume (pixel^3)|Surface (pixel^2)|Nb of obj. voxels|Nb of surf. voxels|IntDen|Mean|StdDev|Min|Max|X|Y|Z|XM|YM|ZM|Morph_Sphericity|Morph_Compactness|Morph_Elongation|Morph_Feret3D_um|BX|BY|BZ|B-width|B-height|B-depth|Label
[record fixture=conn-face case=A config=edges-on]
note=
config.threshold=100
config.minSize=1
config.maxSize=Infinity
config.excludeOnEdges=true
config.redirect=false
config.maps=false
config.fractal=false
config.composites=false
config.arborization=false
config.filters=
sweep=FULL
input.dims=16x16x8
input.bitDepth=8
input.channels=1
input.frames=1
input.calibration=pixel 1.0/1.0/1.0
outcome=ok
objectCount=1
foundObjects=true
survivingPerFilter=
filterLabels=
warnings.count=0
stats.rowCount=1
label.dims=16x16x8
label.present=true
label.bitDepth=8
label.digest=fb4863ebe394a44812ed0cd39966d52c1b6306c318ef4a606ad6a6360100dbc7
label.partition=46337b8aa8a5df0441165dc3bf7db87760a43676cae1b219311ea49cf4c27709
label.distinct=1
label.dense=true
label.max=1
label.rle=0:546 1:4 0:12 1:4 0:236 1:4 0:12 1:4 0:1226
summary=conn-face: 1 objects detected (Size filter set to 1-Infinity voxels, threshold set to: 100). Morphology means: Size=16, Volume=16, Surface area=40, Sphericity=1.311, Compactness=2.251, Elongation=2.236, Mean intensity=200, Max intensity=200, Max Feret diameter=3.
stats.columns=Volume (pixel^3)|Surface (pixel^2)|Nb of obj. voxels|Nb of surf. voxels|IntDen|Mean|StdDev|Median|Min|Max|X|Y|Z|XM|YM|ZM|BX|BY|BZ|B-width|B-height|B-depth|Label|Morph_Sphericity|Morph_Compactness|Morph_Elongation|Morph_Feret3D_um
stats.row.0=16.0|40.0|16.0|16.0|3200.0|200.0|0.0|200.0|200.0|200.0|3.5|2.5|2.5|3.5|2.5|2.5|2.0|2.0|2.0|4.0|2.0|2.0|1.0|1.310542401445993|2.250884601727343|2.23606797749979|3.0
[record fixture=conn-face case=A config=minsize-8]
note=
config.threshold=100
config.minSize=8
config.maxSize=Infinity
config.excludeOnEdges=false
config.redirect=false
config.maps=false
config.fractal=false
config.composites=false
config.arborization=false
config.filters=
sweep=FULL
input.dims=16x16x8
input.bitDepth=8
input.channels=1
input.frames=1
input.calibration=pixel 1.0/1.0/1.0
outcome=ok
objectCount=1
foundObjects=true
survivingPerFilter=
filterLabels=
warnings.count=0
stats.rowCount=1
label.dims=16x16x8
label.present=true
label.bitDepth=8
label.digest=fb4863ebe394a44812ed0cd39966d52c1b6306c318ef4a606ad6a6360100dbc7
label.partition=46337b8aa8a5df0441165dc3bf7db87760a43676cae1b219311ea49cf4c27709
label.distinct=1
label.dense=true
label.max=1
label.rle=0:546 1:4 0:12 1:4 0:236 1:4 0:12 1:4 0:1226
summary=conn-face: 1 objects detected (Size filter set to 8-Infinity voxels, threshold set to: 100). Morphology means: Size=16, Volume=16, Surface area=40, Sphericity=1.311, Compactness=2.251, Elongation=2.236, Mean intensity=200, Max intensity=200, Max Feret diameter=3.
stats.columns=Volume (pixel^3)|Surface (pixel^2)|Nb of obj. voxels|Nb of surf. voxels|IntDen|Mean|StdDev|Median|Min|Max|X|Y|Z|XM|YM|ZM|BX|BY|BZ|B-width|B-height|B-depth|Label|Morph_Sphericity|Morph_Compactness|Morph_Elongation|Morph_Feret3D_um
stats.row.0=16.0|40.0|16.0|16.0|3200.0|200.0|0.0|200.0|200.0|200.0|3.5|2.5|2.5|3.5|2.5|2.5|2.0|2.0|2.0|4.0|2.0|2.0|1.0|1.310542401445993|2.250884601727343|2.23606797749979|3.0
[record fixture=conn-face case=A config=maxsize-30]
note=
config.threshold=100
config.minSize=1
config.maxSize=30
config.excludeOnEdges=false
config.redirect=false
config.maps=false
config.fractal=false
config.composites=false
config.arborization=false
config.filters=
sweep=FULL
input.dims=16x16x8
input.bitDepth=8
input.channels=1
input.frames=1
input.calibration=pixel 1.0/1.0/1.0
outcome=ok
objectCount=1
foundObjects=true
survivingPerFilter=
filterLabels=
warnings.count=0
stats.rowCount=1
label.dims=16x16x8
label.present=true
label.bitDepth=8
label.digest=fb4863ebe394a44812ed0cd39966d52c1b6306c318ef4a606ad6a6360100dbc7
label.partition=46337b8aa8a5df0441165dc3bf7db87760a43676cae1b219311ea49cf4c27709
label.distinct=1
label.dense=true
label.max=1
label.rle=0:546 1:4 0:12 1:4 0:236 1:4 0:12 1:4 0:1226
summary=conn-face: 1 objects detected (Size filter set to 1-30 voxels, threshold set to: 100). Morphology means: Size=16, Volume=16, Surface area=40, Sphericity=1.311, Compactness=2.251, Elongation=2.236, Mean intensity=200, Max intensity=200, Max Feret diameter=3.
stats.columns=Volume (pixel^3)|Surface (pixel^2)|Nb of obj. voxels|Nb of surf. voxels|IntDen|Mean|StdDev|Median|Min|Max|X|Y|Z|XM|YM|ZM|BX|BY|BZ|B-width|B-height|B-depth|Label|Morph_Sphericity|Morph_Compactness|Morph_Elongation|Morph_Feret3D_um
stats.row.0=16.0|40.0|16.0|16.0|3200.0|200.0|0.0|200.0|200.0|200.0|3.5|2.5|2.5|3.5|2.5|2.5|2.0|2.0|2.0|4.0|2.0|2.0|1.0|1.310542401445993|2.250884601727343|2.23606797749979|3.0
[record fixture=conn-face case=A config=size-window-8-100]
note=
config.threshold=100
config.minSize=8
config.maxSize=100
config.excludeOnEdges=false
config.redirect=false
config.maps=false
config.fractal=false
config.composites=false
config.arborization=false
config.filters=
sweep=FULL
input.dims=16x16x8
input.bitDepth=8
input.channels=1
input.frames=1
input.calibration=pixel 1.0/1.0/1.0
outcome=ok
objectCount=1
foundObjects=true
survivingPerFilter=
filterLabels=
warnings.count=0
stats.rowCount=1
label.dims=16x16x8
label.present=true
label.bitDepth=8
label.digest=fb4863ebe394a44812ed0cd39966d52c1b6306c318ef4a606ad6a6360100dbc7
label.partition=46337b8aa8a5df0441165dc3bf7db87760a43676cae1b219311ea49cf4c27709
label.distinct=1
label.dense=true
label.max=1
label.rle=0:546 1:4 0:12 1:4 0:236 1:4 0:12 1:4 0:1226
summary=conn-face: 1 objects detected (Size filter set to 8-100 voxels, threshold set to: 100). Morphology means: Size=16, Volume=16, Surface area=40, Sphericity=1.311, Compactness=2.251, Elongation=2.236, Mean intensity=200, Max intensity=200, Max Feret diameter=3.
stats.columns=Volume (pixel^3)|Surface (pixel^2)|Nb of obj. voxels|Nb of surf. voxels|IntDen|Mean|StdDev|Median|Min|Max|X|Y|Z|XM|YM|ZM|BX|BY|BZ|B-width|B-height|B-depth|Label|Morph_Sphericity|Morph_Compactness|Morph_Elongation|Morph_Feret3D_um
stats.row.0=16.0|40.0|16.0|16.0|3200.0|200.0|0.0|200.0|200.0|200.0|3.5|2.5|2.5|3.5|2.5|2.5|2.0|2.0|2.0|4.0|2.0|2.0|1.0|1.310542401445993|2.250884601727343|2.23606797749979|3.0
[record fixture=conn-face case=A config=redirect-on]
note=
config.threshold=100
config.minSize=1
config.maxSize=Infinity
config.excludeOnEdges=false
config.redirect=true
config.maps=false
config.fractal=false
config.composites=false
config.arborization=false
config.filters=
sweep=FULL
input.dims=16x16x8
input.bitDepth=8
input.channels=1
input.frames=1
input.calibration=pixel 1.0/1.0/1.0
outcome=ok
objectCount=1
foundObjects=true
survivingPerFilter=
filterLabels=
warnings.count=0
stats.rowCount=1
label.dims=16x16x8
label.present=true
label.bitDepth=8
label.digest=fb4863ebe394a44812ed0cd39966d52c1b6306c318ef4a606ad6a6360100dbc7
label.partition=46337b8aa8a5df0441165dc3bf7db87760a43676cae1b219311ea49cf4c27709
label.distinct=1
label.dense=true
label.max=1
label.rle=0:546 1:4 0:12 1:4 0:236 1:4 0:12 1:4 0:1226
summary=conn-face: 1 objects detected (Size filter set to 1-Infinity voxels, threshold set to: 100). Morphology means: Size=16, Volume=16, Surface area=40, Sphericity=1.311, Compactness=2.251, Elongation=2.236, Mean intensity=134.5, Max intensity=166, Max Feret diameter=3.
stats.columns=Volume (pixel^3)|Surface (pixel^2)|Nb of obj. voxels|Nb of surf. voxels|IntDen|Mean|StdDev|Median|Min|Max|X|Y|Z|XM|YM|ZM|BX|BY|BZ|B-width|B-height|B-depth|Label|Morph_Sphericity|Morph_Compactness|Morph_Elongation|Morph_Feret3D_um
stats.row.0=16.0|40.0|16.0|16.0|2152.0|134.5|17.71298958391835|200.0|103.0|166.0|3.5|2.5|2.5|3.5650557620817844|2.524163568773234|2.553903345724907|2.0|2.0|2.0|4.0|2.0|2.0|1.0|1.310542401445993|2.250884601727343|2.23606797749979|3.0
[record fixture=conn-face case=A config=maps-on]
note=
config.threshold=100
config.minSize=1
config.maxSize=Infinity
config.excludeOnEdges=false
config.redirect=false
config.maps=true
config.fractal=false
config.composites=false
config.arborization=false
config.filters=
sweep=FULL
input.dims=16x16x8
input.bitDepth=8
input.channels=1
input.frames=1
input.calibration=pixel 1.0/1.0/1.0
outcome=ok
objectCount=1
foundObjects=true
survivingPerFilter=
filterLabels=
warnings.count=0
stats.rowCount=1
label.dims=16x16x8
label.present=true
label.bitDepth=8
label.digest=fb4863ebe394a44812ed0cd39966d52c1b6306c318ef4a606ad6a6360100dbc7
label.partition=46337b8aa8a5df0441165dc3bf7db87760a43676cae1b219311ea49cf4c27709
label.distinct=1
label.dense=true
label.max=1
label.rle=0:546 1:4 0:12 1:4 0:236 1:4 0:12 1:4 0:1226
summary=conn-face: 1 objects detected (Size filter set to 1-Infinity voxels, threshold set to: 100). Morphology means: Size=16, Volume=16, Surface area=40, Sphericity=1.311, Compactness=2.251, Elongation=2.236, Mean intensity=200, Max intensity=200, Max Feret diameter=3.
maps.built=true
map.objects.dims=16x16x8
map.objects.pixels=0d894e87f5457f3c3981534fbfe428511819f1d4c47e3c6080d536129df65cba
map.objects.partition=46337b8aa8a5df0441165dc3bf7db87760a43676cae1b219311ea49cf4c27709
map.objects.overlay=1:338abc258f222b67b70697acc022d35d26a50db95df080d51e11c67d7fb60968
map.objects.overlaySkipped=null
map.surfaces.dims=16x16x8
map.surfaces.pixels=0d894e87f5457f3c3981534fbfe428511819f1d4c47e3c6080d536129df65cba
map.surfaces.partition=46337b8aa8a5df0441165dc3bf7db87760a43676cae1b219311ea49cf4c27709
map.surfaces.overlay=1:338abc258f222b67b70697acc022d35d26a50db95df080d51e11c67d7fb60968
map.surfaces.overlaySkipped=null
map.centroids.dims=16x16x8
map.centroids.pixels=6cbe22a8d526e3bc8776b1f92511c0e4637405549b9589c12c4fe04f4ca16a98
map.centroids.partition=098791f68cb82a6f0573d015c35f8592396d80cc0df60263f86d76d1524c4aae
map.centroids.overlay=1:338abc258f222b67b70697acc022d35d26a50db95df080d51e11c67d7fb60968
map.centroids.overlaySkipped=null
map.centersOfMass.dims=16x16x8
map.centersOfMass.pixels=6cbe22a8d526e3bc8776b1f92511c0e4637405549b9589c12c4fe04f4ca16a98
map.centersOfMass.partition=098791f68cb82a6f0573d015c35f8592396d80cc0df60263f86d76d1524c4aae
map.centersOfMass.overlay=1:338abc258f222b67b70697acc022d35d26a50db95df080d51e11c67d7fb60968
map.centersOfMass.overlaySkipped=null
stats.columns=Volume (pixel^3)|Surface (pixel^2)|Nb of obj. voxels|Nb of surf. voxels|IntDen|Mean|StdDev|Median|Min|Max|X|Y|Z|XM|YM|ZM|BX|BY|BZ|B-width|B-height|B-depth|Label|Morph_Sphericity|Morph_Compactness|Morph_Elongation|Morph_Feret3D_um
stats.row.0=16.0|40.0|16.0|16.0|3200.0|200.0|0.0|200.0|200.0|200.0|3.5|2.5|2.5|3.5|2.5|2.5|2.0|2.0|2.0|4.0|2.0|2.0|1.0|1.310542401445993|2.250884601727343|2.23606797749979|3.0
[record fixture=conn-face case=A config=filter-volume]
note=
config.threshold=100
config.minSize=1
config.maxSize=Infinity
config.excludeOnEdges=false
config.redirect=false
config.maps=false
config.fractal=false
config.composites=false
config.arborization=false
config.filters=volume>=8.0
sweep=FULL
input.dims=16x16x8
input.bitDepth=8
input.channels=1
input.frames=1
input.calibration=pixel 1.0/1.0/1.0
outcome=ok
objectCount=1
foundObjects=true
survivingPerFilter=1
filterLabels=volume>=8.0
warnings.count=0
stats.rowCount=1
label.dims=16x16x8
label.present=true
label.bitDepth=8
label.digest=fb4863ebe394a44812ed0cd39966d52c1b6306c318ef4a606ad6a6360100dbc7
label.partition=46337b8aa8a5df0441165dc3bf7db87760a43676cae1b219311ea49cf4c27709
label.distinct=1
label.dense=true
label.max=1
label.rle=0:546 1:4 0:12 1:4 0:236 1:4 0:12 1:4 0:1226
summary=conn-face: 1 objects detected (Size filter set to 1-Infinity voxels, threshold set to: 100). Morphology means: Size=16, Volume=16, Surface area=40, Sphericity=1.311, Compactness=2.251, Elongation=2.236, Mean intensity=200, Max intensity=200, Max Feret diameter=3.
stats.columns=Volume (pixel^3)|Surface (pixel^2)|Nb of obj. voxels|Nb of surf. voxels|IntDen|Mean|StdDev|Median|Min|Max|X|Y|Z|XM|YM|ZM|BX|BY|BZ|B-width|B-height|B-depth|Label|Morph_Sphericity|Morph_Compactness|Morph_Elongation|Morph_Feret3D_um
stats.row.0=16.0|40.0|16.0|16.0|3200.0|200.0|0.0|200.0|200.0|200.0|3.5|2.5|2.5|3.5|2.5|2.5|2.0|2.0|2.0|4.0|2.0|2.0|1.0|1.310542401445993|2.250884601727343|2.23606797749979|3.0
[record fixture=conn-face case=A config=filter-shape]
note=
config.threshold=100
config.minSize=1
config.maxSize=Infinity
config.excludeOnEdges=false
config.redirect=false
config.maps=false
config.fractal=false
config.composites=false
config.arborization=false
config.filters=sphericity>=0.0 compactness>=0.0 elongation>=1.0 feret_diameter_max>=0.0
sweep=FULL
input.dims=16x16x8
input.bitDepth=8
input.channels=1
input.frames=1
input.calibration=pixel 1.0/1.0/1.0
outcome=ok
objectCount=1
foundObjects=true
survivingPerFilter=1,1,1,1
filterLabels=sphericity>=0.0 compactness>=0.0 elongation>=1.0 feret_diameter_max>=0.0
warnings.count=0
stats.rowCount=1
label.dims=16x16x8
label.present=true
label.bitDepth=8
label.digest=fb4863ebe394a44812ed0cd39966d52c1b6306c318ef4a606ad6a6360100dbc7
label.partition=46337b8aa8a5df0441165dc3bf7db87760a43676cae1b219311ea49cf4c27709
label.distinct=1
label.dense=true
label.max=1
label.rle=0:546 1:4 0:12 1:4 0:236 1:4 0:12 1:4 0:1226
summary=conn-face: 1 objects detected (Size filter set to 1-Infinity voxels, threshold set to: 100). Morphology means: Size=16, Volume=16, Surface area=40, Sphericity=1.311, Compactness=2.251, Elongation=2.236, Mean intensity=200, Max intensity=200, Max Feret diameter=3.
stats.columns=Volume (pixel^3)|Surface (pixel^2)|Nb of obj. voxels|Nb of surf. voxels|IntDen|Mean|StdDev|Median|Min|Max|X|Y|Z|XM|YM|ZM|BX|BY|BZ|B-width|B-height|B-depth|Label|Morph_Sphericity|Morph_Compactness|Morph_Elongation|Morph_Feret3D_um
stats.row.0=16.0|40.0|16.0|16.0|3200.0|200.0|0.0|200.0|200.0|200.0|3.5|2.5|2.5|3.5|2.5|2.5|2.0|2.0|2.0|4.0|2.0|2.0|1.0|1.310542401445993|2.250884601727343|2.23606797749979|3.0
[record fixture=conn-face case=A config=ext-fractal]
note=
config.threshold=100
config.minSize=1
config.maxSize=Infinity
config.excludeOnEdges=false
config.redirect=false
config.maps=false
config.fractal=true
config.composites=false
config.arborization=false
config.filters=
sweep=FULL
input.dims=16x16x8
input.bitDepth=8
input.channels=1
input.frames=1
input.calibration=pixel 1.0/1.0/1.0
outcome=ok
objectCount=1
foundObjects=true
survivingPerFilter=
filterLabels=
warnings.count=0
stats.rowCount=1
label.dims=16x16x8
label.present=true
label.bitDepth=8
label.digest=fb4863ebe394a44812ed0cd39966d52c1b6306c318ef4a606ad6a6360100dbc7
label.partition=46337b8aa8a5df0441165dc3bf7db87760a43676cae1b219311ea49cf4c27709
label.distinct=1
label.dense=true
label.max=1
label.rle=0:546 1:4 0:12 1:4 0:236 1:4 0:12 1:4 0:1226
summary=conn-face: 1 objects detected (Size filter set to 1-Infinity voxels, threshold set to: 100). Morphology means: Size=16, Volume=16, Surface area=40, Sphericity=1.311, Compactness=2.251, Elongation=2.236, Mean intensity=200, Max intensity=200, Max Feret diameter=3.
stats.columns=Volume (pixel^3)|Surface (pixel^2)|Nb of obj. voxels|Nb of surf. voxels|IntDen|Mean|StdDev|Median|Min|Max|X|Y|Z|XM|YM|ZM|BX|BY|BZ|B-width|B-height|B-depth|Label|Morph_Sphericity|Morph_Compactness|Morph_Elongation|Morph_Feret3D_um|Morph_FractalDim_XY|Morph_FractalDim_XY_R2|Morph_LacunarityMean_XY|Morph_LacunaritySpread_XY
stats.row.0=16.0|40.0|16.0|16.0|3200.0|200.0|0.0|200.0|200.0|200.0|3.5|2.5|2.5|3.5|2.5|2.5|2.0|2.0|2.0|4.0|2.0|2.0|1.0|1.310542401445993|2.250884601727343|2.23606797749979|3.0|NaN|NaN|NaN|NaN
[record fixture=conn-face case=A config=ext-composites]
note=
config.threshold=100
config.minSize=1
config.maxSize=Infinity
config.excludeOnEdges=false
config.redirect=false
config.maps=false
config.fractal=false
config.composites=true
config.arborization=false
config.filters=
sweep=FULL
input.dims=16x16x8
input.bitDepth=8
input.channels=1
input.frames=1
input.calibration=pixel 1.0/1.0/1.0
outcome=ok
objectCount=1
foundObjects=true
survivingPerFilter=
filterLabels=
warnings.count=0
stats.rowCount=1
label.dims=16x16x8
label.present=true
label.bitDepth=8
label.digest=fb4863ebe394a44812ed0cd39966d52c1b6306c318ef4a606ad6a6360100dbc7
label.partition=46337b8aa8a5df0441165dc3bf7db87760a43676cae1b219311ea49cf4c27709
label.distinct=1
label.dense=true
label.max=1
label.rle=0:546 1:4 0:12 1:4 0:236 1:4 0:12 1:4 0:1226
summary=conn-face: 1 objects detected (Size filter set to 1-Infinity voxels, threshold set to: 100). Morphology means: Size=16, Volume=16, Surface area=40, Sphericity=1.311, Compactness=2.251, Elongation=2.236, Mean intensity=200, Max intensity=200, Max Feret diameter=3.
stats.columns=Volume (pixel^3)|Surface (pixel^2)|Nb of obj. voxels|Nb of surf. voxels|IntDen|Mean|StdDev|Median|Min|Max|X|Y|Z|XM|YM|ZM|BX|BY|BZ|B-width|B-height|B-depth|Label|Morph_Sphericity|Morph_Compactness|Morph_Elongation|Morph_Feret3D_um|Morph_RI|Morph_SRI|Morph_PB|Morph_MP|Morph_VSD
stats.row.0=16.0|40.0|16.0|16.0|3200.0|200.0|0.0|200.0|200.0|200.0|3.5|2.5|2.5|3.5|2.5|2.5|2.0|2.0|2.0|4.0|2.0|2.0|1.0|1.310542401445993|2.250884601727343|2.23606797749979|3.0|0.763042843098129|0.3241525308109963|NaN|1.0|0.3579690450814128
[record fixture=conn-face case=A config=ext-arborization]
note=
config.threshold=100
config.minSize=1
config.maxSize=Infinity
config.excludeOnEdges=false
config.redirect=false
config.maps=false
config.fractal=false
config.composites=false
config.arborization=true
config.filters=
sweep=FULL
input.dims=16x16x8
input.bitDepth=8
input.channels=1
input.frames=1
input.calibration=pixel 1.0/1.0/1.0
outcome=ok
objectCount=1
foundObjects=true
survivingPerFilter=
filterLabels=
warnings.count=1
warnings.0=Warning: arborization measurements were unavailable: Fiji Skeletonize3D was not available or did not produce a usable skeleton. The internal thinning implementation is disabled until its numerical parity with Fiji has been certified.
stats.rowCount=1
label.dims=16x16x8
label.present=true
label.bitDepth=8
label.digest=fb4863ebe394a44812ed0cd39966d52c1b6306c318ef4a606ad6a6360100dbc7
label.partition=46337b8aa8a5df0441165dc3bf7db87760a43676cae1b219311ea49cf4c27709
label.distinct=1
label.dense=true
label.max=1
label.rle=0:546 1:4 0:12 1:4 0:236 1:4 0:12 1:4 0:1226
summary=conn-face: 1 objects detected (Size filter set to 1-Infinity voxels, threshold set to: 100). Morphology means: Size=16, Volume=16, Surface area=40, Sphericity=1.311, Compactness=2.251, Elongation=2.236, Mean intensity=200, Max intensity=200, Max Feret diameter=3.
stats.columns=Volume (pixel^3)|Surface (pixel^2)|Nb of obj. voxels|Nb of surf. voxels|IntDen|Mean|StdDev|Median|Min|Max|X|Y|Z|XM|YM|ZM|BX|BY|BZ|B-width|B-height|B-depth|Label|Morph_Sphericity|Morph_Compactness|Morph_Elongation|Morph_Feret3D_um|Morph_ShollCriticalRadius_um|Morph_ShollCriticalIntersections|Morph_ShollSchoenenIndex|Morph_ShollPrimaryBranches|Morph_SkeletonBranches|Morph_SkeletonJunctions|Morph_SkeletonEndpoints|Morph_SkeletonVoxels|Morph_ArborizationBackend
stats.row.0=16.0|40.0|16.0|16.0|3200.0|200.0|0.0|200.0|200.0|200.0|3.5|2.5|2.5|3.5|2.5|2.5|2.0|2.0|2.0|4.0|2.0|2.0|1.0|1.310542401445993|2.250884601727343|2.23606797749979|3.0|NaN|NaN|NaN|NaN|NaN|NaN|NaN|NaN|Unavailable
[record fixture=conn-face case=A config=ext-all-with-maps]
note=
config.threshold=100
config.minSize=1
config.maxSize=Infinity
config.excludeOnEdges=false
config.redirect=true
config.maps=true
config.fractal=true
config.composites=true
config.arborization=true
config.filters=
sweep=FULL
input.dims=16x16x8
input.bitDepth=8
input.channels=1
input.frames=1
input.calibration=pixel 1.0/1.0/1.0
outcome=ok
objectCount=1
foundObjects=true
survivingPerFilter=
filterLabels=
warnings.count=1
warnings.0=Warning: arborization measurements were unavailable: Fiji Skeletonize3D was not available or did not produce a usable skeleton. The internal thinning implementation is disabled until its numerical parity with Fiji has been certified.
stats.rowCount=1
label.dims=16x16x8
label.present=true
label.bitDepth=8
label.digest=fb4863ebe394a44812ed0cd39966d52c1b6306c318ef4a606ad6a6360100dbc7
label.partition=46337b8aa8a5df0441165dc3bf7db87760a43676cae1b219311ea49cf4c27709
label.distinct=1
label.dense=true
label.max=1
label.rle=0:546 1:4 0:12 1:4 0:236 1:4 0:12 1:4 0:1226
summary=conn-face: 1 objects detected (Size filter set to 1-Infinity voxels, threshold set to: 100). Morphology means: Size=16, Volume=16, Surface area=40, Sphericity=1.311, Compactness=2.251, Elongation=2.236, Mean intensity=134.5, Max intensity=166, Max Feret diameter=3.
maps.built=true
map.objects.dims=16x16x8
map.objects.pixels=0d894e87f5457f3c3981534fbfe428511819f1d4c47e3c6080d536129df65cba
map.objects.partition=46337b8aa8a5df0441165dc3bf7db87760a43676cae1b219311ea49cf4c27709
map.objects.overlay=1:338abc258f222b67b70697acc022d35d26a50db95df080d51e11c67d7fb60968
map.objects.overlaySkipped=null
map.surfaces.dims=16x16x8
map.surfaces.pixels=0d894e87f5457f3c3981534fbfe428511819f1d4c47e3c6080d536129df65cba
map.surfaces.partition=46337b8aa8a5df0441165dc3bf7db87760a43676cae1b219311ea49cf4c27709
map.surfaces.overlay=1:338abc258f222b67b70697acc022d35d26a50db95df080d51e11c67d7fb60968
map.surfaces.overlaySkipped=null
map.centroids.dims=16x16x8
map.centroids.pixels=6cbe22a8d526e3bc8776b1f92511c0e4637405549b9589c12c4fe04f4ca16a98
map.centroids.partition=098791f68cb82a6f0573d015c35f8592396d80cc0df60263f86d76d1524c4aae
map.centroids.overlay=1:338abc258f222b67b70697acc022d35d26a50db95df080d51e11c67d7fb60968
map.centroids.overlaySkipped=null
map.centersOfMass.dims=16x16x8
map.centersOfMass.pixels=6cbe22a8d526e3bc8776b1f92511c0e4637405549b9589c12c4fe04f4ca16a98
map.centersOfMass.partition=098791f68cb82a6f0573d015c35f8592396d80cc0df60263f86d76d1524c4aae
map.centersOfMass.overlay=1:338abc258f222b67b70697acc022d35d26a50db95df080d51e11c67d7fb60968
map.centersOfMass.overlaySkipped=null
stats.columns=Volume (pixel^3)|Surface (pixel^2)|Nb of obj. voxels|Nb of surf. voxels|IntDen|Mean|StdDev|Median|Min|Max|X|Y|Z|XM|YM|ZM|BX|BY|BZ|B-width|B-height|B-depth|Label|Morph_Sphericity|Morph_Compactness|Morph_Elongation|Morph_Feret3D_um|Morph_FractalDim_XY|Morph_FractalDim_XY_R2|Morph_LacunarityMean_XY|Morph_LacunaritySpread_XY|Morph_RI|Morph_SRI|Morph_PB|Morph_MP|Morph_VSD|Morph_ShollCriticalRadius_um|Morph_ShollCriticalIntersections|Morph_ShollSchoenenIndex|Morph_ShollPrimaryBranches|Morph_SkeletonBranches|Morph_SkeletonJunctions|Morph_SkeletonEndpoints|Morph_SkeletonVoxels|Morph_ArborizationBackend
stats.row.0=16.0|40.0|16.0|16.0|2152.0|134.5|17.71298958391835|200.0|103.0|166.0|3.5|2.5|2.5|3.5650557620817844|2.524163568773234|2.553903345724907|2.0|2.0|2.0|4.0|2.0|2.0|1.0|1.310542401445993|2.250884601727343|2.23606797749979|3.0|NaN|NaN|NaN|NaN|0.763042843098129|0.3241525308109963|NaN|1.0|0.3579690450814128|NaN|NaN|NaN|NaN|NaN|NaN|NaN|NaN|Unavailable
