# oc3dplus-equivalence-goldens v1
# build=e6d0e2e fixture=conn-corner records=15
# Immutable. Never regenerate a golden to make a diff disappear.
[record fixture=conn-corner case=A config=default]
note=
config.threshold=100
config.minSize=1
config.maxSize=Infinity
config.excludeOnEdges=false
config.redirect=false
config.maps=false
config.fractal=false
config.composites=false
config.arborization=false
config.filters=
sweep=FULL
input.dims=16x16x8
input.bitDepth=8
input.channels=1
input.frames=1
input.calibration=pixel 1.0/1.0/1.0
outcome=ok
objectCount=1
foundObjects=true
survivingPerFilter=
filterLabels=
warnings.count=0
stats.rowCount=1
label.dims=16x16x8
label.present=true
label.bitDepth=8
label.digest=23c8689d5aa1f424d64a99a65257e2e8c6b521ef24f5c57c544e536cd723b79a
label.partition=dabc0101fe3c8c04d9e207b912497b617c31cc435803298972f673f72ede1b6b
label.distinct=1
label.dense=true
label.max=1
label.rle=0:546 1:2 0:14 1:2 0:238 1:2 0:14 1:2 0:272 1:2 0:14 1:2 0:238 1:2 0:14 1:2 0:682
summary=conn-corner: 1 objects detected (Size filter set to 1-Infinity voxels, threshold set to: 100). Morphology means: Size=16, Volume=16, Surface area=48, Sphericity=1.209, Compactness=1.765, Elongation=3.606, Mean intensity=200, Max intensity=200, Max Feret diameter=5.196.
stats.columns=Volume (pixel^3)|Surface (pixel^2)|Nb of obj. voxels|Nb of surf. voxels|IntDen|Mean|StdDev|Median|Min|Max|X|Y|Z|XM|YM|ZM|BX|BY|BZ|B-width|B-height|B-depth|Label|Morph_Sphericity|Morph_Compactness|Morph_Elongation|Morph_Feret3D_um
stats.row.0=16.0|48.0|16.0|16.0|3200.0|200.0|0.0|200.0|200.0|200.0|3.5|3.5|3.5|3.5|3.5|3.5|2.0|2.0|2.0|4.0|4.0|4.0|1.0|1.2086140768798488|1.7654805796592132|3.6055512754639927|5.196152422706632
[record fixture=conn-corner case=A config=thr-all-foreground]
note=
config.threshold=0
config.minSize=1
config.maxSize=Infinity
config.excludeOnEdges=false
config.redirect=false
config.maps=false
config.fractal=false
config.composites=false
config.arborization=false
config.filters=
sweep=FULL
input.dims=16x16x8
input.bitDepth=8
input.channels=1
input.frames=1
input.calibration=pixel 1.0/1.0/1.0
outcome=ok
objectCount=1
foundObjects=true
survivingPerFilter=
filterLabels=
warnings.count=0
stats.rowCount=1
label.dims=16x16x8
label.present=true
label.bitDepth=8
label.digest=23c8689d5aa1f424d64a99a65257e2e8c6b521ef24f5c57c544e536cd723b79a
label.partition=dabc0101fe3c8c04d9e207b912497b617c31cc435803298972f673f72ede1b6b
label.distinct=1
label.dense=true
label.max=1
label.rle=0:546 1:2 0:14 1:2 0:238 1:2 0:14 1:2 0:272 1:2 0:14 1:2 0:238 1:2 0:14 1:2 0:682
summary=conn-corner: 1 objects detected (Size filter set to 1-Infinity voxels, threshold set to: 0). Morphology means: Size=16, Volume=16, Surface area=48, Sphericity=1.209, Compactness=1.765, Elongation=3.606, Mean intensity=200, Max intensity=200, Max Feret diameter=5.196.
stats.columns=Volume (pixel^3)|Surface (pixel^2)|Nb of obj. voxels|Nb of surf. voxels|IntDen|Mean|StdDev|Median|Min|Max|X|Y|Z|XM|YM|ZM|BX|BY|BZ|B-width|B-height|B-depth|Label|Morph_Sphericity|Morph_Compactness|Morph_Elongation|Morph_Feret3D_um
stats.row.0=16.0|48.0|16.0|16.0|3200.0|200.0|0.0|200.0|200.0|200.0|3.5|3.5|3.5|3.5|3.5|3.5|2.0|2.0|2.0|4.0|4.0|4.0|1.0|1.2086140768798488|1.7654805796592132|3.6055512754639927|5.196152422706632
[record fixture=conn-corner case=A config=thr-empty]
note=
config.threshold=201
config.minSize=1
config.maxSize=Infinity
config.excludeOnEdges=false
config.redirect=false
config.maps=false
config.fractal=false
config.composites=false
config.arborization=false
config.filters=
sweep=FULL
input.dims=16x16x8
input.bitDepth=8
input.channels=1
input.frames=1
input.calibration=pixel 1.0/1.0/1.0
outcome=ok
objectCount=0
foundObjects=false
survivingPerFilter=
filterLabels=
warnings.count=0
stats.rowCount=0
label.dims=16x16x8
label.present=true
label.bitDepth=8
label.digest=4d611c92b2a22e7bb1eb0c525151364656f6833e178c68146e3d699d99fd9786
label.partition=419cd2c826b51f8ca2d8a18a9df706664b2d7c3ef9c29d33af63843acd1d999c
label.distinct=0
label.dense=true
label.max=0
label.rle=0:2048
summary=conn-corner: 0 objects detected (Size filter set to 1-Infinity voxels, threshold set to: 201).
stats.columns=Volume (pixel^3)|Surface (pixel^2)|Nb of obj. voxels|Nb of surf. voxels|IntDen|Mean|StdDev|Min|Max|X|Y|Z|XM|YM|ZM|Morph_Sphericity|Morph_Compactness|Morph_Elongation|Morph_Feret3D_um|BX|BY|BZ|B-width|B-height|B-depth|Label
[record fixture=conn-corner case=A config=edges-on]
note=
config.threshold=100
config.minSize=1
config.maxSize=Infinity
config.excludeOnEdges=true
config.redirect=false
config.maps=false
config.fractal=false
config.composites=false
config.arborization=false
config.filters=
sweep=FULL
input.dims=16x16x8
input.bitDepth=8
input.channels=1
input.frames=1
input.calibration=pixel 1.0/1.0/1.0
outcome=ok
objectCount=1
foundObjects=true
survivingPerFilter=
filterLabels=
warnings.count=0
stats.rowCount=1
label.dims=16x16x8
label.present=true
label.bitDepth=8
label.digest=23c8689d5aa1f424d64a99a65257e2e8c6b521ef24f5c57c544e536cd723b79a
label.partition=dabc0101fe3c8c04d9e207b912497b617c31cc435803298972f673f72ede1b6b
label.distinct=1
label.dense=true
label.max=1
label.rle=0:546 1:2 0:14 1:2 0:238 1:2 0:14 1:2 0:272 1:2 0:14 1:2 0:238 1:2 0:14 1:2 0:682
summary=conn-corner: 1 objects detected (Size filter set to 1-Infinity voxels, threshold set to: 100). Morphology means: Size=16, Volume=16, Surface area=48, Sphericity=1.209, Compactness=1.765, Elongation=3.606, Mean intensity=200, Max intensity=200, Max Feret diameter=5.196.
stats.columns=Volume (pixel^3)|Surface (pixel^2)|Nb of obj. voxels|Nb of surf. voxels|IntDen|Mean|StdDev|Median|Min|Max|X|Y|Z|XM|YM|ZM|BX|BY|BZ|B-width|B-height|B-depth|Label|Morph_Sphericity|Morph_Compactness|Morph_Elongation|Morph_Feret3D_um
stats.row.0=16.0|48.0|16.0|16.0|3200.0|200.0|0.0|200.0|200.0|200.0|3.5|3.5|3.5|3.5|3.5|3.5|2.0|2.0|2.0|4.0|4.0|4.0|1.0|1.2086140768798488|1.7654805796592132|3.6055512754639927|5.196152422706632
[record fixture=conn-corner case=A config=minsize-8]
note=
config.threshold=100
config.minSize=8
config.maxSize=Infinity
config.excludeOnEdges=false
config.redirect=false
config.maps=false
config.fractal=false
config.composites=false
config.arborization=false
config.filters=
sweep=FULL
input.dims=16x16x8
input.bitDepth=8
input.channels=1
input.frames=1
input.calibration=pixel 1.0/1.0/1.0
outcome=ok
objectCount=1
foundObjects=true
survivingPerFilter=
filterLabels=
warnings.count=0
stats.rowCount=1
label.dims=16x16x8
label.present=true
label.bitDepth=8
label.digest=23c8689d5aa1f424d64a99a65257e2e8c6b521ef24f5c57c544e536cd723b79a
label.partition=dabc0101fe3c8c04d9e207b912497b617c31cc435803298972f673f72ede1b6b
label.distinct=1
label.dense=true
label.max=1
label.rle=0:546 1:2 0:14 1:2 0:238 1:2 0:14 1:2 0:272 1:2 0:14 1:2 0:238 1:2 0:14 1:2 0:682
summary=conn-corner: 1 objects detected (Size filter set to 8-Infinity voxels, threshold set to: 100). Morphology means: Size=16, Volume=16, Surface area=48, Sphericity=1.209, Compactness=1.765, Elongation=3.606, Mean intensity=200, Max intensity=200, Max Feret diameter=5.196.
stats.columns=Volume (pixel^3)|Surface (pixel^2)|Nb of obj. voxels|Nb of surf. voxels|IntDen|Mean|StdDev|Median|Min|Max|X|Y|Z|XM|YM|ZM|BX|BY|BZ|B-width|B-height|B-depth|Label|Morph_Sphericity|Morph_Compactness|Morph_Elongation|Morph_Feret3D_um
stats.row.0=16.0|48.0|16.0|16.0|3200.0|200.0|0.0|200.0|200.0|200.0|3.5|3.5|3.5|3.5|3.5|3.5|2.0|2.0|2.0|4.0|4.0|4.0|1.0|1.2086140768798488|1.7654805796592132|3.6055512754639927|5.196152422706632
[record fixture=conn-corner case=A config=maxsize-30]
note=
config.threshold=100
config.minSize=1
config.maxSize=30
config.excludeOnEdges=false
config.redirect=false
config.maps=false
config.fractal=false
config.composites=false
config.arborization=false
config.filters=
sweep=FULL
input.dims=16x16x8
input.bitDepth=8
input.channels=1
input.frames=1
input.calibration=pixel 1.0/1.0/1.0
outcome=ok
objectCount=1
foundObjects=true
survivingPerFilter=
filterLabels=
warnings.count=0
stats.rowCount=1
label.dims=16x16x8
label.present=true
label.bitDepth=8
label.digest=23c8689d5aa1f424d64a99a65257e2e8c6b521ef24f5c57c544e536cd723b79a
label.partition=dabc0101fe3c8c04d9e207b912497b617c31cc435803298972f673f72ede1b6b
label.distinct=1
label.dense=true
label.max=1
label.rle=0:546 1:2 0:14 1:2 0:238 1:2 0:14 1:2 0:272 1:2 0:14 1:2 0:238 1:2 0:14 1:2 0:682
summary=conn-corner: 1 objects detected (Size filter set to 1-30 voxels, threshold set to: 100). Morphology means: Size=16, Volume=16, Surface area=48, Sphericity=1.209, Compactness=1.765, Elongation=3.606, Mean intensity=200, Max intensity=200, Max Feret diameter=5.196.
stats.columns=Volume (pixel^3)|Surface (pixel^2)|Nb of obj. voxels|Nb of surf. voxels|IntDen|Mean|StdDev|Median|Min|Max|X|Y|Z|XM|YM|ZM|BX|BY|BZ|B-width|B-height|B-depth|Label|Morph_Sphericity|Morph_Compactness|Morph_Elongation|Morph_Feret3D_um
stats.row.0=16.0|48.0|16.0|16.0|3200.0|200.0|0.0|200.0|200.0|200.0|3.5|3.5|3.5|3.5|3.5|3.5|2.0|2.0|2.0|4.0|4.0|4.0|1.0|1.2086140768798488|1.7654805796592132|3.6055512754639927|5.196152422706632
[record fixture=conn-corner case=A config=size-window-8-100]
note=
config.threshold=100
config.minSize=8
config.maxSize=100
config.excludeOnEdges=false
config.redirect=false
config.maps=false
config.fractal=false
config.composites=false
config.arborization=false
config.filters=
sweep=FULL
input.dims=16x16x8
input.bitDepth=8
input.channels=1
input.frames=1
input.calibration=pixel 1.0/1.0/1.0
outcome=ok
objectCount=1
foundObjects=true
survivingPerFilter=
filterLabels=
warnings.count=0
stats.rowCount=1
label.dims=16x16x8
label.present=true
label.bitDepth=8
label.digest=23c8689d5aa1f424d64a99a65257e2e8c6b521ef24f5c57c544e536cd723b79a
label.partition=dabc0101fe3c8c04d9e207b912497b617c31cc435803298972f673f72ede1b6b
label.distinct=1
label.dense=true
label.max=1
label.rle=0:546 1:2 0:14 1:2 0:238 1:2 0:14 1:2 0:272 1:2 0:14 1:2 0:238 1:2 0:14 1:2 0:682
summary=conn-corner: 1 objects detected (Size filter set to 8-100 voxels, threshold set to: 100). Morphology means: Size=16, Volume=16, Surface area=48, Sphericity=1.209, Compactness=1.765, Elongation=3.606, Mean intensity=200, Max intensity=200, Max Feret diameter=5.196.
stats.columns=Volume (pixel^3)|Surface (pixel^2)|Nb of obj. voxels|Nb of surf. voxels|IntDen|Mean|StdDev|Median|Min|Max|X|Y|Z|XM|YM|ZM|BX|BY|BZ|B-width|B-height|B-depth|Label|Morph_Sphericity|Morph_Compactness|Morph_Elongation|Morph_Feret3D_um
stats.row.0=16.0|48.0|16.0|16.0|3200.0|200.0|0.0|200.0|200.0|200.0|3.5|3.5|3.5|3.5|3.5|3.5|2.0|2.0|2.0|4.0|4.0|4.0|1.0|1.2086140768798488|1.7654805796592132|3.6055512754639927|5.196152422706632
[record fixture=conn-corner case=A config=redirect-on]
note=
config.threshold=100
config.minSize=1
config.maxSize=Infinity
config.excludeOnEdges=false
config.redirect=true
config.maps=false
config.fractal=false
config.composites=false
config.arborization=false
config.filters=
sweep=FULL
input.dims=16x16x8
input.bitDepth=8
input.channels=1
input.frames=1
input.calibration=pixel 1.0/1.0/1.0
outcome=ok
objectCount=1
foundObjects=true
survivingPerFilter=
filterLabels=
warnings.count=0
stats.rowCount=1
label.dims=16x16x8
label.present=true
label.bitDepth=8
label.digest=23c8689d5aa1f424d64a99a65257e2e8c6b521ef24f5c57c544e536cd723b79a
label.partition=dabc0101fe3c8c04d9e207b912497b617c31cc435803298972f673f72ede1b6b
label.distinct=1
label.dense=true
label.max=1
label.rle=0:546 1:2 0:14 1:2 0:238 1:2 0:14 1:2 0:272 1:2 0:14 1:2 0:238 1:2 0:14 1:2 0:682
summary=conn-corner: 1 objects detected (Size filter set to 1-Infinity voxels, threshold set to: 100). Morphology means: Size=16, Volume=16, Surface area=48, Sphericity=1.209, Compactness=1.765, Elongation=3.606, Mean intensity=176.5, Max intensity=250, Max Feret diameter=5.196.
stats.columns=Volume (pixel^3)|Surface (pixel^2)|Nb of obj. voxels|Nb of surf. voxels|IntDen|Mean|StdDev|Median|Min|Max|X|Y|Z|XM|YM|ZM|BX|BY|BZ|B-width|B-height|B-depth|Label|Morph_Sphericity|Morph_Compactness|Morph_Elongation|Morph_Feret3D_um
stats.row.0=16.0|48.0|16.0|16.0|2824.0|176.5|51.630901599720296|200.0|103.0|250.0|3.5|3.5|3.5|3.7875354107648724|3.7960339943342776|3.818696883852691|2.0|2.0|2.0|4.0|4.0|4.0|1.0|1.2086140768798488|1.7654805796592132|3.6055512754639927|5.196152422706632
[record fixture=conn-corner case=A config=maps-on]
note=
config.threshold=100
config.minSize=1
config.maxSize=Infinity
config.excludeOnEdges=false
config.redirect=false
config.maps=true
config.fractal=false
config.composites=false
config.arborization=false
config.filters=
sweep=FULL
input.dims=16x16x8
input.bitDepth=8
input.channels=1
input.frames=1
input.calibration=pixel 1.0/1.0/1.0
outcome=ok
objectCount=1
foundObjects=true
survivingPerFilter=
filterLabels=
warnings.count=0
stats.rowCount=1
label.dims=16x16x8
label.present=true
label.bitDepth=8
label.digest=23c8689d5aa1f424d64a99a65257e2e8c6b521ef24f5c57c544e536cd723b79a
label.partition=dabc0101fe3c8c04d9e207b912497b617c31cc435803298972f673f72ede1b6b
label.distinct=1
label.dense=true
label.max=1
label.rle=0:546 1:2 0:14 1:2 0:238 1:2 0:14 1:2 0:272 1:2 0:14 1:2 0:238 1:2 0:14 1:2 0:682
summary=conn-corner: 1 objects detected (Size filter set to 1-Infinity voxels, threshold set to: 100). Morphology means: Size=16, Volume=16, Surface area=48, Sphericity=1.209, Compactness=1.765, Elongation=3.606, Mean intensity=200, Max intensity=200, Max Feret diameter=5.196.
maps.built=true
map.objects.dims=16x16x8
map.objects.pixels=e6889349fd0fe1ff47b0cc4dad9e358f49f7078e30c43f352f048b5a6cc5610a
map.objects.partition=dabc0101fe3c8c04d9e207b912497b617c31cc435803298972f673f72ede1b6b
map.objects.overlay=1:5eb2aba1691521cf69e7b3989ca78b4eb180a7a9447b60443a1d807955f2a124
map.objects.overlaySkipped=null
map.surfaces.dims=16x16x8
map.surfaces.pixels=e6889349fd0fe1ff47b0cc4dad9e358f49f7078e30c43f352f048b5a6cc5610a
map.surfaces.partition=dabc0101fe3c8c04d9e207b912497b617c31cc435803298972f673f72ede1b6b
map.surfaces.overlay=1:5eb2aba1691521cf69e7b3989ca78b4eb180a7a9447b60443a1d807955f2a124
map.surfaces.overlaySkipped=null
map.centroids.dims=16x16x8
map.centroids.pixels=d421e2d9cb7154976e68e54e948623739390ab9418ed469c002a30c12a551a5c
map.centroids.partition=cec38cdc9571b7a8abcc511f4d107d7f2f626f1c047fe072861bf27c5baf9112
map.centroids.overlay=1:5eb2aba1691521cf69e7b3989ca78b4eb180a7a9447b60443a1d807955f2a124
map.centroids.overlaySkipped=null
map.centersOfMass.dims=16x16x8
map.centersOfMass.pixels=d421e2d9cb7154976e68e54e948623739390ab9418ed469c002a30c12a551a5c
map.centersOfMass.partition=cec38cdc9571b7a8abcc511f4d107d7f2f626f1c047fe072861bf27c5baf9112
map.centersOfMass.overlay=1:5eb2aba1691521cf69e7b3989ca78b4eb180a7a9447b60443a1d807955f2a124
map.centersOfMass.overlaySkipped=null
stats.columns=Volume (pixel^3)|Surface (pixel^2)|Nb of obj. voxels|Nb of surf. voxels|IntDen|Mean|StdDev|Median|Min|Max|X|Y|Z|XM|YM|ZM|BX|BY|BZ|B-width|B-height|B-depth|Label|Morph_Sphericity|Morph_Compactness|Morph_Elongation|Morph_Feret3D_um
stats.row.0=16.0|48.0|16.0|16.0|3200.0|200.0|0.0|200.0|200.0|200.0|3.5|3.5|3.5|3.5|3.5|3.5|2.0|2.0|2.0|4.0|4.0|4.0|1.0|1.2086140768798488|1.7654805796592132|3.6055512754639927|5.196152422706632
[record fixture=conn-corner case=A config=filter-volume]
note=
config.threshold=100
config.minSize=1
config.maxSize=Infinity
config.excludeOnEdges=false
config.redirect=false
config.maps=false
config.fractal=false
config.composites=false
config.arborization=false
config.filters=volume>=8.0
sweep=FULL
input.dims=16x16x8
input.bitDepth=8
input.channels=1
input.frames=1
input.calibration=pixel 1.0/1.0/1.0
outcome=ok
objectCount=1
foundObjects=true
survivingPerFilter=1
filterLabels=volume>=8.0
warnings.count=0
stats.rowCount=1
label.dims=16x16x8
label.present=true
label.bitDepth=8
label.digest=23c8689d5aa1f424d64a99a65257e2e8c6b521ef24f5c57c544e536cd723b79a
label.partition=dabc0101fe3c8c04d9e207b912497b617c31cc435803298972f673f72ede1b6b
label.distinct=1
label.dense=true
label.max=1
label.rle=0:546 1:2 0:14 1:2 0:238 1:2 0:14 1:2 0:272 1:2 0:14 1:2 0:238 1:2 0:14 1:2 0:682
summary=conn-corner: 1 objects detected (Size filter set to 1-Infinity voxels, threshold set to: 100). Morphology means: Size=16, Volume=16, Surface area=48, Sphericity=1.209, Compactness=1.765, Elongation=3.606, Mean intensity=200, Max intensity=200, Max Feret diameter=5.196.
stats.columns=Volume (pixel^3)|Surface (pixel^2)|Nb of obj. voxels|Nb of surf. voxels|IntDen|Mean|StdDev|Median|Min|Max|X|Y|Z|XM|YM|ZM|BX|BY|BZ|B-width|B-height|B-depth|Label|Morph_Sphericity|Morph_Compactness|Morph_Elongation|Morph_Feret3D_um
stats.row.0=16.0|48.0|16.0|16.0|3200.0|200.0|0.0|200.0|200.0|200.0|3.5|3.5|3.5|3.5|3.5|3.5|2.0|2.0|2.0|4.0|4.0|4.0|1.0|1.2086140768798488|1.7654805796592132|3.6055512754639927|5.196152422706632
[record fixture=conn-corner case=A config=filter-shape]
note=
config.threshold=100
config.minSize=1
config.maxSize=Infinity
config.excludeOnEdges=false
config.redirect=false
config.maps=false
config.fractal=false
config.composites=false
config.arborization=false
config.filters=sphericity>=0.0 compactness>=0.0 elongation>=1.0 feret_diameter_max>=0.0
sweep=FULL
input.dims=16x16x8
input.bitDepth=8
input.channels=1
input.frames=1
input.calibration=pixel 1.0/1.0/1.0
outcome=ok
objectCount=1
foundObjects=true
survivingPerFilter=1,1,1,1
filterLabels=sphericity>=0.0 compactness>=0.0 elongation>=1.0 feret_diameter_max>=0.0
warnings.count=0
stats.rowCount=1
label.dims=16x16x8
label.present=true
label.bitDepth=8
label.digest=23c8689d5aa1f424d64a99a65257e2e8c6b521ef24f5c57c544e536cd723b79a
label.partition=dabc0101fe3c8c04d9e207b912497b617c31cc435803298972f673f72ede1b6b
label.distinct=1
label.dense=true
label.max=1
label.rle=0:546 1:2 0:14 1:2 0:238 1:2 0:14 1:2 0:272 1:2 0:14 1:2 0:238 1:2 0:14 1:2 0:682
summary=conn-corner: 1 objects detected (Size filter set to 1-Infinity voxels, threshold set to: 100). Morphology means: Size=16, Volume=16, Surface area=48, Sphericity=1.209, Compactness=1.765, Elongation=3.606, Mean intensity=200, Max intensity=200, Max Feret diameter=5.196.
stats.columns=Volume (pixel^3)|Surface (pixel^2)|Nb of obj. voxels|Nb of surf. voxels|IntDen|Mean|StdDev|Median|Min|Max|X|Y|Z|XM|YM|ZM|BX|BY|BZ|B-width|B-height|B-depth|Label|Morph_Sphericity|Morph_Compactness|Morph_Elongation|Morph_Feret3D_um
stats.row.0=16.0|48.0|16.0|16.0|3200.0|200.0|0.0|200.0|200.0|200.0|3.5|3.5|3.5|3.5|3.5|3.5|2.0|2.0|2.0|4.0|4.0|4.0|1.0|1.2086140768798488|1.7654805796592132|3.6055512754639927|5.196152422706632
[record fixture=conn-corner case=A config=ext-fractal]
note=
config.threshold=100
config.minSize=1
config.maxSize=Infinity
config.excludeOnEdges=false
config.redirect=false
config.maps=false
config.fractal=true
config.composites=false
config.arborization=false
config.filters=
sweep=FULL
input.dims=16x16x8
input.bitDepth=8
input.channels=1
input.frames=1
input.calibration=pixel 1.0/1.0/1.0
outcome=ok
objectCount=1
foundObjects=true
survivingPerFilter=
filterLabels=
warnings.count=0
stats.rowCount=1
label.dims=16x16x8
label.present=true
label.bitDepth=8
label.digest=23c8689d5aa1f424d64a99a65257e2e8c6b521ef24f5c57c544e536cd723b79a
label.partition=dabc0101fe3c8c04d9e207b912497b617c31cc435803298972f673f72ede1b6b
label.distinct=1
label.dense=true
label.max=1
label.rle=0:546 1:2 0:14 1:2 0:238 1:2 0:14 1:2 0:272 1:2 0:14 1:2 0:238 1:2 0:14 1:2 0:682
summary=conn-corner: 1 objects detected (Size filter set to 1-Infinity voxels, threshold set to: 100). Morphology means: Size=16, Volume=16, Surface area=48, Sphericity=1.209, Compactness=1.765, Elongation=3.606, Mean intensity=200, Max intensity=200, Max Feret diameter=5.196.
stats.columns=Volume (pixel^3)|Surface (pixel^2)|Nb of obj. voxels|Nb of surf. voxels|IntDen|Mean|StdDev|Median|Min|Max|X|Y|Z|XM|YM|ZM|BX|BY|BZ|B-width|B-height|B-depth|Label|Morph_Sphericity|Morph_Compactness|Morph_Elongation|Morph_Feret3D_um|Morph_FractalDim_XY|Morph_FractalDim_XY_R2|Morph_LacunarityMean_XY|Morph_LacunaritySpread_XY
stats.row.0=16.0|48.0|16.0|16.0|3200.0|200.0|0.0|200.0|200.0|200.0|3.5|3.5|3.5|3.5|3.5|3.5|2.0|2.0|2.0|4.0|4.0|4.0|1.0|1.2086140768798488|1.7654805796592132|3.6055512754639927|5.196152422706632|NaN|NaN|NaN|NaN
[record fixture=conn-corner case=A config=ext-composites]
note=
config.threshold=100
config.minSize=1
config.maxSize=Infinity
config.excludeOnEdges=false
config.redirect=false
config.maps=false
config.fractal=false
config.composites=true
config.arborization=false
config.filters=
sweep=FULL
input.dims=16x16x8
input.bitDepth=8
input.channels=1
input.frames=1
input.calibration=pixel 1.0/1.0/1.0
outcome=ok
objectCount=1
foundObjects=true
survivingPerFilter=
filterLabels=
warnings.count=0
stats.rowCount=1
label.dims=16x16x8
label.present=true
label.bitDepth=8
label.digest=23c8689d5aa1f424d64a99a65257e2e8c6b521ef24f5c57c544e536cd723b79a
label.partition=dabc0101fe3c8c04d9e207b912497b617c31cc435803298972f673f72ede1b6b
label.distinct=1
label.dense=true
label.max=1
label.rle=0:546 1:2 0:14 1:2 0:238 1:2 0:14 1:2 0:272 1:2 0:14 1:2 0:238 1:2 0:14 1:2 0:682
summary=conn-corner: 1 objects detected (Size filter set to 1-Infinity voxels, threshold set to: 100). Morphology means: Size=16, Volume=16, Surface area=48, Sphericity=1.209, Compactness=1.765, Elongation=3.606, Mean intensity=200, Max intensity=200, Max Feret diameter=5.196.
stats.columns=Volume (pixel^3)|Surface (pixel^2)|Nb of obj. voxels|Nb of surf. voxels|IntDen|Mean|StdDev|Median|Min|Max|X|Y|Z|XM|YM|ZM|BX|BY|BZ|B-width|B-height|B-depth|Label|Morph_Sphericity|Morph_Compactness|Morph_Elongation|Morph_Feret3D_um|Morph_RI|Morph_SRI|Morph_PB|Morph_MP|Morph_VSD
stats.row.0=16.0|48.0|16.0|16.0|3200.0|200.0|0.0|200.0|200.0|200.0|3.5|3.5|3.5|3.5|3.5|3.5|2.0|2.0|2.0|4.0|4.0|4.0|1.0|1.2086140768798488|1.7654805796592132|3.6055512754639927|5.196152422706632|0.8273939706060633|0.2730372264108898|0.24195554080138926|0.9999999999999994|0.9429256635825563
[record fixture=conn-corner case=A config=ext-arborization]
note=
config.threshold=100
config.minSize=1
config.maxSize=Infinity
config.excludeOnEdges=false
config.redirect=false
config.maps=false
config.fractal=false
config.composites=false
config.arborization=true
config.filters=
sweep=FULL
input.dims=16x16x8
input.bitDepth=8
input.channels=1
input.frames=1
input.calibration=pixel 1.0/1.0/1.0
outcome=ok
objectCount=1
foundObjects=true
survivingPerFilter=
filterLabels=
warnings.count=1
warnings.0=Warning: arborization measurements were unavailable: Fiji Skeletonize3D was not available or did not produce a usable skeleton. The internal thinning implementation is disabled until its numerical parity with Fiji has been certified.
stats.rowCount=1
label.dims=16x16x8
label.present=true
label.bitDepth=8
label.digest=23c8689d5aa1f424d64a99a65257e2e8c6b521ef24f5c57c544e536cd723b79a
label.partition=dabc0101fe3c8c04d9e207b912497b617c31cc435803298972f673f72ede1b6b
label.distinct=1
label.dense=true
label.max=1
label.rle=0:546 1:2 0:14 1:2 0:238 1:2 0:14 1:2 0:272 1:2 0:14 1:2 0:238 1:2 0:14 1:2 0:682
summary=conn-corner: 1 objects detected (Size filter set to 1-Infinity voxels, threshold set to: 100). Morphology means: Size=16, Volume=16, Surface area=48, Sphericity=1.209, Compactness=1.765, Elongation=3.606, Mean intensity=200, Max intensity=200, Max Feret diameter=5.196.
stats.columns=Volume (pixel^3)|Surface (pixel^2)|Nb of obj. voxels|Nb of surf. voxels|IntDen|Mean|StdDev|Median|Min|Max|X|Y|Z|XM|YM|ZM|BX|BY|BZ|B-width|B-height|B-depth|Label|Morph_Sphericity|Morph_Compactness|Morph_Elongation|Morph_Feret3D_um|Morph_ShollCriticalRadius_um|Morph_ShollCriticalIntersections|Morph_ShollSchoenenIndex|Morph_ShollPrimaryBranches|Morph_SkeletonBranches|Morph_SkeletonJunctions|Morph_SkeletonEndpoints|Morph_SkeletonVoxels|Morph_ArborizationBackend
stats.row.0=16.0|48.0|16.0|16.0|3200.0|200.0|0.0|200.0|200.0|200.0|3.5|3.5|3.5|3.5|3.5|3.5|2.0|2.0|2.0|4.0|4.0|4.0|1.0|1.2086140768798488|1.7654805796592132|3.6055512754639927|5.196152422706632|NaN|NaN|NaN|NaN|NaN|NaN|NaN|NaN|Unavailable
[record fixture=conn-corner case=A config=ext-all-with-maps]
note=
config.threshold=100
config.minSize=1
config.maxSize=Infinity
config.excludeOnEdges=false
config.redirect=true
config.maps=true
config.fractal=true
config.composites=true
config.arborization=true
config.filters=
sweep=FULL
input.dims=16x16x8
input.bitDepth=8
input.channels=1
input.frames=1
input.calibration=pixel 1.0/1.0/1.0
outcome=ok
objectCount=1
foundObjects=true
survivingPerFilter=
filterLabels=
warnings.count=1
warnings.0=Warning: arborization measurements were unavailable: Fiji Skeletonize3D was not available or did not produce a usable skeleton. The internal thinning implementation is disabled until its numerical parity with Fiji has been certified.
stats.rowCount=1
label.dims=16x16x8
label.present=true
label.bitDepth=8
label.digest=23c8689d5aa1f424d64a99a65257e2e8c6b521ef24f5c57c544e536cd723b79a
label.partition=dabc0101fe3c8c04d9e207b912497b617c31cc435803298972f673f72ede1b6b
label.distinct=1
label.dense=true
label.max=1
label.rle=0:546 1:2 0:14 1:2 0:238 1:2 0:14 1:2 0:272 1:2 0:14 1:2 0:238 1:2 0:14 1:2 0:682
summary=conn-corner: 1 objects detected (Size filter set to 1-Infinity voxels, threshold set to: 100). Morphology means: Size=16, Volume=16, Surface area=48, Sphericity=1.209, Compactness=1.765, Elongation=3.606, Mean intensity=176.5, Max intensity=250, Max Feret diameter=5.196.
maps.built=true
map.objects.dims=16x16x8
map.objects.pixels=e6889349fd0fe1ff47b0cc4dad9e358f49f7078e30c43f352f048b5a6cc5610a
map.objects.partition=dabc0101fe3c8c04d9e207b912497b617c31cc435803298972f673f72ede1b6b
map.objects.overlay=1:5eb2aba1691521cf69e7b3989ca78b4eb180a7a9447b60443a1d807955f2a124
map.objects.overlaySkipped=null
map.surfaces.dims=16x16x8
map.surfaces.pixels=e6889349fd0fe1ff47b0cc4dad9e358f49f7078e30c43f352f048b5a6cc5610a
map.surfaces.partition=dabc0101fe3c8c04d9e207b912497b617c31cc435803298972f673f72ede1b6b
map.surfaces.overlay=1:5eb2aba1691521cf69e7b3989ca78b4eb180a7a9447b60443a1d807955f2a124
map.surfaces.overlaySkipped=null
map.centroids.dims=16x16x8
map.centroids.pixels=d421e2d9cb7154976e68e54e948623739390ab9418ed469c002a30c12a551a5c
map.centroids.partition=cec38cdc9571b7a8abcc511f4d107d7f2f626f1c047fe072861bf27c5baf9112
map.centroids.overlay=1:5eb2aba1691521cf69e7b3989ca78b4eb180a7a9447b60443a1d807955f2a124
map.centroids.overlaySkipped=null
map.centersOfMass.dims=16x16x8
map.centersOfMass.pixels=d421e2d9cb7154976e68e54e948623739390ab9418ed469c002a30c12a551a5c
map.centersOfMass.partition=cec38cdc9571b7a8abcc511f4d107d7f2f626f1c047fe072861bf27c5baf9112
map.centersOfMass.overlay=1:5eb2aba1691521cf69e7b3989ca78b4eb180a7a9447b60443a1d807955f2a124
map.centersOfMass.overlaySkipped=null
stats.columns=Volume (pixel^3)|Surface (pixel^2)|Nb of obj. voxels|Nb of surf. voxels|IntDen|Mean|StdDev|Median|Min|Max|X|Y|Z|XM|YM|ZM|BX|BY|BZ|B-width|B-height|B-depth|Label|Morph_Sphericity|Morph_Compactness|Morph_Elongation|Morph_Feret3D_um|Morph_FractalDim_XY|Morph_FractalDim_XY_R2|Morph_LacunarityMean_XY|Morph_LacunaritySpread_XY|Morph_RI|Morph_SRI|Morph_PB|Morph_MP|Morph_VSD|Morph_ShollCriticalRadius_um|Morph_ShollCriticalIntersections|Morph_ShollSchoenenIndex|Morph_ShollPrimaryBranches|Morph_SkeletonBranches|Morph_SkeletonJunctions|Morph_SkeletonEndpoints|Morph_SkeletonVoxels|Morph_ArborizationBackend
stats.row.0=16.0|48.0|16.0|16.0|2824.0|176.5|51.630901599720296|200.0|103.0|250.0|3.5|3.5|3.5|3.7875354107648724|3.7960339943342776|3.818696883852691|2.0|2.0|2.0|4.0|4.0|4.0|1.0|1.2086140768798488|1.7654805796592132|3.6055512754639927|5.196152422706632|NaN|NaN|NaN|NaN|0.8273939706060633|0.2730372264108898|0.24195554080138926|0.9999999999999994|0.9429256635825563|NaN|NaN|NaN|NaN|NaN|NaN|NaN|NaN|Unavailable
