# oc3dplus-equivalence-goldens v1
# build=e6d0e2e fixture=conn-diag-z records=15
# Immutable. Never regenerate a golden to make a diff disappear.
[record fixture=conn-diag-z case=A config=default]
note=
config.threshold=100
config.minSize=1
config.maxSize=Infinity
config.excludeOnEdges=false
config.redirect=false
config.maps=false
config.fractal=false
config.composites=false
config.arborization=false
config.filters=
sweep=FULL
input.dims=16x16x8
input.bitDepth=8
input.channels=1
input.frames=1
input.calibration=pixel 1.0/1.0/1.0
outcome=ok
objectCount=1
foundObjects=true
survivingPerFilter=
filterLabels=
warnings.count=0
stats.rowCount=1
label.dims=16x16x8
label.present=true
label.bitDepth=8
label.digest=9b552440367e019a08f7fe9d37dfeb9d9fa4a52714310680786101c4238d6ff7
label.partition=3ef4848aa50ef5193559fb3f250d6814230a16e46e271c96dd5647ba8e2f281b
label.distinct=1
label.dense=true
label.max=1
label.rle=0:34 1:1 0:272 1:1 0:272 1:1 0:272 1:1 0:272 1:1 0:272 1:1 0:648
summary=conn-diag-z: 1 objects detected (Size filter set to 1-Infinity voxels, threshold set to: 100). Morphology means: Size=6, Volume=6, Surface area=36, Mean intensity=200, Max intensity=200, Max Feret diameter=8.66.
stats.columns=Volume (pixel^3)|Surface (pixel^2)|Nb of obj. voxels|Nb of surf. voxels|IntDen|Mean|StdDev|Median|Min|Max|X|Y|Z|XM|YM|ZM|BX|BY|BZ|B-width|B-height|B-depth|Label|Morph_Sphericity|Morph_Compactness|Morph_Elongation|Morph_Feret3D_um
stats.row.0=6.0|36.0|6.0|6.0|1200.0|200.0|0.0|200.0|200.0|200.0|4.5|4.5|2.5|4.5|4.5|2.5|2.0|2.0|0.0|6.0|6.0|6.0|1.0|NaN|NaN|NaN|8.660254037844387
[record fixture=conn-diag-z case=A config=thr-all-foreground]
note=
config.threshold=0
config.minSize=1
config.maxSize=Infinity
config.excludeOnEdges=false
config.redirect=false
config.maps=false
config.fractal=false
config.composites=false
config.arborization=false
config.filters=
sweep=FULL
input.dims=16x16x8
input.bitDepth=8
input.channels=1
input.frames=1
input.calibration=pixel 1.0/1.0/1.0
outcome=ok
objectCount=1
foundObjects=true
survivingPerFilter=
filterLabels=
warnings.count=0
stats.rowCount=1
label.dims=16x16x8
label.present=true
label.bitDepth=8
label.digest=9b552440367e019a08f7fe9d37dfeb9d9fa4a52714310680786101c4238d6ff7
label.partition=3ef4848aa50ef5193559fb3f250d6814230a16e46e271c96dd5647ba8e2f281b
label.distinct=1
label.dense=true
label.max=1
label.rle=0:34 1:1 0:272 1:1 0:272 1:1 0:272 1:1 0:272 1:1 0:272 1:1 0:648
summary=conn-diag-z: 1 objects detected (Size filter set to 1-Infinity voxels, threshold set to: 0). Morphology means: Size=6, Volume=6, Surface area=36, Mean intensity=200, Max intensity=200, Max Feret diameter=8.66.
stats.columns=Volume (pixel^3)|Surface (pixel^2)|Nb of obj. voxels|Nb of surf. voxels|IntDen|Mean|StdDev|Median|Min|Max|X|Y|Z|XM|YM|ZM|BX|BY|BZ|B-width|B-height|B-depth|Label|Morph_Sphericity|Morph_Compactness|Morph_Elongation|Morph_Feret3D_um
stats.row.0=6.0|36.0|6.0|6.0|1200.0|200.0|0.0|200.0|200.0|200.0|4.5|4.5|2.5|4.5|4.5|2.5|2.0|2.0|0.0|6.0|6.0|6.0|1.0|NaN|NaN|NaN|8.660254037844387
[record fixture=conn-diag-z case=A config=thr-empty]
note=
config.threshold=201
config.minSize=1
config.maxSize=Infinity
config.excludeOnEdges=false
config.redirect=false
config.maps=false
config.fractal=false
config.composites=false
config.arborization=false
config.filters=
sweep=FULL
input.dims=16x16x8
input.bitDepth=8
input.channels=1
input.frames=1
input.calibration=pixel 1.0/1.0/1.0
outcome=ok
objectCount=0
foundObjects=false
survivingPerFilter=
filterLabels=
warnings.count=0
stats.rowCount=0
label.dims=16x16x8
label.present=true
label.bitDepth=8
label.digest=4d611c92b2a22e7bb1eb0c525151364656f6833e178c68146e3d699d99fd9786
label.partition=419cd2c826b51f8ca2d8a18a9df706664b2d7c3ef9c29d33af63843acd1d999c
label.distinct=0
label.dense=true
label.max=0
label.rle=0:2048
summary=conn-diag-z: 0 objects detected (Size filter set to 1-Infinity voxels, threshold set to: 201).
stats.columns=Volume (pixel^3)|Surface (pixel^2)|Nb of obj. voxels|Nb of surf. voxels|IntDen|Mean|StdDev|Min|Max|X|Y|Z|XM|YM|ZM|Morph_Sphericity|Morph_Compactness|Morph_Elongation|Morph_Feret3D_um|BX|BY|BZ|B-width|B-height|B-depth|Label
[record fixture=conn-diag-z case=A config=edges-on]
note=
config.threshold=100
config.minSize=1
config.maxSize=Infinity
config.excludeOnEdges=true
config.redirect=false
config.maps=false
config.fractal=false
config.composites=false
config.arborization=false
config.filters=
sweep=FULL
input.dims=16x16x8
input.bitDepth=8
input.channels=1
input.frames=1
input.calibration=pixel 1.0/1.0/1.0
outcome=ok
objectCount=0
foundObjects=false
survivingPerFilter=
filterLabels=
warnings.count=0
stats.rowCount=0
label.dims=16x16x8
label.present=true
label.bitDepth=8
label.digest=4d611c92b2a22e7bb1eb0c525151364656f6833e178c68146e3d699d99fd9786
label.partition=419cd2c826b51f8ca2d8a18a9df706664b2d7c3ef9c29d33af63843acd1d999c
label.distinct=0
label.dense=true
label.max=0
label.rle=0:2048
summary=conn-diag-z: 0 objects detected (Size filter set to 1-Infinity voxels, threshold set to: 100).
stats.columns=Volume (pixel^3)|Surface (pixel^2)|Nb of obj. voxels|Nb of surf. voxels|IntDen|Mean|StdDev|Min|Max|X|Y|Z|XM|YM|ZM|Morph_Sphericity|Morph_Compactness|Morph_Elongation|Morph_Feret3D_um|BX|BY|BZ|B-width|B-height|B-depth|Label
[record fixture=conn-diag-z case=A config=minsize-8]
note=
config.threshold=100
config.minSize=8
config.maxSize=Infinity
config.excludeOnEdges=false
config.redirect=false
config.maps=false
config.fractal=false
config.composites=false
config.arborization=false
config.filters=
sweep=FULL
input.dims=16x16x8
input.bitDepth=8
input.channels=1
input.frames=1
input.calibration=pixel 1.0/1.0/1.0
outcome=ok
objectCount=0
foundObjects=false
survivingPerFilter=
filterLabels=
warnings.count=0
stats.rowCount=0
label.dims=16x16x8
label.present=true
label.bitDepth=8
label.digest=4d611c92b2a22e7bb1eb0c525151364656f6833e178c68146e3d699d99fd9786
label.partition=419cd2c826b51f8ca2d8a18a9df706664b2d7c3ef9c29d33af63843acd1d999c
label.distinct=0
label.dense=true
label.max=0
label.rle=0:2048
summary=conn-diag-z: 0 objects detected (Size filter set to 8-Infinity voxels, threshold set to: 100).
stats.columns=Volume (pixel^3)|Surface (pixel^2)|Nb of obj. voxels|Nb of surf. voxels|IntDen|Mean|StdDev|Min|Max|X|Y|Z|XM|YM|ZM|Morph_Sphericity|Morph_Compactness|Morph_Elongation|Morph_Feret3D_um|BX|BY|BZ|B-width|B-height|B-depth|Label
[record fixture=conn-diag-z case=A config=maxsize-30]
note=
config.threshold=100
config.minSize=1
config.maxSize=30
config.excludeOnEdges=false
config.redirect=false
config.maps=false
config.fractal=false
config.composites=false
config.arborization=false
config.filters=
sweep=FULL
input.dims=16x16x8
input.bitDepth=8
input.channels=1
input.frames=1
input.calibration=pixel 1.0/1.0/1.0
outcome=ok
objectCount=1
foundObjects=true
survivingPerFilter=
filterLabels=
warnings.count=0
stats.rowCount=1
label.dims=16x16x8
label.present=true
label.bitDepth=8
label.digest=9b552440367e019a08f7fe9d37dfeb9d9fa4a52714310680786101c4238d6ff7
label.partition=3ef4848aa50ef5193559fb3f250d6814230a16e46e271c96dd5647ba8e2f281b
label.distinct=1
label.dense=true
label.max=1
label.rle=0:34 1:1 0:272 1:1 0:272 1:1 0:272 1:1 0:272 1:1 0:272 1:1 0:648
summary=conn-diag-z: 1 objects detected (Size filter set to 1-30 voxels, threshold set to: 100). Morphology means: Size=6, Volume=6, Surface area=36, Mean intensity=200, Max intensity=200, Max Feret diameter=8.66.
stats.columns=Volume (pixel^3)|Surface (pixel^2)|Nb of obj. voxels|Nb of surf. voxels|IntDen|Mean|StdDev|Median|Min|Max|X|Y|Z|XM|YM|ZM|BX|BY|BZ|B-width|B-height|B-depth|Label|Morph_Sphericity|Morph_Compactness|Morph_Elongation|Morph_Feret3D_um
stats.row.0=6.0|36.0|6.0|6.0|1200.0|200.0|0.0|200.0|200.0|200.0|4.5|4.5|2.5|4.5|4.5|2.5|2.0|2.0|0.0|6.0|6.0|6.0|1.0|NaN|NaN|NaN|8.660254037844387
[record fixture=conn-diag-z case=A config=size-window-8-100]
note=
config.threshold=100
config.minSize=8
config.maxSize=100
config.excludeOnEdges=false
config.redirect=false
config.maps=false
config.fractal=false
config.composites=false
config.arborization=false
config.filters=
sweep=FULL
input.dims=16x16x8
input.bitDepth=8
input.channels=1
input.frames=1
input.calibration=pixel 1.0/1.0/1.0
outcome=ok
objectCount=0
foundObjects=false
survivingPerFilter=
filterLabels=
warnings.count=0
stats.rowCount=0
label.dims=16x16x8
label.present=true
label.bitDepth=8
label.digest=4d611c92b2a22e7bb1eb0c525151364656f6833e178c68146e3d699d99fd9786
label.partition=419cd2c826b51f8ca2d8a18a9df706664b2d7c3ef9c29d33af63843acd1d999c
label.distinct=0
label.dense=true
label.max=0
label.rle=0:2048
summary=conn-diag-z: 0 objects detected (Size filter set to 8-100 voxels, threshold set to: 100).
stats.columns=Volume (pixel^3)|Surface (pixel^2)|Nb of obj. voxels|Nb of surf. voxels|IntDen|Mean|StdDev|Min|Max|X|Y|Z|XM|YM|ZM|Morph_Sphericity|Morph_Compactness|Morph_Elongation|Morph_Feret3D_um|BX|BY|BZ|B-width|B-height|B-depth|Label
[record fixture=conn-diag-z case=A config=redirect-on]
note=
config.threshold=100
config.minSize=1
config.maxSize=Infinity
config.excludeOnEdges=false
config.redirect=true
config.maps=false
config.fractal=false
config.composites=false
config.arborization=false
config.filters=
sweep=FULL
input.dims=16x16x8
input.bitDepth=8
input.channels=1
input.frames=1
input.calibration=pixel 1.0/1.0/1.0
outcome=ok
objectCount=1
foundObjects=true
survivingPerFilter=
filterLabels=
warnings.count=0
stats.rowCount=1
label.dims=16x16x8
label.present=true
label.bitDepth=8
label.digest=9b552440367e019a08f7fe9d37dfeb9d9fa4a52714310680786101c4238d6ff7
label.partition=3ef4848aa50ef5193559fb3f250d6814230a16e46e271c96dd5647ba8e2f281b
label.distinct=1
label.dense=true
label.max=1
label.rle=0:34 1:1 0:272 1:1 0:272 1:1 0:272 1:1 0:272 1:1 0:272 1:1 0:648
summary=conn-diag-z: 1 objects detected (Size filter set to 1-Infinity voxels, threshold set to: 100). Morphology means: Size=6, Volume=6, Surface area=36, Mean intensity=125.667, Max intensity=241, Max Feret diameter=8.66.
stats.columns=Volume (pixel^3)|Surface (pixel^2)|Nb of obj. voxels|Nb of surf. voxels|IntDen|Mean|StdDev|Median|Min|Max|X|Y|Z|XM|YM|ZM|BX|BY|BZ|B-width|B-height|B-depth|Label|Morph_Sphericity|Morph_Compactness|Morph_Elongation|Morph_Feret3D_um
stats.row.0=6.0|36.0|6.0|6.0|754.0|125.66666666666667|74.1881991214835|200.0|39.0|241.0|4.5|4.5|2.5|4.805039787798409|4.805039787798409|2.8050397877984086|2.0|2.0|0.0|6.0|6.0|6.0|1.0|NaN|NaN|NaN|8.660254037844387
[record fixture=conn-diag-z case=A config=maps-on]
note=
config.threshold=100
config.minSize=1
config.maxSize=Infinity
config.excludeOnEdges=false
config.redirect=false
config.maps=true
config.fractal=false
config.composites=false
config.arborization=false
config.filters=
sweep=FULL
input.dims=16x16x8
input.bitDepth=8
input.channels=1
input.frames=1
input.calibration=pixel 1.0/1.0/1.0
outcome=ok
objectCount=1
foundObjects=true
survivingPerFilter=
filterLabels=
warnings.count=0
stats.rowCount=1
label.dims=16x16x8
label.present=true
label.bitDepth=8
label.digest=9b552440367e019a08f7fe9d37dfeb9d9fa4a52714310680786101c4238d6ff7
label.partition=3ef4848aa50ef5193559fb3f250d6814230a16e46e271c96dd5647ba8e2f281b
label.distinct=1
label.dense=true
label.max=1
label.rle=0:34 1:1 0:272 1:1 0:272 1:1 0:272 1:1 0:272 1:1 0:272 1:1 0:648
summary=conn-diag-z: 1 objects detected (Size filter set to 1-Infinity voxels, threshold set to: 100). Morphology means: Size=6, Volume=6, Surface area=36, Mean intensity=200, Max intensity=200, Max Feret diameter=8.66.
maps.built=true
map.objects.dims=16x16x8
map.objects.pixels=cde406083ba79573ae0adc76c50036f2fcdca12f6590c35265277c6ed4a5fdc7
map.objects.partition=3ef4848aa50ef5193559fb3f250d6814230a16e46e271c96dd5647ba8e2f281b
map.objects.overlay=1:c6d58f56ee25cc5a9b37071443c0efdeacfff3e910cdf9c64cfc8e53e299d71f
map.objects.overlaySkipped=null
map.surfaces.dims=16x16x8
map.surfaces.pixels=cde406083ba79573ae0adc76c50036f2fcdca12f6590c35265277c6ed4a5fdc7
map.surfaces.partition=3ef4848aa50ef5193559fb3f250d6814230a16e46e271c96dd5647ba8e2f281b
map.surfaces.overlay=1:c6d58f56ee25cc5a9b37071443c0efdeacfff3e910cdf9c64cfc8e53e299d71f
map.surfaces.overlaySkipped=null
map.centroids.dims=16x16x8
map.centroids.pixels=bf622c916f430a737eb5f415cd5e2c617e4b4a06d6f4c981262722f079a800ca
map.centroids.partition=e74f3fc3a227cf32f28c7e4223ff38bae7f866bf625995a05e892fa35b4c3fd6
map.centroids.overlay=1:c6d58f56ee25cc5a9b37071443c0efdeacfff3e910cdf9c64cfc8e53e299d71f
map.centroids.overlaySkipped=null
map.centersOfMass.dims=16x16x8
map.centersOfMass.pixels=bf622c916f430a737eb5f415cd5e2c617e4b4a06d6f4c981262722f079a800ca
map.centersOfMass.partition=e74f3fc3a227cf32f28c7e4223ff38bae7f866bf625995a05e892fa35b4c3fd6
map.centersOfMass.overlay=1:c6d58f56ee25cc5a9b37071443c0efdeacfff3e910cdf9c64cfc8e53e299d71f
map.centersOfMass.overlaySkipped=null
stats.columns=Volume (pixel^3)|Surface (pixel^2)|Nb of obj. voxels|Nb of surf. voxels|IntDen|Mean|StdDev|Median|Min|Max|X|Y|Z|XM|YM|ZM|BX|BY|BZ|B-width|B-height|B-depth|Label|Morph_Sphericity|Morph_Compactness|Morph_Elongation|Morph_Feret3D_um
stats.row.0=6.0|36.0|6.0|6.0|1200.0|200.0|0.0|200.0|200.0|200.0|4.5|4.5|2.5|4.5|4.5|2.5|2.0|2.0|0.0|6.0|6.0|6.0|1.0|NaN|NaN|NaN|8.660254037844387
[record fixture=conn-diag-z case=A config=filter-volume]
note=
config.threshold=100
config.minSize=1
config.maxSize=Infinity
config.excludeOnEdges=false
config.redirect=false
config.maps=false
config.fractal=false
config.composites=false
config.arborization=false
config.filters=volume>=8.0
sweep=FULL
input.dims=16x16x8
input.bitDepth=8
input.channels=1
input.frames=1
input.calibration=pixel 1.0/1.0/1.0
outcome=ok
objectCount=0
foundObjects=false
survivingPerFilter=0
filterLabels=volume>=8.0
warnings.count=0
stats.rowCount=0
label.dims=16x16x8
label.present=true
label.bitDepth=8
label.digest=4d611c92b2a22e7bb1eb0c525151364656f6833e178c68146e3d699d99fd9786
label.partition=419cd2c826b51f8ca2d8a18a9df706664b2d7c3ef9c29d33af63843acd1d999c
label.distinct=0
label.dense=true
label.max=0
label.rle=0:2048
summary=conn-diag-z: 0 objects detected (Size filter set to 1-Infinity voxels, threshold set to: 100).
stats.columns=Volume (pixel^3)|Surface (pixel^2)|Nb of obj. voxels|Nb of surf. voxels|IntDen|Mean|StdDev|Median|Min|Max|X|Y|Z|XM|YM|ZM|BX|BY|BZ|B-width|B-height|B-depth|Label|Morph_Sphericity|Morph_Compactness|Morph_Elongation|Morph_Feret3D_um
[record fixture=conn-diag-z case=A config=filter-shape]
note=
config.threshold=100
config.minSize=1
config.maxSize=Infinity
config.excludeOnEdges=false
config.redirect=false
config.maps=false
config.fractal=false
config.composites=false
config.arborization=false
config.filters=sphericity>=0.0 compactness>=0.0 elongation>=1.0 feret_diameter_max>=0.0
sweep=FULL
input.dims=16x16x8
input.bitDepth=8
input.channels=1
input.frames=1
input.calibration=pixel 1.0/1.0/1.0
outcome=ok
objectCount=0
foundObjects=false
survivingPerFilter=0,0,0,0
filterLabels=sphericity>=0.0 compactness>=0.0 elongation>=1.0 feret_diameter_max>=0.0
warnings.count=0
stats.rowCount=0
label.dims=16x16x8
label.present=true
label.bitDepth=8
label.digest=4d611c92b2a22e7bb1eb0c525151364656f6833e178c68146e3d699d99fd9786
label.partition=419cd2c826b51f8ca2d8a18a9df706664b2d7c3ef9c29d33af63843acd1d999c
label.distinct=0
label.dense=true
label.max=0
label.rle=0:2048
summary=conn-diag-z: 0 objects detected (Size filter set to 1-Infinity voxels, threshold set to: 100).
stats.columns=Volume (pixel^3)|Surface (pixel^2)|Nb of obj. voxels|Nb of surf. voxels|IntDen|Mean|StdDev|Median|Min|Max|X|Y|Z|XM|YM|ZM|BX|BY|BZ|B-width|B-height|B-depth|Label|Morph_Sphericity|Morph_Compactness|Morph_Elongation|Morph_Feret3D_um
[record fixture=conn-diag-z case=A config=ext-fractal]
note=
config.threshold=100
config.minSize=1
config.maxSize=Infinity
config.excludeOnEdges=false
config.redirect=false
config.maps=false
config.fractal=true
config.composites=false
config.arborization=false
config.filters=
sweep=FULL
input.dims=16x16x8
input.bitDepth=8
input.channels=1
input.frames=1
input.calibration=pixel 1.0/1.0/1.0
outcome=ok
objectCount=1
foundObjects=true
survivingPerFilter=
filterLabels=
warnings.count=0
stats.rowCount=1
label.dims=16x16x8
label.present=true
label.bitDepth=8
label.digest=9b552440367e019a08f7fe9d37dfeb9d9fa4a52714310680786101c4238d6ff7
label.partition=3ef4848aa50ef5193559fb3f250d6814230a16e46e271c96dd5647ba8e2f281b
label.distinct=1
label.dense=true
label.max=1
label.rle=0:34 1:1 0:272 1:1 0:272 1:1 0:272 1:1 0:272 1:1 0:272 1:1 0:648
summary=conn-diag-z: 1 objects detected (Size filter set to 1-Infinity voxels, threshold set to: 100). Morphology means: Size=6, Volume=6, Surface area=36, Mean intensity=200, Max intensity=200, Max Feret diameter=8.66.
stats.columns=Volume (pixel^3)|Surface (pixel^2)|Nb of obj. voxels|Nb of surf. voxels|IntDen|Mean|StdDev|Median|Min|Max|X|Y|Z|XM|YM|ZM|BX|BY|BZ|B-width|B-height|B-depth|Label|Morph_Sphericity|Morph_Compactness|Morph_Elongation|Morph_Feret3D_um|Morph_FractalDim_XY|Morph_FractalDim_XY_R2|Morph_LacunarityMean_XY|Morph_LacunaritySpread_XY
stats.row.0=6.0|36.0|6.0|6.0|1200.0|200.0|0.0|200.0|200.0|200.0|4.5|4.5|2.5|4.5|4.5|2.5|2.0|2.0|0.0|6.0|6.0|6.0|1.0|NaN|NaN|NaN|8.660254037844387|NaN|NaN|NaN|NaN
[record fixture=conn-diag-z case=A config=ext-composites]
note=
config.threshold=100
config.minSize=1
config.maxSize=Infinity
config.excludeOnEdges=false
config.redirect=false
config.maps=false
config.fractal=false
config.composites=true
config.arborization=false
config.filters=
sweep=FULL
input.dims=16x16x8
input.bitDepth=8
input.channels=1
input.frames=1
input.calibration=pixel 1.0/1.0/1.0
outcome=ok
objectCount=1
foundObjects=true
survivingPerFilter=
filterLabels=
warnings.count=0
stats.rowCount=1
label.dims=16x16x8
label.present=true
label.bitDepth=8
label.digest=9b552440367e019a08f7fe9d37dfeb9d9fa4a52714310680786101c4238d6ff7
label.partition=3ef4848aa50ef5193559fb3f250d6814230a16e46e271c96dd5647ba8e2f281b
label.distinct=1
label.dense=true
label.max=1
label.rle=0:34 1:1 0:272 1:1 0:272 1:1 0:272 1:1 0:272 1:1 0:272 1:1 0:648
summary=conn-diag-z: 1 objects detected (Size filter set to 1-Infinity voxels, threshold set to: 100). Morphology means: Size=6, Volume=6, Surface area=36, Mean intensity=200, Max intensity=200, Max Feret diameter=8.66.
stats.columns=Volume (pixel^3)|Surface (pixel^2)|Nb of obj. voxels|Nb of surf. voxels|IntDen|Mean|StdDev|Median|Min|Max|X|Y|Z|XM|YM|ZM|BX|BY|BZ|B-width|B-height|B-depth|Label|Morph_Sphericity|Morph_Compactness|Morph_Elongation|Morph_Feret3D_um|Morph_RI|Morph_SRI|Morph_PB|Morph_MP|Morph_VSD
stats.row.0=6.0|36.0|6.0|6.0|1200.0|200.0|0.0|200.0|200.0|200.0|4.5|4.5|2.5|4.5|4.5|2.5|2.0|2.0|0.0|6.0|6.0|6.0|1.0|NaN|NaN|NaN|8.660254037844387|NaN|NaN|NaN|NaN|NaN
[record fixture=conn-diag-z case=A config=ext-arborization]
note=
config.threshold=100
config.minSize=1
config.maxSize=Infinity
config.excludeOnEdges=false
config.redirect=false
config.maps=false
config.fractal=false
config.composites=false
config.arborization=true
config.filters=
sweep=FULL
input.dims=16x16x8
input.bitDepth=8
input.channels=1
input.frames=1
input.calibration=pixel 1.0/1.0/1.0
outcome=ok
objectCount=1
foundObjects=true
survivingPerFilter=
filterLabels=
warnings.count=1
warnings.0=Warning: arborization measurements were unavailable: Fiji Skeletonize3D was not available or did not produce a usable skeleton. The internal thinning implementation is disabled until its numerical parity with Fiji has been certified.
stats.rowCount=1
label.dims=16x16x8
label.present=true
label.bitDepth=8
label.digest=9b552440367e019a08f7fe9d37dfeb9d9fa4a52714310680786101c4238d6ff7
label.partition=3ef4848aa50ef5193559fb3f250d6814230a16e46e271c96dd5647ba8e2f281b
label.distinct=1
label.dense=true
label.max=1
label.rle=0:34 1:1 0:272 1:1 0:272 1:1 0:272 1:1 0:272 1:1 0:272 1:1 0:648
summary=conn-diag-z: 1 objects detected (Size filter set to 1-Infinity voxels, threshold set to: 100). Morphology means: Size=6, Volume=6, Surface area=36, Mean intensity=200, Max intensity=200, Max Feret diameter=8.66.
stats.columns=Volume (pixel^3)|Surface (pixel^2)|Nb of obj. voxels|Nb of surf. voxels|IntDen|Mean|StdDev|Median|Min|Max|X|Y|Z|XM|YM|ZM|BX|BY|BZ|B-width|B-height|B-depth|Label|Morph_Sphericity|Morph_Compactness|Morph_Elongation|Morph_Feret3D_um|Morph_ShollCriticalRadius_um|Morph_ShollCriticalIntersections|Morph_ShollSchoenenIndex|Morph_ShollPrimaryBranches|Morph_SkeletonBranches|Morph_SkeletonJunctions|Morph_SkeletonEndpoints|Morph_SkeletonVoxels|Morph_ArborizationBackend
stats.row.0=6.0|36.0|6.0|6.0|1200.0|200.0|0.0|200.0|200.0|200.0|4.5|4.5|2.5|4.5|4.5|2.5|2.0|2.0|0.0|6.0|6.0|6.0|1.0|NaN|NaN|NaN|8.660254037844387|NaN|NaN|NaN|NaN|NaN|NaN|NaN|NaN|Unavailable
[record fixture=conn-diag-z case=A config=ext-all-with-maps]
note=
config.threshold=100
config.minSize=1
config.maxSize=Infinity
config.excludeOnEdges=false
config.redirect=true
config.maps=true
config.fractal=true
config.composites=true
config.arborization=true
config.filters=
sweep=FULL
input.dims=16x16x8
input.bitDepth=8
input.channels=1
input.frames=1
input.calibration=pixel 1.0/1.0/1.0
outcome=ok
objectCount=1
foundObjects=true
survivingPerFilter=
filterLabels=
warnings.count=1
warnings.0=Warning: arborization measurements were unavailable: Fiji Skeletonize3D was not available or did not produce a usable skeleton. The internal thinning implementation is disabled until its numerical parity with Fiji has been certified.
stats.rowCount=1
label.dims=16x16x8
label.present=true
label.bitDepth=8
label.digest=9b552440367e019a08f7fe9d37dfeb9d9fa4a52714310680786101c4238d6ff7
label.partition=3ef4848aa50ef5193559fb3f250d6814230a16e46e271c96dd5647ba8e2f281b
label.distinct=1
label.dense=true
label.max=1
label.rle=0:34 1:1 0:272 1:1 0:272 1:1 0:272 1:1 0:272 1:1 0:272 1:1 0:648
summary=conn-diag-z: 1 objects detected (Size filter set to 1-Infinity voxels, threshold set to: 100). Morphology means: Size=6, Volume=6, Surface area=36, Mean intensity=125.667, Max intensity=241, Max Feret diameter=8.66.
maps.built=true
map.objects.dims=16x16x8
map.objects.pixels=cde406083ba79573ae0adc76c50036f2fcdca12f6590c35265277c6ed4a5fdc7
map.objects.partition=3ef4848aa50ef5193559fb3f250d6814230a16e46e271c96dd5647ba8e2f281b
map.objects.overlay=1:c6d58f56ee25cc5a9b37071443c0efdeacfff3e910cdf9c64cfc8e53e299d71f
map.objects.overlaySkipped=null
map.surfaces.dims=16x16x8
map.surfaces.pixels=cde406083ba79573ae0adc76c50036f2fcdca12f6590c35265277c6ed4a5fdc7
map.surfaces.partition=3ef4848aa50ef5193559fb3f250d6814230a16e46e271c96dd5647ba8e2f281b
map.surfaces.overlay=1:c6d58f56ee25cc5a9b37071443c0efdeacfff3e910cdf9c64cfc8e53e299d71f
map.surfaces.overlaySkipped=null
map.centroids.dims=16x16x8
map.centroids.pixels=bf622c916f430a737eb5f415cd5e2c617e4b4a06d6f4c981262722f079a800ca
map.centroids.partition=e74f3fc3a227cf32f28c7e4223ff38bae7f866bf625995a05e892fa35b4c3fd6
map.centroids.overlay=1:c6d58f56ee25cc5a9b37071443c0efdeacfff3e910cdf9c64cfc8e53e299d71f
map.centroids.overlaySkipped=null
map.centersOfMass.dims=16x16x8
map.centersOfMass.pixels=bf622c916f430a737eb5f415cd5e2c617e4b4a06d6f4c981262722f079a800ca
map.centersOfMass.partition=e74f3fc3a227cf32f28c7e4223ff38bae7f866bf625995a05e892fa35b4c3fd6
map.centersOfMass.overlay=1:c6d58f56ee25cc5a9b37071443c0efdeacfff3e910cdf9c64cfc8e53e299d71f
map.centersOfMass.overlaySkipped=null
stats.columns=Volume (pixel^3)|Surface (pixel^2)|Nb of obj. voxels|Nb of surf. voxels|IntDen|Mean|StdDev|Median|Min|Max|X|Y|Z|XM|YM|ZM|BX|BY|BZ|B-width|B-height|B-depth|Label|Morph_Sphericity|Morph_Compactness|Morph_Elongation|Morph_Feret3D_um|Morph_FractalDim_XY|Morph_FractalDim_XY_R2|Morph_LacunarityMean_XY|Morph_LacunaritySpread_XY|Morph_RI|Morph_SRI|Morph_PB|Morph_MP|Morph_VSD|Morph_ShollCriticalRadius_um|Morph_ShollCriticalIntersections|Morph_ShollSchoenenIndex|Morph_ShollPrimaryBranches|Morph_SkeletonBranches|Morph_SkeletonJunctions|Morph_SkeletonEndpoints|Morph_SkeletonVoxels|Morph_ArborizationBackend
stats.row.0=6.0|36.0|6.0|6.0|754.0|125.66666666666667|74.1881991214835|200.0|39.0|241.0|4.5|4.5|2.5|4.805039787798409|4.805039787798409|2.8050397877984086|2.0|2.0|0.0|6.0|6.0|6.0|1.0|NaN|NaN|NaN|8.660254037844387|NaN|NaN|NaN|NaN|NaN|NaN|NaN|NaN|NaN|NaN|NaN|NaN|NaN|NaN|NaN|NaN|NaN|Unavailable
