# oc3dplus-equivalence-goldens v1
# build=e6d0e2e fixture=corner-x1y1z1 records=15
# Immutable. Never regenerate a golden to make a diff disappear.
[record fixture=corner-x1y1z1 case=A config=default]
note=KNOWN FAILING on this build: Counter3D.findObjects sizes IDcount as new int[tag] and tag is bumped at the start of the next voxel's iteration, so a foreground final voxel that starts a new object indexes one past the end. Recorded as a golden with its exception text, not as a gap in the corpus.
config.threshold=100
config.minSize=1
config.maxSize=Infinity
config.excludeOnEdges=false
config.redirect=false
config.maps=false
config.fractal=false
config.composites=false
config.arborization=false
config.filters=
sweep=FULL
input.dims=8x8x4
input.bitDepth=8
input.channels=1
input.frames=1
input.calibration=pixel 1.0/1.0/1.0
outcome=exception
exception.class=java.lang.ArrayIndexOutOfBoundsException
exception.message=<not recorded: HotSpot OmitStackTraceInFastThrow makes the message of this exception type depend on JIT state; see Counter3DDefectTest>
exception.cause=none
[record fixture=corner-x1y1z1 case=A config=thr-all-foreground]
note=KNOWN FAILING on this build: Counter3D.findObjects sizes IDcount as new int[tag] and tag is bumped at the start of the next voxel's iteration, so a foreground final voxel that starts a new object indexes one past the end. Recorded as a golden with its exception text, not as a gap in the corpus.
config.threshold=0
config.minSize=1
config.maxSize=Infinity
config.excludeOnEdges=false
config.redirect=false
config.maps=false
config.fractal=false
config.composites=false
config.arborization=false
config.filters=
sweep=FULL
input.dims=8x8x4
input.bitDepth=8
input.channels=1
input.frames=1
input.calibration=pixel 1.0/1.0/1.0
outcome=exception
exception.class=java.lang.ArrayIndexOutOfBoundsException
exception.message=<not recorded: HotSpot OmitStackTraceInFastThrow makes the message of this exception type depend on JIT state; see Counter3DDefectTest>
exception.cause=none
[record fixture=corner-x1y1z1 case=A config=thr-empty]
note=KNOWN FAILING on this build: Counter3D.findObjects sizes IDcount as new int[tag] and tag is bumped at the start of the next voxel's iteration, so a foreground final voxel that starts a new object indexes one past the end. Recorded as a golden with its exception text, not as a gap in the corpus.
config.threshold=201
config.minSize=1
config.maxSize=Infinity
config.excludeOnEdges=false
config.redirect=false
config.maps=false
config.fractal=false
config.composites=false
config.arborization=false
config.filters=
sweep=FULL
input.dims=8x8x4
input.bitDepth=8
input.channels=1
input.frames=1
input.calibration=pixel 1.0/1.0/1.0
outcome=ok
objectCount=0
foundObjects=false
survivingPerFilter=
filterLabels=
warnings.count=0
stats.rowCount=0
label.dims=8x8x4
label.present=true
label.bitDepth=8
label.digest=de3f8a308adae7890762900f27b762b406c50d7b1f47c8f7572947772e7affb0
label.partition=146bf43e0fddb6546d6ed35d60174a593e2b37be34504f98ffce6be525a04c4a
label.distinct=0
label.dense=true
label.max=0
label.rle=0:256
summary=corner-x1y1z1: 0 objects detected (Size filter set to 1-Infinity voxels, threshold set to: 201).
stats.columns=Volume (pixel^3)|Surface (pixel^2)|Nb of obj. voxels|Nb of surf. voxels|IntDen|Mean|StdDev|Min|Max|X|Y|Z|XM|YM|ZM|Morph_Sphericity|Morph_Compactness|Morph_Elongation|Morph_Feret3D_um|BX|BY|BZ|B-width|B-height|B-depth|Label
[record fixture=corner-x1y1z1 case=A config=edges-on]
note=KNOWN FAILING on this build: Counter3D.findObjects sizes IDcount as new int[tag] and tag is bumped at the start of the next voxel's iteration, so a foreground final voxel that starts a new object indexes one past the end. Recorded as a golden with its exception text, not as a gap in the corpus.
config.threshold=100
config.minSize=1
config.maxSize=Infinity
config.excludeOnEdges=true
config.redirect=false
config.maps=false
config.fractal=false
config.composites=false
config.arborization=false
config.filters=
sweep=FULL
input.dims=8x8x4
input.bitDepth=8
input.channels=1
input.frames=1
input.calibration=pixel 1.0/1.0/1.0
outcome=exception
exception.class=java.lang.ArrayIndexOutOfBoundsException
exception.message=<not recorded: HotSpot OmitStackTraceInFastThrow makes the message of this exception type depend on JIT state; see Counter3DDefectTest>
exception.cause=none
[record fixture=corner-x1y1z1 case=A config=minsize-8]
note=KNOWN FAILING on this build: Counter3D.findObjects sizes IDcount as new int[tag] and tag is bumped at the start of the next voxel's iteration, so a foreground final voxel that starts a new object indexes one past the end. Recorded as a golden with its exception text, not as a gap in the corpus.
config.threshold=100
config.minSize=8
config.maxSize=Infinity
config.excludeOnEdges=false
config.redirect=false
config.maps=false
config.fractal=false
config.composites=false
config.arborization=false
config.filters=
sweep=FULL
input.dims=8x8x4
input.bitDepth=8
input.channels=1
input.frames=1
input.calibration=pixel 1.0/1.0/1.0
outcome=exception
exception.class=java.lang.ArrayIndexOutOfBoundsException
exception.message=<not recorded: HotSpot OmitStackTraceInFastThrow makes the message of this exception type depend on JIT state; see Counter3DDefectTest>
exception.cause=none
[record fixture=corner-x1y1z1 case=A config=maxsize-30]
note=KNOWN FAILING on this build: Counter3D.findObjects sizes IDcount as new int[tag] and tag is bumped at the start of the next voxel's iteration, so a foreground final voxel that starts a new object indexes one past the end. Recorded as a golden with its exception text, not as a gap in the corpus.
config.threshold=100
config.minSize=1
config.maxSize=30
config.excludeOnEdges=false
config.redirect=false
config.maps=false
config.fractal=false
config.composites=false
config.arborization=false
config.filters=
sweep=FULL
input.dims=8x8x4
input.bitDepth=8
input.channels=1
input.frames=1
input.calibration=pixel 1.0/1.0/1.0
outcome=exception
exception.class=java.lang.ArrayIndexOutOfBoundsException
exception.message=<not recorded: HotSpot OmitStackTraceInFastThrow makes the message of this exception type depend on JIT state; see Counter3DDefectTest>
exception.cause=none
[record fixture=corner-x1y1z1 case=A config=size-window-8-100]
note=KNOWN FAILING on this build: Counter3D.findObjects sizes IDcount as new int[tag] and tag is bumped at the start of the next voxel's iteration, so a foreground final voxel that starts a new object indexes one past the end. Recorded as a golden with its exception text, not as a gap in the corpus.
config.threshold=100
config.minSize=8
config.maxSize=100
config.excludeOnEdges=false
config.redirect=false
config.maps=false
config.fractal=false
config.composites=false
config.arborization=false
config.filters=
sweep=FULL
input.dims=8x8x4
input.bitDepth=8
input.channels=1
input.frames=1
input.calibration=pixel 1.0/1.0/1.0
outcome=exception
exception.class=java.lang.ArrayIndexOutOfBoundsException
exception.message=<not recorded: HotSpot OmitStackTraceInFastThrow makes the message of this exception type depend on JIT state; see Counter3DDefectTest>
exception.cause=none
[record fixture=corner-x1y1z1 case=A config=redirect-on]
note=KNOWN FAILING on this build: Counter3D.findObjects sizes IDcount as new int[tag] and tag is bumped at the start of the next voxel's iteration, so a foreground final voxel that starts a new object indexes one past the end. Recorded as a golden with its exception text, not as a gap in the corpus.
config.threshold=100
config.minSize=1
config.maxSize=Infinity
config.excludeOnEdges=false
config.redirect=true
config.maps=false
config.fractal=false
config.composites=false
config.arborization=false
config.filters=
sweep=FULL
input.dims=8x8x4
input.bitDepth=8
input.channels=1
input.frames=1
input.calibration=pixel 1.0/1.0/1.0
outcome=exception
exception.class=java.lang.ArrayIndexOutOfBoundsException
exception.message=<not recorded: HotSpot OmitStackTraceInFastThrow makes the message of this exception type depend on JIT state; see Counter3DDefectTest>
exception.cause=none
[record fixture=corner-x1y1z1 case=A config=maps-on]
note=KNOWN FAILING on this build: Counter3D.findObjects sizes IDcount as new int[tag] and tag is bumped at the start of the next voxel's iteration, so a foreground final voxel that starts a new object indexes one past the end. Recorded as a golden with its exception text, not as a gap in the corpus.
config.threshold=100
config.minSize=1
config.maxSize=Infinity
config.excludeOnEdges=false
config.redirect=false
config.maps=true
config.fractal=false
config.composites=false
config.arborization=false
config.filters=
sweep=FULL
input.dims=8x8x4
input.bitDepth=8
input.channels=1
input.frames=1
input.calibration=pixel 1.0/1.0/1.0
outcome=exception
exception.class=java.lang.ArrayIndexOutOfBoundsException
exception.message=<not recorded: HotSpot OmitStackTraceInFastThrow makes the message of this exception type depend on JIT state; see Counter3DDefectTest>
exception.cause=none
[record fixture=corner-x1y1z1 case=A config=filter-volume]
note=KNOWN FAILING on this build: Counter3D.findObjects sizes IDcount as new int[tag] and tag is bumped at the start of the next voxel's iteration, so a foreground final voxel that starts a new object indexes one past the end. Recorded as a golden with its exception text, not as a gap in the corpus.
config.threshold=100
config.minSize=1
config.maxSize=Infinity
config.excludeOnEdges=false
config.redirect=false
config.maps=false
config.fractal=false
config.composites=false
config.arborization=false
config.filters=volume>=8.0
sweep=FULL
input.dims=8x8x4
input.bitDepth=8
input.channels=1
input.frames=1
input.calibration=pixel 1.0/1.0/1.0
outcome=exception
exception.class=java.lang.ArrayIndexOutOfBoundsException
exception.message=<not recorded: HotSpot OmitStackTraceInFastThrow makes the message of this exception type depend on JIT state; see Counter3DDefectTest>
exception.cause=none
[record fixture=corner-x1y1z1 case=A config=filter-shape]
note=KNOWN FAILING on this build: Counter3D.findObjects sizes IDcount as new int[tag] and tag is bumped at the start of the next voxel's iteration, so a foreground final voxel that starts a new object indexes one past the end. Recorded as a golden with its exception text, not as a gap in the corpus.
config.threshold=100
config.minSize=1
config.maxSize=Infinity
config.excludeOnEdges=false
config.redirect=false
config.maps=false
config.fractal=false
config.composites=false
config.arborization=false
config.filters=sphericity>=0.0 compactness>=0.0 elongation>=1.0 feret_diameter_max>=0.0
sweep=FULL
input.dims=8x8x4
input.bitDepth=8
input.channels=1
input.frames=1
input.calibration=pixel 1.0/1.0/1.0
outcome=exception
exception.class=java.lang.ArrayIndexOutOfBoundsException
exception.message=<not recorded: HotSpot OmitStackTraceInFastThrow makes the message of this exception type depend on JIT state; see Counter3DDefectTest>
exception.cause=none
[record fixture=corner-x1y1z1 case=A config=ext-fractal]
note=KNOWN FAILING on this build: Counter3D.findObjects sizes IDcount as new int[tag] and tag is bumped at the start of the next voxel's iteration, so a foreground final voxel that starts a new object indexes one past the end. Recorded as a golden with its exception text, not as a gap in the corpus.
config.threshold=100
config.minSize=1
config.maxSize=Infinity
config.excludeOnEdges=false
config.redirect=false
config.maps=false
config.fractal=true
config.composites=false
config.arborization=false
config.filters=
sweep=FULL
input.dims=8x8x4
input.bitDepth=8
input.channels=1
input.frames=1
input.calibration=pixel 1.0/1.0/1.0
outcome=exception
exception.class=java.lang.ArrayIndexOutOfBoundsException
exception.message=<not recorded: HotSpot OmitStackTraceInFastThrow makes the message of this exception type depend on JIT state; see Counter3DDefectTest>
exception.cause=none
[record fixture=corner-x1y1z1 case=A config=ext-composites]
note=KNOWN FAILING on this build: Counter3D.findObjects sizes IDcount as new int[tag] and tag is bumped at the start of the next voxel's iteration, so a foreground final voxel that starts a new object indexes one past the end. Recorded as a golden with its exception text, not as a gap in the corpus.
config.threshold=100
config.minSize=1
config.maxSize=Infinity
config.excludeOnEdges=false
config.redirect=false
config.maps=false
config.fractal=false
config.composites=true
config.arborization=false
config.filters=
sweep=FULL
input.dims=8x8x4
input.bitDepth=8
input.channels=1
input.frames=1
input.calibration=pixel 1.0/1.0/1.0
outcome=exception
exception.class=java.lang.ArrayIndexOutOfBoundsException
exception.message=<not recorded: HotSpot OmitStackTraceInFastThrow makes the message of this exception type depend on JIT state; see Counter3DDefectTest>
exception.cause=none
[record fixture=corner-x1y1z1 case=A config=ext-arborization]
note=KNOWN FAILING on this build: Counter3D.findObjects sizes IDcount as new int[tag] and tag is bumped at the start of the next voxel's iteration, so a foreground final voxel that starts a new object indexes one past the end. Recorded as a golden with its exception text, not as a gap in the corpus.
config.threshold=100
config.minSize=1
config.maxSize=Infinity
config.excludeOnEdges=false
config.redirect=false
config.maps=false
config.fractal=false
config.composites=false
config.arborization=true
config.filters=
sweep=FULL
input.dims=8x8x4
input.bitDepth=8
input.channels=1
input.frames=1
input.calibration=pixel 1.0/1.0/1.0
outcome=exception
exception.class=java.lang.ArrayIndexOutOfBoundsException
exception.message=<not recorded: HotSpot OmitStackTraceInFastThrow makes the message of this exception type depend on JIT state; see Counter3DDefectTest>
exception.cause=none
[record fixture=corner-x1y1z1 case=A config=ext-all-with-maps]
note=KNOWN FAILING on this build: Counter3D.findObjects sizes IDcount as new int[tag] and tag is bumped at the start of the next voxel's iteration, so a foreground final voxel that starts a new object indexes one past the end. Recorded as a golden with its exception text, not as a gap in the corpus.
config.threshold=100
config.minSize=1
config.maxSize=Infinity
config.excludeOnEdges=false
config.redirect=true
config.maps=true
config.fractal=true
config.composites=true
config.arborization=true
config.filters=
sweep=FULL
input.dims=8x8x4
input.bitDepth=8
input.channels=1
input.frames=1
input.calibration=pixel 1.0/1.0/1.0
outcome=exception
exception.class=java.lang.ArrayIndexOutOfBoundsException
exception.message=<not recorded: HotSpot OmitStackTraceInFastThrow makes the message of this exception type depend on JIT state; see Counter3DDefectTest>
exception.cause=none
