# oc3dplus-equivalence-goldens v1
# build=e6d0e2e fixture=corner-x0y1z0 records=15
# Immutable. Never regenerate a golden to make a diff disappear.
[record fixture=corner-x0y1z0 case=A config=default]
note=
config.threshold=100
config.minSize=1
config.maxSize=Infinity
config.excludeOnEdges=false
config.redirect=false
config.maps=false
config.fractal=false
config.composites=false
config.arborization=false
config.filters=
sweep=FULL
input.dims=8x8x4
input.bitDepth=8
input.channels=1
input.frames=1
input.calibration=pixel 1.0/1.0/1.0
outcome=ok
objectCount=1
foundObjects=true
survivingPerFilter=
filterLabels=
warnings.count=0
stats.rowCount=1
label.dims=8x8x4
label.present=true
label.bitDepth=8
label.digest=1b9b0297cfababad084761fcda728796edcd1ab627294510bbf8380d600d3e96
label.partition=9b260b9a00390b7dc05dc1388a3b3c48f3d4623f73af59969fc21e9ad681b637
label.distinct=1
label.dense=true
label.max=1
label.rle=0:56 1:1 0:199
summary=corner-x0y1z0: 1 objects detected (Size filter set to 1-Infinity voxels, threshold set to: 100). Morphology means: Size=1, Volume=1, Surface area=6, Mean intensity=200, Max intensity=200, Max Feret diameter=0.
stats.columns=Volume (pixel^3)|Surface (pixel^2)|Nb of obj. voxels|Nb of surf. voxels|IntDen|Mean|StdDev|Median|Min|Max|X|Y|Z|XM|YM|ZM|BX|BY|BZ|B-width|B-height|B-depth|Label|Morph_Sphericity|Morph_Compactness|Morph_Elongation|Morph_Feret3D_um
stats.row.0=1.0|6.0|1.0|1.0|200.0|200.0|0.0|200.0|200.0|200.0|0.0|7.0|0.0|0.0|7.0|0.0|0.0|7.0|0.0|1.0|1.0|1.0|1.0|NaN|NaN|NaN|0.0
[record fixture=corner-x0y1z0 case=A config=thr-all-foreground]
note=
config.threshold=0
config.minSize=1
config.maxSize=Infinity
config.excludeOnEdges=false
config.redirect=false
config.maps=false
config.fractal=false
config.composites=false
config.arborization=false
config.filters=
sweep=FULL
input.dims=8x8x4
input.bitDepth=8
input.channels=1
input.frames=1
input.calibration=pixel 1.0/1.0/1.0
outcome=ok
objectCount=1
foundObjects=true
survivingPerFilter=
filterLabels=
warnings.count=0
stats.rowCount=1
label.dims=8x8x4
label.present=true
label.bitDepth=8
label.digest=1b9b0297cfababad084761fcda728796edcd1ab627294510bbf8380d600d3e96
label.partition=9b260b9a00390b7dc05dc1388a3b3c48f3d4623f73af59969fc21e9ad681b637
label.distinct=1
label.dense=true
label.max=1
label.rle=0:56 1:1 0:199
summary=corner-x0y1z0: 1 objects detected (Size filter set to 1-Infinity voxels, threshold set to: 0). Morphology means: Size=1, Volume=1, Surface area=6, Mean intensity=200, Max intensity=200, Max Feret diameter=0.
stats.columns=Volume (pixel^3)|Surface (pixel^2)|Nb of obj. voxels|Nb of surf. voxels|IntDen|Mean|StdDev|Median|Min|Max|X|Y|Z|XM|YM|ZM|BX|BY|BZ|B-width|B-height|B-depth|Label|Morph_Sphericity|Morph_Compactness|Morph_Elongation|Morph_Feret3D_um
stats.row.0=1.0|6.0|1.0|1.0|200.0|200.0|0.0|200.0|200.0|200.0|0.0|7.0|0.0|0.0|7.0|0.0|0.0|7.0|0.0|1.0|1.0|1.0|1.0|NaN|NaN|NaN|0.0
[record fixture=corner-x0y1z0 case=A config=thr-empty]
note=
config.threshold=201
config.minSize=1
config.maxSize=Infinity
config.excludeOnEdges=false
config.redirect=false
config.maps=false
config.fractal=false
config.composites=false
config.arborization=false
config.filters=
sweep=FULL
input.dims=8x8x4
input.bitDepth=8
input.channels=1
input.frames=1
input.calibration=pixel 1.0/1.0/1.0
outcome=ok
objectCount=0
foundObjects=false
survivingPerFilter=
filterLabels=
warnings.count=0
stats.rowCount=0
label.dims=8x8x4
label.present=true
label.bitDepth=8
label.digest=de3f8a308adae7890762900f27b762b406c50d7b1f47c8f7572947772e7affb0
label.partition=146bf43e0fddb6546d6ed35d60174a593e2b37be34504f98ffce6be525a04c4a
label.distinct=0
label.dense=true
label.max=0
label.rle=0:256
summary=corner-x0y1z0: 0 objects detected (Size filter set to 1-Infinity voxels, threshold set to: 201).
stats.columns=Volume (pixel^3)|Surface (pixel^2)|Nb of obj. voxels|Nb of surf. voxels|IntDen|Mean|StdDev|Min|Max|X|Y|Z|XM|YM|ZM|Morph_Sphericity|Morph_Compactness|Morph_Elongation|Morph_Feret3D_um|BX|BY|BZ|B-width|B-height|B-depth|Label
[record fixture=corner-x0y1z0 case=A config=edges-on]
note=
config.threshold=100
config.minSize=1
config.maxSize=Infinity
config.excludeOnEdges=true
config.redirect=false
config.maps=false
config.fractal=false
config.composites=false
config.arborization=false
config.filters=
sweep=FULL
input.dims=8x8x4
input.bitDepth=8
input.channels=1
input.frames=1
input.calibration=pixel 1.0/1.0/1.0
outcome=ok
objectCount=0
foundObjects=false
survivingPerFilter=
filterLabels=
warnings.count=0
stats.rowCount=0
label.dims=8x8x4
label.present=true
label.bitDepth=8
label.digest=de3f8a308adae7890762900f27b762b406c50d7b1f47c8f7572947772e7affb0
label.partition=146bf43e0fddb6546d6ed35d60174a593e2b37be34504f98ffce6be525a04c4a
label.distinct=0
label.dense=true
label.max=0
label.rle=0:256
summary=corner-x0y1z0: 0 objects detected (Size filter set to 1-Infinity voxels, threshold set to: 100).
stats.columns=Volume (pixel^3)|Surface (pixel^2)|Nb of obj. voxels|Nb of surf. voxels|IntDen|Mean|StdDev|Min|Max|X|Y|Z|XM|YM|ZM|Morph_Sphericity|Morph_Compactness|Morph_Elongation|Morph_Feret3D_um|BX|BY|BZ|B-width|B-height|B-depth|Label
[record fixture=corner-x0y1z0 case=A config=minsize-8]
note=
config.threshold=100
config.minSize=8
config.maxSize=Infinity
config.excludeOnEdges=false
config.redirect=false
config.maps=false
config.fractal=false
config.composites=false
config.arborization=false
config.filters=
sweep=FULL
input.dims=8x8x4
input.bitDepth=8
input.channels=1
input.frames=1
input.calibration=pixel 1.0/1.0/1.0
outcome=ok
objectCount=0
foundObjects=false
survivingPerFilter=
filterLabels=
warnings.count=0
stats.rowCount=0
label.dims=8x8x4
label.present=true
label.bitDepth=8
label.digest=de3f8a308adae7890762900f27b762b406c50d7b1f47c8f7572947772e7affb0
label.partition=146bf43e0fddb6546d6ed35d60174a593e2b37be34504f98ffce6be525a04c4a
label.distinct=0
label.dense=true
label.max=0
label.rle=0:256
summary=corner-x0y1z0: 0 objects detected (Size filter set to 8-Infinity voxels, threshold set to: 100).
stats.columns=Volume (pixel^3)|Surface (pixel^2)|Nb of obj. voxels|Nb of surf. voxels|IntDen|Mean|StdDev|Min|Max|X|Y|Z|XM|YM|ZM|Morph_Sphericity|Morph_Compactness|Morph_Elongation|Morph_Feret3D_um|BX|BY|BZ|B-width|B-height|B-depth|Label
[record fixture=corner-x0y1z0 case=A config=maxsize-30]
note=
config.threshold=100
config.minSize=1
config.maxSize=30
config.excludeOnEdges=false
config.redirect=false
config.maps=false
config.fractal=false
config.composites=false
config.arborization=false
config.filters=
sweep=FULL
input.dims=8x8x4
input.bitDepth=8
input.channels=1
input.frames=1
input.calibration=pixel 1.0/1.0/1.0
outcome=ok
objectCount=1
foundObjects=true
survivingPerFilter=
filterLabels=
warnings.count=0
stats.rowCount=1
label.dims=8x8x4
label.present=true
label.bitDepth=8
label.digest=1b9b0297cfababad084761fcda728796edcd1ab627294510bbf8380d600d3e96
label.partition=9b260b9a00390b7dc05dc1388a3b3c48f3d4623f73af59969fc21e9ad681b637
label.distinct=1
label.dense=true
label.max=1
label.rle=0:56 1:1 0:199
summary=corner-x0y1z0: 1 objects detected (Size filter set to 1-30 voxels, threshold set to: 100). Morphology means: Size=1, Volume=1, Surface area=6, Mean intensity=200, Max intensity=200, Max Feret diameter=0.
stats.columns=Volume (pixel^3)|Surface (pixel^2)|Nb of obj. voxels|Nb of surf. voxels|IntDen|Mean|StdDev|Median|Min|Max|X|Y|Z|XM|YM|ZM|BX|BY|BZ|B-width|B-height|B-depth|Label|Morph_Sphericity|Morph_Compactness|Morph_Elongation|Morph_Feret3D_um
stats.row.0=1.0|6.0|1.0|1.0|200.0|200.0|0.0|200.0|200.0|200.0|0.0|7.0|0.0|0.0|7.0|0.0|0.0|7.0|0.0|1.0|1.0|1.0|1.0|NaN|NaN|NaN|0.0
[record fixture=corner-x0y1z0 case=A config=size-window-8-100]
note=
config.threshold=100
config.minSize=8
config.maxSize=100
config.excludeOnEdges=false
config.redirect=false
config.maps=false
config.fractal=false
config.composites=false
config.arborization=false
config.filters=
sweep=FULL
input.dims=8x8x4
input.bitDepth=8
input.channels=1
input.frames=1
input.calibration=pixel 1.0/1.0/1.0
outcome=ok
objectCount=0
foundObjects=false
survivingPerFilter=
filterLabels=
warnings.count=0
stats.rowCount=0
label.dims=8x8x4
label.present=true
label.bitDepth=8
label.digest=de3f8a308adae7890762900f27b762b406c50d7b1f47c8f7572947772e7affb0
label.partition=146bf43e0fddb6546d6ed35d60174a593e2b37be34504f98ffce6be525a04c4a
label.distinct=0
label.dense=true
label.max=0
label.rle=0:256
summary=corner-x0y1z0: 0 objects detected (Size filter set to 8-100 voxels, threshold set to: 100).
stats.columns=Volume (pixel^3)|Surface (pixel^2)|Nb of obj. voxels|Nb of surf. voxels|IntDen|Mean|StdDev|Min|Max|X|Y|Z|XM|YM|ZM|Morph_Sphericity|Morph_Compactness|Morph_Elongation|Morph_Feret3D_um|BX|BY|BZ|B-width|B-height|B-depth|Label
[record fixture=corner-x0y1z0 case=A config=redirect-on]
note=
config.threshold=100
config.minSize=1
config.maxSize=Infinity
config.excludeOnEdges=false
config.redirect=true
config.maps=false
config.fractal=false
config.composites=false
config.arborization=false
config.filters=
sweep=FULL
input.dims=8x8x4
input.bitDepth=8
input.channels=1
input.frames=1
input.calibration=pixel 1.0/1.0/1.0
outcome=ok
objectCount=1
foundObjects=true
survivingPerFilter=
filterLabels=
warnings.count=0
stats.rowCount=1
label.dims=8x8x4
label.present=true
label.bitDepth=8
label.digest=1b9b0297cfababad084761fcda728796edcd1ab627294510bbf8380d600d3e96
label.partition=9b260b9a00390b7dc05dc1388a3b3c48f3d4623f73af59969fc21e9ad681b637
label.distinct=1
label.dense=true
label.max=1
label.rle=0:56 1:1 0:199
summary=corner-x0y1z0: 1 objects detected (Size filter set to 1-Infinity voxels, threshold set to: 100). Morphology means: Size=1, Volume=1, Surface area=6, Mean intensity=96, Max intensity=96, Max Feret diameter=0.
stats.columns=Volume (pixel^3)|Surface (pixel^2)|Nb of obj. voxels|Nb of surf. voxels|IntDen|Mean|StdDev|Median|Min|Max|X|Y|Z|XM|YM|ZM|BX|BY|BZ|B-width|B-height|B-depth|Label|Morph_Sphericity|Morph_Compactness|Morph_Elongation|Morph_Feret3D_um
stats.row.0=1.0|6.0|1.0|1.0|96.0|96.0|0.0|200.0|96.0|96.0|0.0|7.0|0.0|0.0|7.0|0.0|0.0|7.0|0.0|1.0|1.0|1.0|1.0|NaN|NaN|NaN|0.0
[record fixture=corner-x0y1z0 case=A config=maps-on]
note=
config.threshold=100
config.minSize=1
config.maxSize=Infinity
config.excludeOnEdges=false
config.redirect=false
config.maps=true
config.fractal=false
config.composites=false
config.arborization=false
config.filters=
sweep=FULL
input.dims=8x8x4
input.bitDepth=8
input.channels=1
input.frames=1
input.calibration=pixel 1.0/1.0/1.0
outcome=ok
objectCount=1
foundObjects=true
survivingPerFilter=
filterLabels=
warnings.count=0
stats.rowCount=1
label.dims=8x8x4
label.present=true
label.bitDepth=8
label.digest=1b9b0297cfababad084761fcda728796edcd1ab627294510bbf8380d600d3e96
label.partition=9b260b9a00390b7dc05dc1388a3b3c48f3d4623f73af59969fc21e9ad681b637
label.distinct=1
label.dense=true
label.max=1
label.rle=0:56 1:1 0:199
summary=corner-x0y1z0: 1 objects detected (Size filter set to 1-Infinity voxels, threshold set to: 100). Morphology means: Size=1, Volume=1, Surface area=6, Mean intensity=200, Max intensity=200, Max Feret diameter=0.
maps.built=true
map.objects.dims=8x8x4
map.objects.pixels=85f852cfd6532d6434455602c2d2410afa67dd3354255b095a2e20dc9f602e7d
map.objects.partition=9b260b9a00390b7dc05dc1388a3b3c48f3d4623f73af59969fc21e9ad681b637
map.objects.overlay=1:963c6c4c46a8c2b8bd7ae5f43279f7d297af62867f6c1ccac48d0658906c038f
map.objects.overlaySkipped=null
map.surfaces.dims=8x8x4
map.surfaces.pixels=85f852cfd6532d6434455602c2d2410afa67dd3354255b095a2e20dc9f602e7d
map.surfaces.partition=9b260b9a00390b7dc05dc1388a3b3c48f3d4623f73af59969fc21e9ad681b637
map.surfaces.overlay=1:963c6c4c46a8c2b8bd7ae5f43279f7d297af62867f6c1ccac48d0658906c038f
map.surfaces.overlaySkipped=null
map.centroids.dims=8x8x4
map.centroids.pixels=85f852cfd6532d6434455602c2d2410afa67dd3354255b095a2e20dc9f602e7d
map.centroids.partition=9b260b9a00390b7dc05dc1388a3b3c48f3d4623f73af59969fc21e9ad681b637
map.centroids.overlay=1:963c6c4c46a8c2b8bd7ae5f43279f7d297af62867f6c1ccac48d0658906c038f
map.centroids.overlaySkipped=null
map.centersOfMass.dims=8x8x4
map.centersOfMass.pixels=85f852cfd6532d6434455602c2d2410afa67dd3354255b095a2e20dc9f602e7d
map.centersOfMass.partition=9b260b9a00390b7dc05dc1388a3b3c48f3d4623f73af59969fc21e9ad681b637
map.centersOfMass.overlay=1:963c6c4c46a8c2b8bd7ae5f43279f7d297af62867f6c1ccac48d0658906c038f
map.centersOfMass.overlaySkipped=null
stats.columns=Volume (pixel^3)|Surface (pixel^2)|Nb of obj. voxels|Nb of surf. voxels|IntDen|Mean|StdDev|Median|Min|Max|X|Y|Z|XM|YM|ZM|BX|BY|BZ|B-width|B-height|B-depth|Label|Morph_Sphericity|Morph_Compactness|Morph_Elongation|Morph_Feret3D_um
stats.row.0=1.0|6.0|1.0|1.0|200.0|200.0|0.0|200.0|200.0|200.0|0.0|7.0|0.0|0.0|7.0|0.0|0.0|7.0|0.0|1.0|1.0|1.0|1.0|NaN|NaN|NaN|0.0
[record fixture=corner-x0y1z0 case=A config=filter-volume]
note=
config.threshold=100
config.minSize=1
config.maxSize=Infinity
config.excludeOnEdges=false
config.redirect=false
config.maps=false
config.fractal=false
config.composites=false
config.arborization=false
config.filters=volume>=8.0
sweep=FULL
input.dims=8x8x4
input.bitDepth=8
input.channels=1
input.frames=1
input.calibration=pixel 1.0/1.0/1.0
outcome=ok
objectCount=0
foundObjects=false
survivingPerFilter=0
filterLabels=volume>=8.0
warnings.count=0
stats.rowCount=0
label.dims=8x8x4
label.present=true
label.bitDepth=8
label.digest=de3f8a308adae7890762900f27b762b406c50d7b1f47c8f7572947772e7affb0
label.partition=146bf43e0fddb6546d6ed35d60174a593e2b37be34504f98ffce6be525a04c4a
label.distinct=0
label.dense=true
label.max=0
label.rle=0:256
summary=corner-x0y1z0: 0 objects detected (Size filter set to 1-Infinity voxels, threshold set to: 100).
stats.columns=Volume (pixel^3)|Surface (pixel^2)|Nb of obj. voxels|Nb of surf. voxels|IntDen|Mean|StdDev|Median|Min|Max|X|Y|Z|XM|YM|ZM|BX|BY|BZ|B-width|B-height|B-depth|Label|Morph_Sphericity|Morph_Compactness|Morph_Elongation|Morph_Feret3D_um
[record fixture=corner-x0y1z0 case=A config=filter-shape]
note=
config.threshold=100
config.minSize=1
config.maxSize=Infinity
config.excludeOnEdges=false
config.redirect=false
config.maps=false
config.fractal=false
config.composites=false
config.arborization=false
config.filters=sphericity>=0.0 compactness>=0.0 elongation>=1.0 feret_diameter_max>=0.0
sweep=FULL
input.dims=8x8x4
input.bitDepth=8
input.channels=1
input.frames=1
input.calibration=pixel 1.0/1.0/1.0
outcome=ok
objectCount=0
foundObjects=false
survivingPerFilter=0,0,0,0
filterLabels=sphericity>=0.0 compactness>=0.0 elongation>=1.0 feret_diameter_max>=0.0
warnings.count=0
stats.rowCount=0
label.dims=8x8x4
label.present=true
label.bitDepth=8
label.digest=de3f8a308adae7890762900f27b762b406c50d7b1f47c8f7572947772e7affb0
label.partition=146bf43e0fddb6546d6ed35d60174a593e2b37be34504f98ffce6be525a04c4a
label.distinct=0
label.dense=true
label.max=0
label.rle=0:256
summary=corner-x0y1z0: 0 objects detected (Size filter set to 1-Infinity voxels, threshold set to: 100).
stats.columns=Volume (pixel^3)|Surface (pixel^2)|Nb of obj. voxels|Nb of surf. voxels|IntDen|Mean|StdDev|Median|Min|Max|X|Y|Z|XM|YM|ZM|BX|BY|BZ|B-width|B-height|B-depth|Label|Morph_Sphericity|Morph_Compactness|Morph_Elongation|Morph_Feret3D_um
[record fixture=corner-x0y1z0 case=A config=ext-fractal]
note=
config.threshold=100
config.minSize=1
config.maxSize=Infinity
config.excludeOnEdges=false
config.redirect=false
config.maps=false
config.fractal=true
config.composites=false
config.arborization=false
config.filters=
sweep=FULL
input.dims=8x8x4
input.bitDepth=8
input.channels=1
input.frames=1
input.calibration=pixel 1.0/1.0/1.0
outcome=ok
objectCount=1
foundObjects=true
survivingPerFilter=
filterLabels=
warnings.count=0
stats.rowCount=1
label.dims=8x8x4
label.present=true
label.bitDepth=8
label.digest=1b9b0297cfababad084761fcda728796edcd1ab627294510bbf8380d600d3e96
label.partition=9b260b9a00390b7dc05dc1388a3b3c48f3d4623f73af59969fc21e9ad681b637
label.distinct=1
label.dense=true
label.max=1
label.rle=0:56 1:1 0:199
summary=corner-x0y1z0: 1 objects detected (Size filter set to 1-Infinity voxels, threshold set to: 100). Morphology means: Size=1, Volume=1, Surface area=6, Mean intensity=200, Max intensity=200, Max Feret diameter=0.
stats.columns=Volume (pixel^3)|Surface (pixel^2)|Nb of obj. voxels|Nb of surf. voxels|IntDen|Mean|StdDev|Median|Min|Max|X|Y|Z|XM|YM|ZM|BX|BY|BZ|B-width|B-height|B-depth|Label|Morph_Sphericity|Morph_Compactness|Morph_Elongation|Morph_Feret3D_um|Morph_FractalDim_XY|Morph_FractalDim_XY_R2|Morph_LacunarityMean_XY|Morph_LacunaritySpread_XY
stats.row.0=1.0|6.0|1.0|1.0|200.0|200.0|0.0|200.0|200.0|200.0|0.0|7.0|0.0|0.0|7.0|0.0|0.0|7.0|0.0|1.0|1.0|1.0|1.0|NaN|NaN|NaN|0.0|NaN|NaN|NaN|NaN
[record fixture=corner-x0y1z0 case=A config=ext-composites]
note=
config.threshold=100
config.minSize=1
config.maxSize=Infinity
config.excludeOnEdges=false
config.redirect=false
config.maps=false
config.fractal=false
config.composites=true
config.arborization=false
config.filters=
sweep=FULL
input.dims=8x8x4
input.bitDepth=8
input.channels=1
input.frames=1
input.calibration=pixel 1.0/1.0/1.0
outcome=ok
objectCount=1
foundObjects=true
survivingPerFilter=
filterLabels=
warnings.count=0
stats.rowCount=1
label.dims=8x8x4
label.present=true
label.bitDepth=8
label.digest=1b9b0297cfababad084761fcda728796edcd1ab627294510bbf8380d600d3e96
label.partition=9b260b9a00390b7dc05dc1388a3b3c48f3d4623f73af59969fc21e9ad681b637
label.distinct=1
label.dense=true
label.max=1
label.rle=0:56 1:1 0:199
summary=corner-x0y1z0: 1 objects detected (Size filter set to 1-Infinity voxels, threshold set to: 100). Morphology means: Size=1, Volume=1, Surface area=6, Mean intensity=200, Max intensity=200, Max Feret diameter=0.
stats.columns=Volume (pixel^3)|Surface (pixel^2)|Nb of obj. voxels|Nb of surf. voxels|IntDen|Mean|StdDev|Median|Min|Max|X|Y|Z|XM|YM|ZM|BX|BY|BZ|B-width|B-height|B-depth|Label|Morph_Sphericity|Morph_Compactness|Morph_Elongation|Morph_Feret3D_um|Morph_RI|Morph_SRI|Morph_PB|Morph_MP|Morph_VSD
stats.row.0=1.0|6.0|1.0|1.0|200.0|200.0|0.0|200.0|200.0|200.0|0.0|7.0|0.0|0.0|7.0|0.0|0.0|7.0|0.0|1.0|1.0|1.0|1.0|NaN|NaN|NaN|0.0|NaN|NaN|NaN|NaN|NaN
[record fixture=corner-x0y1z0 case=A config=ext-arborization]
note=
config.threshold=100
config.minSize=1
config.maxSize=Infinity
config.excludeOnEdges=false
config.redirect=false
config.maps=false
config.fractal=false
config.composites=false
config.arborization=true
config.filters=
sweep=FULL
input.dims=8x8x4
input.bitDepth=8
input.channels=1
input.frames=1
input.calibration=pixel 1.0/1.0/1.0
outcome=ok
objectCount=1
foundObjects=true
survivingPerFilter=
filterLabels=
warnings.count=1
warnings.0=Warning: arborization measurements were unavailable: Fiji Skeletonize3D was not available or did not produce a usable skeleton. The internal thinning implementation is disabled until its numerical parity with Fiji has been certified.
stats.rowCount=1
label.dims=8x8x4
label.present=true
label.bitDepth=8
label.digest=1b9b0297cfababad084761fcda728796edcd1ab627294510bbf8380d600d3e96
label.partition=9b260b9a00390b7dc05dc1388a3b3c48f3d4623f73af59969fc21e9ad681b637
label.distinct=1
label.dense=true
label.max=1
label.rle=0:56 1:1 0:199
summary=corner-x0y1z0: 1 objects detected (Size filter set to 1-Infinity voxels, threshold set to: 100). Morphology means: Size=1, Volume=1, Surface area=6, Mean intensity=200, Max intensity=200, Max Feret diameter=0.
stats.columns=Volume (pixel^3)|Surface (pixel^2)|Nb of obj. voxels|Nb of surf. voxels|IntDen|Mean|StdDev|Median|Min|Max|X|Y|Z|XM|YM|ZM|BX|BY|BZ|B-width|B-height|B-depth|Label|Morph_Sphericity|Morph_Compactness|Morph_Elongation|Morph_Feret3D_um|Morph_ShollCriticalRadius_um|Morph_ShollCriticalIntersections|Morph_ShollSchoenenIndex|Morph_ShollPrimaryBranches|Morph_SkeletonBranches|Morph_SkeletonJunctions|Morph_SkeletonEndpoints|Morph_SkeletonVoxels|Morph_ArborizationBackend
stats.row.0=1.0|6.0|1.0|1.0|200.0|200.0|0.0|200.0|200.0|200.0|0.0|7.0|0.0|0.0|7.0|0.0|0.0|7.0|0.0|1.0|1.0|1.0|1.0|NaN|NaN|NaN|0.0|NaN|NaN|NaN|NaN|NaN|NaN|NaN|NaN|Unavailable
[record fixture=corner-x0y1z0 case=A config=ext-all-with-maps]
note=
config.threshold=100
config.minSize=1
config.maxSize=Infinity
config.excludeOnEdges=false
config.redirect=true
config.maps=true
config.fractal=true
config.composites=true
config.arborization=true
config.filters=
sweep=FULL
input.dims=8x8x4
input.bitDepth=8
input.channels=1
input.frames=1
input.calibration=pixel 1.0/1.0/1.0
outcome=ok
objectCount=1
foundObjects=true
survivingPerFilter=
filterLabels=
warnings.count=1
warnings.0=Warning: arborization measurements were unavailable: Fiji Skeletonize3D was not available or did not produce a usable skeleton. The internal thinning implementation is disabled until its numerical parity with Fiji has been certified.
stats.rowCount=1
label.dims=8x8x4
label.present=true
label.bitDepth=8
label.digest=1b9b0297cfababad084761fcda728796edcd1ab627294510bbf8380d600d3e96
label.partition=9b260b9a00390b7dc05dc1388a3b3c48f3d4623f73af59969fc21e9ad681b637
label.distinct=1
label.dense=true
label.max=1
label.rle=0:56 1:1 0:199
summary=corner-x0y1z0: 1 objects detected (Size filter set to 1-Infinity voxels, threshold set to: 100). Morphology means: Size=1, Volume=1, Surface area=6, Mean intensity=96, Max intensity=96, Max Feret diameter=0.
maps.built=true
map.objects.dims=8x8x4
map.objects.pixels=85f852cfd6532d6434455602c2d2410afa67dd3354255b095a2e20dc9f602e7d
map.objects.partition=9b260b9a00390b7dc05dc1388a3b3c48f3d4623f73af59969fc21e9ad681b637
map.objects.overlay=1:963c6c4c46a8c2b8bd7ae5f43279f7d297af62867f6c1ccac48d0658906c038f
map.objects.overlaySkipped=null
map.surfaces.dims=8x8x4
map.surfaces.pixels=85f852cfd6532d6434455602c2d2410afa67dd3354255b095a2e20dc9f602e7d
map.surfaces.partition=9b260b9a00390b7dc05dc1388a3b3c48f3d4623f73af59969fc21e9ad681b637
map.surfaces.overlay=1:963c6c4c46a8c2b8bd7ae5f43279f7d297af62867f6c1ccac48d0658906c038f
map.surfaces.overlaySkipped=null
map.centroids.dims=8x8x4
map.centroids.pixels=85f852cfd6532d6434455602c2d2410afa67dd3354255b095a2e20dc9f602e7d
map.centroids.partition=9b260b9a00390b7dc05dc1388a3b3c48f3d4623f73af59969fc21e9ad681b637
map.centroids.overlay=1:963c6c4c46a8c2b8bd7ae5f43279f7d297af62867f6c1ccac48d0658906c038f
map.centroids.overlaySkipped=null
map.centersOfMass.dims=8x8x4
map.centersOfMass.pixels=85f852cfd6532d6434455602c2d2410afa67dd3354255b095a2e20dc9f602e7d
map.centersOfMass.partition=9b260b9a00390b7dc05dc1388a3b3c48f3d4623f73af59969fc21e9ad681b637
map.centersOfMass.overlay=1:963c6c4c46a8c2b8bd7ae5f43279f7d297af62867f6c1ccac48d0658906c038f
map.centersOfMass.overlaySkipped=null
stats.columns=Volume (pixel^3)|Surface (pixel^2)|Nb of obj. voxels|Nb of surf. voxels|IntDen|Mean|StdDev|Median|Min|Max|X|Y|Z|XM|YM|ZM|BX|BY|BZ|B-width|B-height|B-depth|Label|Morph_Sphericity|Morph_Compactness|Morph_Elongation|Morph_Feret3D_um|Morph_FractalDim_XY|Morph_FractalDim_XY_R2|Morph_LacunarityMean_XY|Morph_LacunaritySpread_XY|Morph_RI|Morph_SRI|Morph_PB|Morph_MP|Morph_VSD|Morph_ShollCriticalRadius_um|Morph_ShollCriticalIntersections|Morph_ShollSchoenenIndex|Morph_ShollPrimaryBranches|Morph_SkeletonBranches|Morph_SkeletonJunctions|Morph_SkeletonEndpoints|Morph_SkeletonVoxels|Morph_ArborizationBackend
stats.row.0=1.0|6.0|1.0|1.0|96.0|96.0|0.0|200.0|96.0|96.0|0.0|7.0|0.0|0.0|7.0|0.0|0.0|7.0|0.0|1.0|1.0|1.0|1.0|NaN|NaN|NaN|0.0|NaN|NaN|NaN|NaN|NaN|NaN|NaN|NaN|NaN|NaN|NaN|NaN|NaN|NaN|NaN|NaN|NaN|Unavailable
