# oc3dplus-equivalence-goldens v1
# build=e6d0e2e fixture=single-slice records=15
# Immutable. Never regenerate a golden to make a diff disappear.
[record fixture=single-slice case=A config=default]
note=
config.threshold=100
config.minSize=1
config.maxSize=Infinity
config.excludeOnEdges=false
config.redirect=false
config.maps=false
config.fractal=false
config.composites=false
config.arborization=false
config.filters=
sweep=FULL
input.dims=16x16x1
input.bitDepth=8
input.channels=1
input.frames=1
input.calibration=pixel 1.0/1.0/1.0
outcome=ok
objectCount=1
foundObjects=true
survivingPerFilter=
filterLabels=
warnings.count=0
stats.rowCount=1
label.dims=16x16x1
label.present=true
label.bitDepth=8
label.digest=3795f1abd368ffc9f2983259d9bb7a179b75f8c49f5b6a085f232a7571f67205
label.partition=715c3e5fb924d99e72f336b09e8f8c90e8b4afdc9800b35cc1107834949488bb
label.distinct=1
label.dense=true
label.max=1
label.rle=0:51 1:6 0:10 1:6 0:10 1:6 0:10 1:6 0:10 1:6 0:10 1:6 0:119
summary=single-slice: 1 objects detected (Size filter set to 1-Infinity voxels, threshold set to: 100). Morphology means: Size=36, Volume=36, Surface area=36, Sphericity=0.822, Compactness=0.556, Mean intensity=200, Max intensity=200, Max Feret diameter=7.071.
stats.columns=Volume (pixel^3)|Surface (pixel^2)|Nb of obj. voxels|Nb of surf. voxels|IntDen|Mean|StdDev|Median|Min|Max|X|Y|Z|XM|YM|ZM|BX|BY|BZ|B-width|B-height|B-depth|Label|Morph_Sphericity|Morph_Compactness|Morph_Elongation|Morph_Feret3D_um
stats.row.0=36.0|36.0|36.0|20.0|7200.0|200.0|0.0|200.0|200.0|200.0|5.5|5.5|0.0|5.5|5.5|0.0|3.0|3.0|0.0|6.0|6.0|1.0|1.0|0.822277461887952|0.5559748675415127|NaN|7.071067811865475
[record fixture=single-slice case=A config=thr-all-foreground]
note=
config.threshold=0
config.minSize=1
config.maxSize=Infinity
config.excludeOnEdges=false
config.redirect=false
config.maps=false
config.fractal=false
config.composites=false
config.arborization=false
config.filters=
sweep=FULL
input.dims=16x16x1
input.bitDepth=8
input.channels=1
input.frames=1
input.calibration=pixel 1.0/1.0/1.0
outcome=ok
objectCount=1
foundObjects=true
survivingPerFilter=
filterLabels=
warnings.count=0
stats.rowCount=1
label.dims=16x16x1
label.present=true
label.bitDepth=8
label.digest=3795f1abd368ffc9f2983259d9bb7a179b75f8c49f5b6a085f232a7571f67205
label.partition=715c3e5fb924d99e72f336b09e8f8c90e8b4afdc9800b35cc1107834949488bb
label.distinct=1
label.dense=true
label.max=1
label.rle=0:51 1:6 0:10 1:6 0:10 1:6 0:10 1:6 0:10 1:6 0:10 1:6 0:119
summary=single-slice: 1 objects detected (Size filter set to 1-Infinity voxels, threshold set to: 0). Morphology means: Size=36, Volume=36, Surface area=36, Sphericity=0.822, Compactness=0.556, Mean intensity=200, Max intensity=200, Max Feret diameter=7.071.
stats.columns=Volume (pixel^3)|Surface (pixel^2)|Nb of obj. voxels|Nb of surf. voxels|IntDen|Mean|StdDev|Median|Min|Max|X|Y|Z|XM|YM|ZM|BX|BY|BZ|B-width|B-height|B-depth|Label|Morph_Sphericity|Morph_Compactness|Morph_Elongation|Morph_Feret3D_um
stats.row.0=36.0|36.0|36.0|20.0|7200.0|200.0|0.0|200.0|200.0|200.0|5.5|5.5|0.0|5.5|5.5|0.0|3.0|3.0|0.0|6.0|6.0|1.0|1.0|0.822277461887952|0.5559748675415127|NaN|7.071067811865475
[record fixture=single-slice case=A config=thr-empty]
note=
config.threshold=201
config.minSize=1
config.maxSize=Infinity
config.excludeOnEdges=false
config.redirect=false
config.maps=false
config.fractal=false
config.composites=false
config.arborization=false
config.filters=
sweep=FULL
input.dims=16x16x1
input.bitDepth=8
input.channels=1
input.frames=1
input.calibration=pixel 1.0/1.0/1.0
outcome=ok
objectCount=0
foundObjects=false
survivingPerFilter=
filterLabels=
warnings.count=0
stats.rowCount=0
label.dims=16x16x1
label.present=true
label.bitDepth=8
label.digest=f81c681e0d6c5dad09c34b6d3243b6dbc02c35124bb0a887aca03e21b4d217b9
label.partition=296e6695695af0a384b1b3410c61708496e23cf4c16ef658c25b74fa5e14207c
label.distinct=0
label.dense=true
label.max=0
label.rle=0:256
summary=single-slice: 0 objects detected (Size filter set to 1-Infinity voxels, threshold set to: 201).
stats.columns=Volume (pixel^3)|Surface (pixel^2)|Nb of obj. voxels|Nb of surf. voxels|IntDen|Mean|StdDev|Min|Max|X|Y|Z|XM|YM|ZM|Morph_Sphericity|Morph_Compactness|Morph_Elongation|Morph_Feret3D_um|BX|BY|BZ|B-width|B-height|B-depth|Label
[record fixture=single-slice case=A config=edges-on]
note=
config.threshold=100
config.minSize=1
config.maxSize=Infinity
config.excludeOnEdges=true
config.redirect=false
config.maps=false
config.fractal=false
config.composites=false
config.arborization=false
config.filters=
sweep=FULL
input.dims=16x16x1
input.bitDepth=8
input.channels=1
input.frames=1
input.calibration=pixel 1.0/1.0/1.0
outcome=ok
objectCount=1
foundObjects=true
survivingPerFilter=
filterLabels=
warnings.count=0
stats.rowCount=1
label.dims=16x16x1
label.present=true
label.bitDepth=8
label.digest=3795f1abd368ffc9f2983259d9bb7a179b75f8c49f5b6a085f232a7571f67205
label.partition=715c3e5fb924d99e72f336b09e8f8c90e8b4afdc9800b35cc1107834949488bb
label.distinct=1
label.dense=true
label.max=1
label.rle=0:51 1:6 0:10 1:6 0:10 1:6 0:10 1:6 0:10 1:6 0:10 1:6 0:119
summary=single-slice: 1 objects detected (Size filter set to 1-Infinity voxels, threshold set to: 100). Morphology means: Size=36, Volume=36, Surface area=36, Sphericity=0.822, Compactness=0.556, Mean intensity=200, Max intensity=200, Max Feret diameter=7.071.
stats.columns=Volume (pixel^3)|Surface (pixel^2)|Nb of obj. voxels|Nb of surf. voxels|IntDen|Mean|StdDev|Median|Min|Max|X|Y|Z|XM|YM|ZM|BX|BY|BZ|B-width|B-height|B-depth|Label|Morph_Sphericity|Morph_Compactness|Morph_Elongation|Morph_Feret3D_um
stats.row.0=36.0|36.0|36.0|20.0|7200.0|200.0|0.0|200.0|200.0|200.0|5.5|5.5|0.0|5.5|5.5|0.0|3.0|3.0|0.0|6.0|6.0|1.0|1.0|0.822277461887952|0.5559748675415127|NaN|7.071067811865475
[record fixture=single-slice case=A config=minsize-8]
note=
config.threshold=100
config.minSize=8
config.maxSize=Infinity
config.excludeOnEdges=false
config.redirect=false
config.maps=false
config.fractal=false
config.composites=false
config.arborization=false
config.filters=
sweep=FULL
input.dims=16x16x1
input.bitDepth=8
input.channels=1
input.frames=1
input.calibration=pixel 1.0/1.0/1.0
outcome=ok
objectCount=1
foundObjects=true
survivingPerFilter=
filterLabels=
warnings.count=0
stats.rowCount=1
label.dims=16x16x1
label.present=true
label.bitDepth=8
label.digest=3795f1abd368ffc9f2983259d9bb7a179b75f8c49f5b6a085f232a7571f67205
label.partition=715c3e5fb924d99e72f336b09e8f8c90e8b4afdc9800b35cc1107834949488bb
label.distinct=1
label.dense=true
label.max=1
label.rle=0:51 1:6 0:10 1:6 0:10 1:6 0:10 1:6 0:10 1:6 0:10 1:6 0:119
summary=single-slice: 1 objects detected (Size filter set to 8-Infinity voxels, threshold set to: 100). Morphology means: Size=36, Volume=36, Surface area=36, Sphericity=0.822, Compactness=0.556, Mean intensity=200, Max intensity=200, Max Feret diameter=7.071.
stats.columns=Volume (pixel^3)|Surface (pixel^2)|Nb of obj. voxels|Nb of surf. voxels|IntDen|Mean|StdDev|Median|Min|Max|X|Y|Z|XM|YM|ZM|BX|BY|BZ|B-width|B-height|B-depth|Label|Morph_Sphericity|Morph_Compactness|Morph_Elongation|Morph_Feret3D_um
stats.row.0=36.0|36.0|36.0|20.0|7200.0|200.0|0.0|200.0|200.0|200.0|5.5|5.5|0.0|5.5|5.5|0.0|3.0|3.0|0.0|6.0|6.0|1.0|1.0|0.822277461887952|0.5559748675415127|NaN|7.071067811865475
[record fixture=single-slice case=A config=maxsize-30]
note=
config.threshold=100
config.minSize=1
config.maxSize=30
config.excludeOnEdges=false
config.redirect=false
config.maps=false
config.fractal=false
config.composites=false
config.arborization=false
config.filters=
sweep=FULL
input.dims=16x16x1
input.bitDepth=8
input.channels=1
input.frames=1
input.calibration=pixel 1.0/1.0/1.0
outcome=ok
objectCount=0
foundObjects=false
survivingPerFilter=
filterLabels=
warnings.count=0
stats.rowCount=0
label.dims=16x16x1
label.present=true
label.bitDepth=8
label.digest=f81c681e0d6c5dad09c34b6d3243b6dbc02c35124bb0a887aca03e21b4d217b9
label.partition=296e6695695af0a384b1b3410c61708496e23cf4c16ef658c25b74fa5e14207c
label.distinct=0
label.dense=true
label.max=0
label.rle=0:256
summary=single-slice: 0 objects detected (Size filter set to 1-30 voxels, threshold set to: 100).
stats.columns=Volume (pixel^3)|Surface (pixel^2)|Nb of obj. voxels|Nb of surf. voxels|IntDen|Mean|StdDev|Min|Max|X|Y|Z|XM|YM|ZM|Morph_Sphericity|Morph_Compactness|Morph_Elongation|Morph_Feret3D_um|BX|BY|BZ|B-width|B-height|B-depth|Label
[record fixture=single-slice case=A config=size-window-8-100]
note=
config.threshold=100
config.minSize=8
config.maxSize=100
config.excludeOnEdges=false
config.redirect=false
config.maps=false
config.fractal=false
config.composites=false
config.arborization=false
config.filters=
sweep=FULL
input.dims=16x16x1
input.bitDepth=8
input.channels=1
input.frames=1
input.calibration=pixel 1.0/1.0/1.0
outcome=ok
objectCount=1
foundObjects=true
survivingPerFilter=
filterLabels=
warnings.count=0
stats.rowCount=1
label.dims=16x16x1
label.present=true
label.bitDepth=8
label.digest=3795f1abd368ffc9f2983259d9bb7a179b75f8c49f5b6a085f232a7571f67205
label.partition=715c3e5fb924d99e72f336b09e8f8c90e8b4afdc9800b35cc1107834949488bb
label.distinct=1
label.dense=true
label.max=1
label.rle=0:51 1:6 0:10 1:6 0:10 1:6 0:10 1:6 0:10 1:6 0:10 1:6 0:119
summary=single-slice: 1 objects detected (Size filter set to 8-100 voxels, threshold set to: 100). Morphology means: Size=36, Volume=36, Surface area=36, Sphericity=0.822, Compactness=0.556, Mean intensity=200, Max intensity=200, Max Feret diameter=7.071.
stats.columns=Volume (pixel^3)|Surface (pixel^2)|Nb of obj. voxels|Nb of surf. voxels|IntDen|Mean|StdDev|Median|Min|Max|X|Y|Z|XM|YM|ZM|BX|BY|BZ|B-width|B-height|B-depth|Label|Morph_Sphericity|Morph_Compactness|Morph_Elongation|Morph_Feret3D_um
stats.row.0=36.0|36.0|36.0|20.0|7200.0|200.0|0.0|200.0|200.0|200.0|5.5|5.5|0.0|5.5|5.5|0.0|3.0|3.0|0.0|6.0|6.0|1.0|1.0|0.822277461887952|0.5559748675415127|NaN|7.071067811865475
[record fixture=single-slice case=A config=redirect-on]
note=
config.threshold=100
config.minSize=1
config.maxSize=Infinity
config.excludeOnEdges=false
config.redirect=true
config.maps=false
config.fractal=false
config.composites=false
config.arborization=false
config.filters=
sweep=FULL
input.dims=16x16x1
input.bitDepth=8
input.channels=1
input.frames=1
input.calibration=pixel 1.0/1.0/1.0
outcome=ok
objectCount=1
foundObjects=true
survivingPerFilter=
filterLabels=
warnings.count=0
stats.rowCount=1
label.dims=16x16x1
label.present=true
label.bitDepth=8
label.digest=3795f1abd368ffc9f2983259d9bb7a179b75f8c49f5b6a085f232a7571f67205
label.partition=715c3e5fb924d99e72f336b09e8f8c90e8b4afdc9800b35cc1107834949488bb
label.distinct=1
label.dense=true
label.max=1
label.rle=0:51 1:6 0:10 1:6 0:10 1:6 0:10 1:6 0:10 1:6 0:10 1:6 0:119
summary=single-slice: 1 objects detected (Size filter set to 1-Infinity voxels, threshold set to: 100). Morphology means: Size=36, Volume=36, Surface area=36, Sphericity=0.822, Compactness=0.556, Mean intensity=115, Max intensity=165, Max Feret diameter=7.071.
stats.columns=Volume (pixel^3)|Surface (pixel^2)|Nb of obj. voxels|Nb of surf. voxels|IntDen|Mean|StdDev|Median|Min|Max|X|Y|Z|XM|YM|ZM|BX|BY|BZ|B-width|B-height|B-depth|Label|Morph_Sphericity|Morph_Compactness|Morph_Elongation|Morph_Feret3D_um
stats.row.0=36.0|36.0|36.0|20.0|4140.0|115.0|25.215735827719442|200.0|65.0|165.0|5.5|5.5|0.0|5.677536231884058|5.829710144927536|0.0|3.0|3.0|0.0|6.0|6.0|1.0|1.0|0.822277461887952|0.5559748675415127|NaN|7.071067811865475
[record fixture=single-slice case=A config=maps-on]
note=
config.threshold=100
config.minSize=1
config.maxSize=Infinity
config.excludeOnEdges=false
config.redirect=false
config.maps=true
config.fractal=false
config.composites=false
config.arborization=false
config.filters=
sweep=FULL
input.dims=16x16x1
input.bitDepth=8
input.channels=1
input.frames=1
input.calibration=pixel 1.0/1.0/1.0
outcome=ok
objectCount=1
foundObjects=true
survivingPerFilter=
filterLabels=
warnings.count=0
stats.rowCount=1
label.dims=16x16x1
label.present=true
label.bitDepth=8
label.digest=3795f1abd368ffc9f2983259d9bb7a179b75f8c49f5b6a085f232a7571f67205
label.partition=715c3e5fb924d99e72f336b09e8f8c90e8b4afdc9800b35cc1107834949488bb
label.distinct=1
label.dense=true
label.max=1
label.rle=0:51 1:6 0:10 1:6 0:10 1:6 0:10 1:6 0:10 1:6 0:10 1:6 0:119
summary=single-slice: 1 objects detected (Size filter set to 1-Infinity voxels, threshold set to: 100). Morphology means: Size=36, Volume=36, Surface area=36, Sphericity=0.822, Compactness=0.556, Mean intensity=200, Max intensity=200, Max Feret diameter=7.071.
maps.built=true
map.objects.dims=16x16x1
map.objects.pixels=da650e8953c82a41eb07b71c4aa7f239181ec9d411592a24f45958f66e731f62
map.objects.partition=715c3e5fb924d99e72f336b09e8f8c90e8b4afdc9800b35cc1107834949488bb
map.objects.overlay=1:90b89f4baf607a899e5e02b896182c63f84e174e51e72ed7c4ab506720be49c3
map.objects.overlaySkipped=null
map.surfaces.dims=16x16x1
map.surfaces.pixels=da650e8953c82a41eb07b71c4aa7f239181ec9d411592a24f45958f66e731f62
map.surfaces.partition=715c3e5fb924d99e72f336b09e8f8c90e8b4afdc9800b35cc1107834949488bb
map.surfaces.overlay=1:90b89f4baf607a899e5e02b896182c63f84e174e51e72ed7c4ab506720be49c3
map.surfaces.overlaySkipped=null
map.centroids.dims=16x16x1
map.centroids.pixels=2f03f7236556c9bf86370e7d4fb87f845f996bbb9278efa62d2b75660003f140
map.centroids.partition=44e944d7f32aa73f0cccd924662956cbf03be03280b3f8977109176832d54207
map.centroids.overlay=1:90b89f4baf607a899e5e02b896182c63f84e174e51e72ed7c4ab506720be49c3
map.centroids.overlaySkipped=null
map.centersOfMass.dims=16x16x1
map.centersOfMass.pixels=2f03f7236556c9bf86370e7d4fb87f845f996bbb9278efa62d2b75660003f140
map.centersOfMass.partition=44e944d7f32aa73f0cccd924662956cbf03be03280b3f8977109176832d54207
map.centersOfMass.overlay=1:90b89f4baf607a899e5e02b896182c63f84e174e51e72ed7c4ab506720be49c3
map.centersOfMass.overlaySkipped=null
stats.columns=Volume (pixel^3)|Surface (pixel^2)|Nb of obj. voxels|Nb of surf. voxels|IntDen|Mean|StdDev|Median|Min|Max|X|Y|Z|XM|YM|ZM|BX|BY|BZ|B-width|B-height|B-depth|Label|Morph_Sphericity|Morph_Compactness|Morph_Elongation|Morph_Feret3D_um
stats.row.0=36.0|36.0|36.0|20.0|7200.0|200.0|0.0|200.0|200.0|200.0|5.5|5.5|0.0|5.5|5.5|0.0|3.0|3.0|0.0|6.0|6.0|1.0|1.0|0.822277461887952|0.5559748675415127|NaN|7.071067811865475
[record fixture=single-slice case=A config=filter-volume]
note=
config.threshold=100
config.minSize=1
config.maxSize=Infinity
config.excludeOnEdges=false
config.redirect=false
config.maps=false
config.fractal=false
config.composites=false
config.arborization=false
config.filters=volume>=8.0
sweep=FULL
input.dims=16x16x1
input.bitDepth=8
input.channels=1
input.frames=1
input.calibration=pixel 1.0/1.0/1.0
outcome=ok
objectCount=1
foundObjects=true
survivingPerFilter=1
filterLabels=volume>=8.0
warnings.count=0
stats.rowCount=1
label.dims=16x16x1
label.present=true
label.bitDepth=8
label.digest=3795f1abd368ffc9f2983259d9bb7a179b75f8c49f5b6a085f232a7571f67205
label.partition=715c3e5fb924d99e72f336b09e8f8c90e8b4afdc9800b35cc1107834949488bb
label.distinct=1
label.dense=true
label.max=1
label.rle=0:51 1:6 0:10 1:6 0:10 1:6 0:10 1:6 0:10 1:6 0:10 1:6 0:119
summary=single-slice: 1 objects detected (Size filter set to 1-Infinity voxels, threshold set to: 100). Morphology means: Size=36, Volume=36, Surface area=36, Sphericity=0.822, Compactness=0.556, Mean intensity=200, Max intensity=200, Max Feret diameter=7.071.
stats.columns=Volume (pixel^3)|Surface (pixel^2)|Nb of obj. voxels|Nb of surf. voxels|IntDen|Mean|StdDev|Median|Min|Max|X|Y|Z|XM|YM|ZM|BX|BY|BZ|B-width|B-height|B-depth|Label|Morph_Sphericity|Morph_Compactness|Morph_Elongation|Morph_Feret3D_um
stats.row.0=36.0|36.0|36.0|20.0|7200.0|200.0|0.0|200.0|200.0|200.0|5.5|5.5|0.0|5.5|5.5|0.0|3.0|3.0|0.0|6.0|6.0|1.0|1.0|0.822277461887952|0.5559748675415127|NaN|7.071067811865475
[record fixture=single-slice case=A config=filter-shape]
note=
config.threshold=100
config.minSize=1
config.maxSize=Infinity
config.excludeOnEdges=false
config.redirect=false
config.maps=false
config.fractal=false
config.composites=false
config.arborization=false
config.filters=sphericity>=0.0 compactness>=0.0 elongation>=1.0 feret_diameter_max>=0.0
sweep=FULL
input.dims=16x16x1
input.bitDepth=8
input.channels=1
input.frames=1
input.calibration=pixel 1.0/1.0/1.0
outcome=ok
objectCount=0
foundObjects=false
survivingPerFilter=1,1,0,0
filterLabels=sphericity>=0.0 compactness>=0.0 elongation>=1.0 feret_diameter_max>=0.0
warnings.count=0
stats.rowCount=0
label.dims=16x16x1
label.present=true
label.bitDepth=8
label.digest=f81c681e0d6c5dad09c34b6d3243b6dbc02c35124bb0a887aca03e21b4d217b9
label.partition=296e6695695af0a384b1b3410c61708496e23cf4c16ef658c25b74fa5e14207c
label.distinct=0
label.dense=true
label.max=0
label.rle=0:256
summary=single-slice: 0 objects detected (Size filter set to 1-Infinity voxels, threshold set to: 100).
stats.columns=Volume (pixel^3)|Surface (pixel^2)|Nb of obj. voxels|Nb of surf. voxels|IntDen|Mean|StdDev|Median|Min|Max|X|Y|Z|XM|YM|ZM|BX|BY|BZ|B-width|B-height|B-depth|Label|Morph_Sphericity|Morph_Compactness|Morph_Elongation|Morph_Feret3D_um
[record fixture=single-slice case=A config=ext-fractal]
note=
config.threshold=100
config.minSize=1
config.maxSize=Infinity
config.excludeOnEdges=false
config.redirect=false
config.maps=false
config.fractal=true
config.composites=false
config.arborization=false
config.filters=
sweep=FULL
input.dims=16x16x1
input.bitDepth=8
input.channels=1
input.frames=1
input.calibration=pixel 1.0/1.0/1.0
outcome=ok
objectCount=1
foundObjects=true
survivingPerFilter=
filterLabels=
warnings.count=0
stats.rowCount=1
label.dims=16x16x1
label.present=true
label.bitDepth=8
label.digest=3795f1abd368ffc9f2983259d9bb7a179b75f8c49f5b6a085f232a7571f67205
label.partition=715c3e5fb924d99e72f336b09e8f8c90e8b4afdc9800b35cc1107834949488bb
label.distinct=1
label.dense=true
label.max=1
label.rle=0:51 1:6 0:10 1:6 0:10 1:6 0:10 1:6 0:10 1:6 0:10 1:6 0:119
summary=single-slice: 1 objects detected (Size filter set to 1-Infinity voxels, threshold set to: 100). Morphology means: Size=36, Volume=36, Surface area=36, Sphericity=0.822, Compactness=0.556, Mean intensity=200, Max intensity=200, Max Feret diameter=7.071.
stats.columns=Volume (pixel^3)|Surface (pixel^2)|Nb of obj. voxels|Nb of surf. voxels|IntDen|Mean|StdDev|Median|Min|Max|X|Y|Z|XM|YM|ZM|BX|BY|BZ|B-width|B-height|B-depth|Label|Morph_Sphericity|Morph_Compactness|Morph_Elongation|Morph_Feret3D_um|Morph_FractalDim_XY|Morph_FractalDim_XY_R2|Morph_LacunarityMean_XY|Morph_LacunaritySpread_XY
stats.row.0=36.0|36.0|36.0|20.0|7200.0|200.0|0.0|200.0|200.0|200.0|5.5|5.5|0.0|5.5|5.5|0.0|3.0|3.0|0.0|6.0|6.0|1.0|1.0|0.822277461887952|0.5559748675415127|NaN|7.071067811865475|NaN|NaN|NaN|NaN
[record fixture=single-slice case=A config=ext-composites]
note=
config.threshold=100
config.minSize=1
config.maxSize=Infinity
config.excludeOnEdges=false
config.redirect=false
config.maps=false
config.fractal=false
config.composites=true
config.arborization=false
config.filters=
sweep=FULL
input.dims=16x16x1
input.bitDepth=8
input.channels=1
input.frames=1
input.calibration=pixel 1.0/1.0/1.0
outcome=ok
objectCount=1
foundObjects=true
survivingPerFilter=
filterLabels=
warnings.count=0
stats.rowCount=1
label.dims=16x16x1
label.present=true
label.bitDepth=8
label.digest=3795f1abd368ffc9f2983259d9bb7a179b75f8c49f5b6a085f232a7571f67205
label.partition=715c3e5fb924d99e72f336b09e8f8c90e8b4afdc9800b35cc1107834949488bb
label.distinct=1
label.dense=true
label.max=1
label.rle=0:51 1:6 0:10 1:6 0:10 1:6 0:10 1:6 0:10 1:6 0:10 1:6 0:119
summary=single-slice: 1 objects detected (Size filter set to 1-Infinity voxels, threshold set to: 100). Morphology means: Size=36, Volume=36, Surface area=36, Sphericity=0.822, Compactness=0.556, Mean intensity=200, Max intensity=200, Max Feret diameter=7.071.
stats.columns=Volume (pixel^3)|Surface (pixel^2)|Nb of obj. voxels|Nb of surf. voxels|IntDen|Mean|StdDev|Median|Min|Max|X|Y|Z|XM|YM|ZM|BX|BY|BZ|B-width|B-height|B-depth|Label|Morph_Sphericity|Morph_Compactness|Morph_Elongation|Morph_Feret3D_um|Morph_RI|Morph_SRI|Morph_PB|Morph_MP|Morph_VSD
stats.row.0=36.0|36.0|36.0|20.0|7200.0|200.0|0.0|200.0|200.0|200.0|5.5|5.5|0.0|5.5|5.5|0.0|3.0|3.0|0.0|6.0|6.0|1.0|1.0|0.822277461887952|0.5559748675415127|NaN|7.071067811865475|1.2161345121925102|0.36447157142406106|NaN|NaN|0.9921525057367411
[record fixture=single-slice case=A config=ext-arborization]
note=
config.threshold=100
config.minSize=1
config.maxSize=Infinity
config.excludeOnEdges=false
config.redirect=false
config.maps=false
config.fractal=false
config.composites=false
config.arborization=true
config.filters=
sweep=FULL
input.dims=16x16x1
input.bitDepth=8
input.channels=1
input.frames=1
input.calibration=pixel 1.0/1.0/1.0
outcome=ok
objectCount=1
foundObjects=true
survivingPerFilter=
filterLabels=
warnings.count=1
warnings.0=Warning: arborization measurements were unavailable: Fiji Skeletonize3D was not available or did not produce a usable skeleton. The internal thinning implementation is disabled until its numerical parity with Fiji has been certified.
stats.rowCount=1
label.dims=16x16x1
label.present=true
label.bitDepth=8
label.digest=3795f1abd368ffc9f2983259d9bb7a179b75f8c49f5b6a085f232a7571f67205
label.partition=715c3e5fb924d99e72f336b09e8f8c90e8b4afdc9800b35cc1107834949488bb
label.distinct=1
label.dense=true
label.max=1
label.rle=0:51 1:6 0:10 1:6 0:10 1:6 0:10 1:6 0:10 1:6 0:10 1:6 0:119
summary=single-slice: 1 objects detected (Size filter set to 1-Infinity voxels, threshold set to: 100). Morphology means: Size=36, Volume=36, Surface area=36, Sphericity=0.822, Compactness=0.556, Mean intensity=200, Max intensity=200, Max Feret diameter=7.071.
stats.columns=Volume (pixel^3)|Surface (pixel^2)|Nb of obj. voxels|Nb of surf. voxels|IntDen|Mean|StdDev|Median|Min|Max|X|Y|Z|XM|YM|ZM|BX|BY|BZ|B-width|B-height|B-depth|Label|Morph_Sphericity|Morph_Compactness|Morph_Elongation|Morph_Feret3D_um|Morph_ShollCriticalRadius_um|Morph_ShollCriticalIntersections|Morph_ShollSchoenenIndex|Morph_ShollPrimaryBranches|Morph_SkeletonBranches|Morph_SkeletonJunctions|Morph_SkeletonEndpoints|Morph_SkeletonVoxels|Morph_ArborizationBackend
stats.row.0=36.0|36.0|36.0|20.0|7200.0|200.0|0.0|200.0|200.0|200.0|5.5|5.5|0.0|5.5|5.5|0.0|3.0|3.0|0.0|6.0|6.0|1.0|1.0|0.822277461887952|0.5559748675415127|NaN|7.071067811865475|NaN|NaN|NaN|NaN|NaN|NaN|NaN|NaN|Unavailable
[record fixture=single-slice case=A config=ext-all-with-maps]
note=
config.threshold=100
config.minSize=1
config.maxSize=Infinity
config.excludeOnEdges=false
config.redirect=true
config.maps=true
config.fractal=true
config.composites=true
config.arborization=true
config.filters=
sweep=FULL
input.dims=16x16x1
input.bitDepth=8
input.channels=1
input.frames=1
input.calibration=pixel 1.0/1.0/1.0
outcome=ok
objectCount=1
foundObjects=true
survivingPerFilter=
filterLabels=
warnings.count=1
warnings.0=Warning: arborization measurements were unavailable: Fiji Skeletonize3D was not available or did not produce a usable skeleton. The internal thinning implementation is disabled until its numerical parity with Fiji has been certified.
stats.rowCount=1
label.dims=16x16x1
label.present=true
label.bitDepth=8
label.digest=3795f1abd368ffc9f2983259d9bb7a179b75f8c49f5b6a085f232a7571f67205
label.partition=715c3e5fb924d99e72f336b09e8f8c90e8b4afdc9800b35cc1107834949488bb
label.distinct=1
label.dense=true
label.max=1
label.rle=0:51 1:6 0:10 1:6 0:10 1:6 0:10 1:6 0:10 1:6 0:10 1:6 0:119
summary=single-slice: 1 objects detected (Size filter set to 1-Infinity voxels, threshold set to: 100). Morphology means: Size=36, Volume=36, Surface area=36, Sphericity=0.822, Compactness=0.556, Mean intensity=115, Max intensity=165, Max Feret diameter=7.071.
maps.built=true
map.objects.dims=16x16x1
map.objects.pixels=da650e8953c82a41eb07b71c4aa7f239181ec9d411592a24f45958f66e731f62
map.objects.partition=715c3e5fb924d99e72f336b09e8f8c90e8b4afdc9800b35cc1107834949488bb
map.objects.overlay=1:90b89f4baf607a899e5e02b896182c63f84e174e51e72ed7c4ab506720be49c3
map.objects.overlaySkipped=null
map.surfaces.dims=16x16x1
map.surfaces.pixels=da650e8953c82a41eb07b71c4aa7f239181ec9d411592a24f45958f66e731f62
map.surfaces.partition=715c3e5fb924d99e72f336b09e8f8c90e8b4afdc9800b35cc1107834949488bb
map.surfaces.overlay=1:90b89f4baf607a899e5e02b896182c63f84e174e51e72ed7c4ab506720be49c3
map.surfaces.overlaySkipped=null
map.centroids.dims=16x16x1
map.centroids.pixels=2f03f7236556c9bf86370e7d4fb87f845f996bbb9278efa62d2b75660003f140
map.centroids.partition=44e944d7f32aa73f0cccd924662956cbf03be03280b3f8977109176832d54207
map.centroids.overlay=1:90b89f4baf607a899e5e02b896182c63f84e174e51e72ed7c4ab506720be49c3
map.centroids.overlaySkipped=null
map.centersOfMass.dims=16x16x1
map.centersOfMass.pixels=2f03f7236556c9bf86370e7d4fb87f845f996bbb9278efa62d2b75660003f140
map.centersOfMass.partition=44e944d7f32aa73f0cccd924662956cbf03be03280b3f8977109176832d54207
map.centersOfMass.overlay=1:90b89f4baf607a899e5e02b896182c63f84e174e51e72ed7c4ab506720be49c3
map.centersOfMass.overlaySkipped=null
stats.columns=Volume (pixel^3)|Surface (pixel^2)|Nb of obj. voxels|Nb of surf. voxels|IntDen|Mean|StdDev|Median|Min|Max|X|Y|Z|XM|YM|ZM|BX|BY|BZ|B-width|B-height|B-depth|Label|Morph_Sphericity|Morph_Compactness|Morph_Elongation|Morph_Feret3D_um|Morph_FractalDim_XY|Morph_FractalDim_XY_R2|Morph_LacunarityMean_XY|Morph_LacunaritySpread_XY|Morph_RI|Morph_SRI|Morph_PB|Morph_MP|Morph_VSD|Morph_ShollCriticalRadius_um|Morph_ShollCriticalIntersections|Morph_ShollSchoenenIndex|Morph_ShollPrimaryBranches|Morph_SkeletonBranches|Morph_SkeletonJunctions|Morph_SkeletonEndpoints|Morph_SkeletonVoxels|Morph_ArborizationBackend
stats.row.0=36.0|36.0|36.0|20.0|4140.0|115.0|25.215735827719442|200.0|65.0|165.0|5.5|5.5|0.0|5.677536231884058|5.829710144927536|0.0|3.0|3.0|0.0|6.0|6.0|1.0|1.0|0.822277461887952|0.5559748675415127|NaN|7.071067811865475|NaN|NaN|NaN|NaN|1.2161345121925102|0.36447157142406106|NaN|NaN|0.9921525057367411|NaN|NaN|NaN|NaN|NaN|NaN|NaN|NaN|Unavailable
